
 Start         Length     Name                   Class
 0001:00401000 00016468H .text                   CODE
 0002:00418000 000003BCH .itext                  ICODE
 0003:00419000 00000E5CH .data                   DATA
 0004:0041A000 000049F4H .bss                    BSS
 0005:00000000 0000000CH .tls                    TLS


Detailed map of segments

 0001:00000000 00005715 C=CODE     S=.text    G=(none)   M=System   ACBP=A9
 0001:00005718 00000105 C=CODE     S=.text    G=(none)   M=SysInit  ACBP=A9
 0001:00005820 000002F8 C=CODE     S=.text    G=(none)   M=SysConst ACBP=A9
 0001:00005B18 0000019C C=CODE     S=.text    G=(none)   M=Windows  ACBP=A9
 0001:00005CB4 00006311 C=CODE     S=.text    G=(none)   M=SysUtils ACBP=A9
 0001:0000BFC8 000007EE C=CODE     S=.text    G=(none)   M=VarUtils ACBP=A9
 0001:0000C7B8 0000275C C=CODE     S=.text    G=(none)   M=Variants ACBP=A9
 0001:0000EF14 00000070 C=CODE     S=.text    G=(none)   M=RTLConsts ACBP=A9
 0001:0000EF84 0000007B C=CODE     S=.text    G=(none)   M=TypInfo  ACBP=A9
 0001:0000F000 00003D0D C=CODE     S=.text    G=(none)   M=Classes  ACBP=A9
 0001:00012D10 000002B1 C=CODE     S=.text    G=(none)   M=dccFlags ACBP=A9
 0001:00012FC4 00001169 C=CODE     S=.text    G=(none)   M=IniFiles ACBP=A9
 0001:00014130 00000058 C=CODE     S=.text    G=(none)   M=typ_dofReader ACBP=A9
 0001:00014188 0000007D C=CODE     S=.text    G=(none)   M=const_dofReader ACBP=A9
 0001:00014208 0000020C C=CODE     S=.text    G=(none)   M=dofreader ACBP=A9
 0001:00014414 000000DD C=CODE     S=.text    G=(none)   M=dofFlagExtractor ACBP=A9
 0001:000144F4 00000342 C=CODE     S=.text    G=(none)   M=dofCompilerFlags ACBP=A9
 0001:00014838 00000330 C=CODE     S=.text    G=(none)   M=tokenizer ACBP=A9
 0001:00014B68 000005A1 C=CODE     S=.text    G=(none)   M=dofDirectoriesFlags ACBP=A9
 0001:0001510C 000002A9 C=CODE     S=.text    G=(none)   M=dofLinkerFlags ACBP=A9
 0001:000153B8 00000CE2 C=CODE     S=.text    G=(none)   M=wantWriter ACBP=A9
 0001:0001609C 000003CC C=CODE     S=.text    G=(none)   M=dof2want ACBP=A9
 0002:00000000 00000095 C=ICODE    S=.itext   G=(none)   M=System   ACBP=A9
 0002:00000098 00000011 C=ICODE    S=.itext   G=(none)   M=Windows  ACBP=A9
 0002:000000AC 00000088 C=ICODE    S=.itext   G=(none)   M=SysUtils ACBP=A9
 0002:00000134 0000000F C=ICODE    S=.itext   G=(none)   M=VarUtils ACBP=A9
 0002:00000144 000000AA C=ICODE    S=.itext   G=(none)   M=Variants ACBP=A9
 0002:000001F0 00000008 C=ICODE    S=.itext   G=(none)   M=TypInfo  ACBP=A9
 0002:000001F8 00000092 C=ICODE    S=.itext   G=(none)   M=Classes  ACBP=A9
 0002:0000028C 00000008 C=ICODE    S=.itext   G=(none)   M=dccFlags ACBP=A9
 0002:00000294 00000008 C=ICODE    S=.itext   G=(none)   M=IniFiles ACBP=A9
 0002:0000029C 00000008 C=ICODE    S=.itext   G=(none)   M=const_dofReader ACBP=A9
 0002:000002A4 00000008 C=ICODE    S=.itext   G=(none)   M=dofCompilerFlags ACBP=A9
 0002:000002AC 00000008 C=ICODE    S=.itext   G=(none)   M=dofDirectoriesFlags ACBP=A9
 0002:000002B4 00000008 C=ICODE    S=.itext   G=(none)   M=dofLinkerFlags ACBP=A9
 0002:000002BC 00000100 C=ICODE    S=.itext   G=(none)   M=dof2want ACBP=A9
 0003:00000000 0000078C C=DATA     S=.data    G=DGROUP   M=System   ACBP=A9
 0003:0000078C 00000020 C=DATA     S=.data    G=DGROUP   M=SysInit  ACBP=A9
 0003:000007AC 0000024C C=DATA     S=.data    G=DGROUP   M=SysUtils ACBP=A9
 0003:000009F8 00000008 C=DATA     S=.data    G=DGROUP   M=VarUtils ACBP=A9
 0003:00000A00 00000076 C=DATA     S=.data    G=DGROUP   M=Variants ACBP=A9
 0003:00000A78 0000000C C=DATA     S=.data    G=DGROUP   M=TypInfo  ACBP=A9
 0003:00000A84 00000084 C=DATA     S=.data    G=DGROUP   M=Classes  ACBP=A9
 0003:00000B08 000000CC C=DATA     S=.data    G=DGROUP   M=dccFlags ACBP=A9
 0003:00000BD4 00000008 C=DATA     S=.data    G=DGROUP   M=IniFiles ACBP=A9
 0003:00000BDC 0000000C C=DATA     S=.data    G=DGROUP   M=const_dofReader ACBP=A9
 0003:00000BE8 0000004C C=DATA     S=.data    G=DGROUP   M=dofCompilerFlags ACBP=A9
 0003:00000C34 00000008 C=DATA     S=.data    G=DGROUP   M=dofDirectoriesFlags ACBP=A9
 0003:00000C3C 00000008 C=DATA     S=.data    G=DGROUP   M=dofLinkerFlags ACBP=A9
 0004:00000000 000027EC C=BSS      S=.bss     G=DGROUP   M=System   ACBP=A9
 0004:000027EC 0000000C C=BSS      S=.bss     G=DGROUP   M=SysInit  ACBP=A9
 0004:000027F8 00000008 C=BSS      S=.bss     G=DGROUP   M=Windows  ACBP=A9
 0004:00002800 00002108 C=BSS      S=.bss     G=DGROUP   M=SysUtils ACBP=A9
 0004:00004908 0000005C C=BSS      S=.bss     G=DGROUP   M=VarUtils ACBP=A9
 0004:00004964 00000040 C=BSS      S=.bss     G=DGROUP   M=Variants ACBP=A9
 0004:000049A4 00000004 C=BSS      S=.bss     G=DGROUP   M=TypInfo  ACBP=A9
 0004:000049A8 00000034 C=BSS      S=.bss     G=DGROUP   M=Classes  ACBP=A9
 0004:000049DC 00000004 C=BSS      S=.bss     G=DGROUP   M=dccFlags ACBP=A9
 0004:000049E0 00000004 C=BSS      S=.bss     G=DGROUP   M=IniFiles ACBP=A9
 0004:000049E4 00000004 C=BSS      S=.bss     G=DGROUP   M=const_dofReader ACBP=A9
 0004:000049E8 00000004 C=BSS      S=.bss     G=DGROUP   M=dofCompilerFlags ACBP=A9
 0004:000049EC 00000004 C=BSS      S=.bss     G=DGROUP   M=dofDirectoriesFlags ACBP=A9
 0004:000049F0 00000004 C=BSS      S=.bss     G=DGROUP   M=dofLinkerFlags ACBP=A9
 0005:00000000 00000008 C=TLS      S=.tls     G=(none)   M=System   ACBP=A9
 0005:00000008 00000004 C=TLS      S=.tls     G=(none)   M=Classes  ACBP=A9


  Address             Publics by Name

 0004:000049B0       Classes..95
 0001:0000F0BC       Classes..EFCreateError
 0001:0000F170       Classes..EFilerError
 0001:0000F05C       Classes..EFileStreamError
 0001:0000F118       Classes..EFOpenError
 0001:0000F278       Classes..EListError
 0001:0000F1C8       Classes..EReadError
 0001:0000F000       Classes..EStreamError
 0001:0000F2D0       Classes..EStringListError
 0001:0000F220       Classes..EWriteError
 0001:0000F880       Classes..TCustomMemoryStream
 0001:0000F7F8       Classes..TFileStream
 0001:0000F780       Classes..THandleStream
 0001:0000F330       Classes..TList
 0001:0000F8FC       Classes..TMemoryStream
 0001:0000F3EC       Classes..TPersistent
 0001:0000F978       Classes..TRegGroup
 0001:0000F9D0       Classes..TRegGroups
 0001:0000F710       Classes..TStream
 0001:0000F5F8       Classes..TStringList
 0001:0000F4C0       Classes..TStrings
 0001:0000F394       Classes..TThreadList
 0001:00012B0C       Classes.BinToHex
 0002:000001F8       Classes.Classes
 0003:00000A84       Classes.Convert
 0003:00000A94       Classes.Convert
 0001:00012BD4       Classes.DoneThreadSynchronization
 0001:00010440       Classes.DoWrite
 0001:00012C60       Classes.Finalization
 0004:000049BC       Classes.FindGlobalComponentProcs
 0001:00012BEC       Classes.FreeIntConstList
 0004:000049C0       Classes.GlobalFixupList
 0005:00000008       Classes.GlobalLists
 0004:000049A8       Classes.GlobalNameSpace
 0001:00012B48       Classes.HexToBin
 0001:00012BA0       Classes.InitThreadSynchronization
 0004:000049B4       Classes.IntConstList
 0001:00012C58       Classes.ModuleUnload
 0001:0000FAC4       Classes.PointerInModule
 0001:0001236C       Classes.PropValueError
 0001:00011B04       Classes.RaiseException
 0001:00012354       Classes.ReadError
 0004:000049B8       Classes.RegGroups
 0001:00012224       Classes.RemoveFixupReferences
 0001:000122D0       Classes.RemoveFixups
 0001:0000FDE0       Classes.ReturnAddr
 0001:000105A0       Classes.ReturnAddr
 0001:000126B8       Classes.SkipBinary
 0001:000126E8       Classes.SkipCollection
 0001:00012690       Classes.SkipList
 0001:00011940       Classes.StringListCompareStrings
 0004:000049AC       Classes.SyncEvent
 0003:00000B04       Classes.SyncList
 0001:00012060       Classes.TCustomMemoryStream.Read
 0001:00012098       Classes.TCustomMemoryStream.Seek
 0001:00012058       Classes.TCustomMemoryStream.SetPointer
 0001:00011EB0       Classes.TFileStream.Create
 0001:00011E6C       Classes.TFileStream.Create
 0001:00012024       Classes.TFileStream.Destroy
 0001:00011DA8       Classes.THandleStream.Create
 0001:00011DE4       Classes.THandleStream.Read
 0001:00011E04       Classes.THandleStream.Seek
 0001:00011E44       Classes.THandleStream.SetSize
 0001:00011E30       Classes.THandleStream.SetSize
 0001:00011DF4       Classes.THandleStream.Write
 0004:000049C4       Classes.ThreadLock
 0001:0000FD38       Classes.TList.Add
 0001:0000FD6C       Classes.TList.Clear
 0001:0000FD84       Classes.TList.Delete
 0001:0000FD18       Classes.TList.Destroy
 0001:0000FE1C       Classes.TList.Error
 0001:0000FDE4       Classes.TList.Error
 0001:0000FE70       Classes.TList.Get
 0001:0000FE98       Classes.TList.Grow
 0001:0000FF7C       Classes.TList.Notify
 0001:0000FECC       Classes.TList.SetCapacity
 0001:0000FF08       Classes.TList.SetCount
 0001:000120E8       Classes.TMemoryStream.Clear
 0001:000120BC       Classes.TMemoryStream.Destroy
 0001:00012154       Classes.TMemoryStream.Realloc
 0001:00012100       Classes.TMemoryStream.SetCapacity
 0001:00012128       Classes.TMemoryStream.SetSize
 0001:000121D4       Classes.TMemoryStream.Write
 0001:0001009C       Classes.TPersistent.Assign
 0001:000100B0       Classes.TPersistent.AssignError
 0001:00010180       Classes.TPersistent.AssignTo
 0001:00010188       Classes.TPersistent.DefineProperties
 0001:00010070       Classes.TPersistent.Destroy
 0001:0001018C       Classes.TPersistent.GetNamePath
 0001:0001023C       Classes.TPersistent.GetOwner
 0001:00012378       Classes.TReader.CheckValue
 0001:0001239C       Classes.TReader.EndOfList
 0001:000123B0       Classes.TReader.NextValue
 0001:000123C0       Classes.TReader.Read
 0001:0001240C       Classes.TReader.ReadBuffer
 0001:00012448       Classes.TReader.ReadListBegin
 0001:00012450       Classes.TReader.ReadListEnd
 0001:00012458       Classes.TReader.ReadStr
 0001:00012494       Classes.TReader.ReadString
 0001:00012634       Classes.TReader.ReadValue
 0001:00012550       Classes.TReader.ReadWideString
 0001:0001293C       Classes.TReader.SkipBytes
 0001:000128F4       Classes.TReader.SkipProperty
 0001:00012648       Classes.TReader.SkipSetBody
 0001:00012744       Classes.TReader.SkipValue
 0001:0000FA28       Classes.TRegGroup.Create
 0001:0000FA84       Classes.TRegGroup.Destroy
 0001:0000FAE4       Classes.TRegGroup.UnregisterModuleClasses
 0001:0000FB90       Classes.TRegGroups.Create
 0001:0000FC04       Classes.TRegGroups.Destroy
 0001:0000FC64       Classes.TRegGroups.Lock
 0001:0000FC70       Classes.TRegGroups.Unlock
 0001:0000FC7C       Classes.TRegGroups.UnregisterModuleClasses
 0001:00011CB4       Classes.TStream.CopyFrom
 0001:00011A2C       Classes.TStream.GetPosition
 0001:00011A60       Classes.TStream.GetSize
 0001:00011C44       Classes.TStream.ReadBuffer
 0001:00011B50       Classes.TStream.Seek
 0001:00011BD4       Classes.TStream.Seek
 0001:00011A4C       Classes.TStream.SetPosition
 0001:00011AAC       Classes.TStream.SetSize
 0001:00011AB0       Classes.TStream.SetSize
 0001:00011C7C       Classes.TStream.WriteBuffer
 0001:000113CC       Classes.TStringList.Add
 0001:000113DC       Classes.TStringList.AddObject
 0001:00011440       Classes.TStringList.Changed
 0001:0001145C       Classes.TStringList.Changing
 0001:00011478       Classes.TStringList.Clear
 0001:000119A8       Classes.TStringList.CompareStrings
 0001:00011970       Classes.TStringList.CustomSort
 0001:000114B8       Classes.TStringList.Delete
 0001:00011370       Classes.TStringList.Destroy
 0001:00011524       Classes.TStringList.Exchange
 0001:00011580       Classes.TStringList.ExchangeItems
 0001:000115A4       Classes.TStringList.Find
 0001:00011628       Classes.TStringList.Get
 0001:0001165C       Classes.TStringList.GetCapacity
 0001:00011660       Classes.TStringList.GetCount
 0001:00011664       Classes.TStringList.GetObject
 0001:0001168C       Classes.TStringList.Grow
 0001:000116C0       Classes.TStringList.IndexOf
 0001:000116FC       Classes.TStringList.Insert
 0001:00011760       Classes.TStringList.InsertItem
 0001:0001170C       Classes.TStringList.InsertObject
 0001:000117DC       Classes.TStringList.Put
 0001:00011838       Classes.TStringList.PutObject
 0001:00011878       Classes.TStringList.QuickSort
 0001:0001190C       Classes.TStringList.SetCapacity
 0001:00011928       Classes.TStringList.SetUpdateState
 0001:00011960       Classes.TStringList.Sort
 0001:00010270       Classes.TStrings.Add
 0001:00010294       Classes.TStrings.AddObject
 0001:000102B8       Classes.TStrings.AddStrings
 0001:00010370       Classes.TStrings.Assign
 0001:00010428       Classes.TStrings.BeginUpdate
 0001:000112F8       Classes.TStrings.CompareStrings
 0001:00010498       Classes.TStrings.DefineProperties
 0001:00010240       Classes.TStrings.Destroy
 0001:000104E4       Classes.TStrings.EndUpdate
 0001:000104F8       Classes.TStrings.Equals
 0001:000105A4       Classes.TStrings.Error
 0001:000105DC       Classes.TStrings.Error
 0001:00010634       Classes.TStrings.Exchange
 0001:00010720       Classes.TStrings.ExtractName
 0001:0001079C       Classes.TStrings.GetCapacity
 0001:00011298       Classes.TStrings.GetLineBreak
 0001:000107A4       Classes.TStrings.GetName
 0001:0001133C       Classes.TStrings.GetNameValueSeparator
 0001:00010804       Classes.TStrings.GetObject
 0001:00010808       Classes.TStrings.GetText
 0001:0001085C       Classes.TStrings.GetTextStr
 0001:00010994       Classes.TStrings.GetValue
 0001:00010A20       Classes.TStrings.IndexOf
 0001:00010AAC       Classes.TStrings.IndexOfName
 0001:00010B80       Classes.TStrings.IndexOfObject
 0001:00010BB4       Classes.TStrings.InsertObject
 0001:00010BE4       Classes.TStrings.LoadFromFile
 0001:00010C38       Classes.TStrings.LoadFromStream
 0001:00010CE4       Classes.TStrings.Move
 0001:00010D94       Classes.TStrings.Put
 0001:00010DC4       Classes.TStrings.PutObject
 0001:00010DC8       Classes.TStrings.ReadData
 0001:00010E78       Classes.TStrings.SaveToFile
 0001:00010ED0       Classes.TStrings.SaveToStream
 0001:00010F30       Classes.TStrings.SetCapacity
 0001:000112CC       Classes.TStrings.SetLineBreak
 0001:00011354       Classes.TStrings.SetNameValueSeparator
 0001:00010F34       Classes.TStrings.SetStringsAdapter
 0001:00010F68       Classes.TStrings.SetText
 0001:00010FB8       Classes.TStrings.SetTextStr
 0001:0001115C       Classes.TStrings.SetUpdateState
 0001:00011160       Classes.TStrings.SetValue
 0001:00011214       Classes.TStrings.WriteData
 0001:0000FF80       Classes.TThreadList.Create
 0001:0000FFD4       Classes.TThreadList.Destroy
 0001:00010050       Classes.TThreadList.LockList
 0001:00010064       Classes.TThreadList.UnlockList
 0001:00012984       Classes.TWriter.Write
 0001:000129D0       Classes.TWriter.WriteBuffer
 0001:000129E8       Classes.TWriter.WriteListBegin
 0001:000129F0       Classes.TWriter.WriteListEnd
 0001:000129F8       Classes.TWriter.WriteMinStr
 0001:00012AA4       Classes.TWriter.WriteString
 0001:00012AF8       Classes.TWriter.WriteValue
 0001:0000FCCC       Classes.UnRegisterModuleClasses
 0004:000049E4       const_dofReader..2
 0002:0000029C       const_dofReader.const_dofReader
 0001:000141C0       const_dofReader.Finalization
 0003:00000BDC       const_dofReader.NamesOfSections
 0004:000049DC       dccFlags..2
 0002:0000028C       dccFlags.dccFlags
 0001:00012F7C       dccFlags.Finalization
 0003:00000B08       dccFlags.VerboseFlagDescription
 0001:00016330       dof2want.Banner
 0001:00016120       dof2want.CreateWantFile
 0002:000002BC       dof2want.dof2want
 0001:00016368       dof2want.Finalization
 0001:0001609C       dof2want.outputStr
 0001:000160F0       dof2want.usage
 0004:000049E8       dofCompilerFlags..3
 0001:000145B4       dofCompilerFlags..TCompilerFlagExtractor
 0003:00000C2C       dofCompilerFlags.BoolToStr
 0003:00000BE8       dofCompilerFlags.DCCCompilerFlags
 0002:000002A4       dofCompilerFlags.dofCompilerFlags
 0001:000147DC       dofCompilerFlags.Finalization
 0001:0001463C       dofCompilerFlags.TCompilerFlagExtractor.ExtractValues
 0004:000049EC       dofDirectoriesFlags..2
 0001:00014B68       dofDirectoriesFlags..TDirectoriesFlagExtractor
 0001:00014BD4       dofDirectoriesFlags..TElementExtractor
 0003:00000C34       dofDirectoriesFlags.BoolToStr
 0002:000002AC       dofDirectoriesFlags.dofDirectoriesFlags
 0001:000150C4       dofDirectoriesFlags.Finalization
 0001:00014C38       dofDirectoriesFlags.TDirectoriesFlagExtractor.Create
 0001:00014C8C       dofDirectoriesFlags.TDirectoriesFlagExtractor.Destroy
 0001:00014CD4       dofDirectoriesFlags.TDirectoriesFlagExtractor.ExtractValues
 0001:00014F2C       dofDirectoriesFlags.TElementExtractor.create
 0001:00014F94       dofDirectoriesFlags.TElementExtractor.Destroy
 0001:00014FBC       dofDirectoriesFlags.TElementExtractor.elementsToList
 0001:00014414       dofFlagExtractor..TDOFFlagExtractor
 0001:00014478       dofFlagExtractor.TDOFFlagExtractor.Create
 0001:000144C4       dofFlagExtractor.TDOFFlagExtractor.Destroy
 0004:000049F0       dofLinkerFlags..2
 0001:0001510C       dofLinkerFlags..TLinkerFlagExtractor
 0003:00000C3C       dofLinkerFlags.BoolToStr
 0002:000002B4       dofLinkerFlags.dofLinkerFlags
 0001:00015370       dofLinkerFlags.Finalization
 0001:00015194       dofLinkerFlags.TLinkerFlagExtractor.ExtractValues
 0001:00014208       dofreader..TDelphiDOFReader
 0001:0001426C       dofreader.TDelphiDOFReader.Create
 0001:000142C4       dofreader.TDelphiDOFReader.Destroy
 0001:00014304       dofreader.TDelphiDOFReader.LoadFromFile
 0001:000143F4       dofreader.TDelphiDOFReader.setDofSection
 0004:000049E0       IniFiles..8
 0001:00012FC4       IniFiles..EIniFileException
 0001:00013024       IniFiles..TCustomIniFile
 0001:000130F4       IniFiles..TIniFile
 0001:000140E8       IniFiles.Finalization
 0002:00000294       IniFiles.IniFiles
 0001:000131AC       IniFiles.TCustomIniFile.Create
 0001:00013858       IniFiles.TCustomIniFile.ReadBinaryStream
 0001:00013314       IniFiles.TCustomIniFile.ReadBool
 0001:00013340       IniFiles.TCustomIniFile.ReadDate
 0001:000133F8       IniFiles.TCustomIniFile.ReadDateTime
 0001:000134B0       IniFiles.TCustomIniFile.ReadFloat
 0001:000131E8       IniFiles.TCustomIniFile.ReadInteger
 0001:00013B48       IniFiles.TCustomIniFile.ReadSections
 0001:00013568       IniFiles.TCustomIniFile.ReadTime
 0001:000137E8       IniFiles.TCustomIniFile.ValueExists
 0001:000139D4       IniFiles.TCustomIniFile.WriteBinaryStream
 0001:000137CC       IniFiles.TCustomIniFile.WriteBool
 0001:00013620       IniFiles.TCustomIniFile.WriteDate
 0001:00013688       IniFiles.TCustomIniFile.WriteDateTime
 0001:000136E8       IniFiles.TCustomIniFile.WriteFloat
 0001:000132B8       IniFiles.TCustomIniFile.WriteInteger
 0001:0001374C       IniFiles.TCustomIniFile.WriteTime
 0001:0001409C       IniFiles.TIniFile.DeleteKey
 0001:00013BFC       IniFiles.TIniFile.Destroy
 0001:00014048       IniFiles.TIniFile.EraseSection
 0001:00013DF4       IniFiles.TIniFile.ReadSection
 0001:00013CF4       IniFiles.TIniFile.ReadSections
 0001:00013EFC       IniFiles.TIniFile.ReadSectionValues
 0001:00013C28       IniFiles.TIniFile.ReadString
 0001:000140CC       IniFiles.TIniFile.UpdateFile
 0001:00013C88       IniFiles.TIniFile.WriteString
 0003:00000BD4       IniFiles.Values
 0001:00005790       SysInit.@GetTls
 0001:000057DC       SysInit.@InitExe
 0001:00005738       SysInit.AllocTlsBuffer
 0001:00005718       SysInit.GetModuleHandle
 0001:00005744       SysInit.GetTlsSize
 0004:000027F0       SysInit.HInstance
 0001:000057D0       SysInit.InitializeModule
 0001:0000574C       SysInit.InitThreadTLS
 0001:00005720       SysInit.LocalAlloc
 0003:00000794       SysInit.Module
 0004:000027ED       SysInit.ModuleIsCpp
 0004:000027EC       SysInit.ModuleIsLib
 0003:00000790       SysInit.PtrToNil
 0004:000027F4       SysInit.tlsBuffer
 0001:00005728       SysInit.TlsGetValue
 0003:0000078C       SysInit.TlsIndex
 0005:0000000C       SysInit.TlsLast
 0001:00005730       SysInit.TlsSetValue
 0004:000005B0       System..6
 0001:00000100       System..TInterfacedObject
 0001:0000000C       System..TObject
 0001:0000226C       System.@AbstractError
 0001:000030CC       System.@AfterConstruction
 0001:00003B64       System.@Assert
 0001:00002544       System.@Assign
 0001:00002664       System.@AStrCmp
 0001:0000311C       System.@BeforeDestruction
 0001:0000300C       System.@CallDynaInst
 0001:00003074       System.@ClassCreate
 0001:000030C4       System.@ClassDestroy
 0001:0000260C       System.@Close
 0001:00001F4C       System.@Copy
 0001:000047E8       System.@CopyArray
 0001:000046CC       System.@CopyRecord
 0001:000048F0       System.@DispCallByIDError
 0001:000048E0       System.@Dispose
 0001:00003640       System.@DoneExcept
 0001:00004B20       System.@DynArrayAsg
 0001:00004AE4       System.@DynArrayClear
 0001:00004924       System.@DynArrayHigh
 0001:0000491C       System.@DynArrayLength
 0001:00004AD8       System.@DynArraySetLength
 0001:00003710       System.@ExceptionHandler
 0001:000026D4       System.@FillChar
 0001:000046A8       System.@Finalize
 0001:000045BC       System.@FinalizeArray
 0001:00004570       System.@FinalizeRecord
 0001:00002600       System.@Flush
 0001:00002D88       System.@FpuInit
 0001:00002CC4       System.@FpuMaskInit
 0001:00001E10       System.@FreeMem
 0001:00001DF4       System.@GetMem
 0001:00003B4C       System.@Halt
 0001:00003A70       System.@Halt0
 0001:00003230       System.@HandleAnyException
 0001:000034E4       System.@HandleFinally
 0001:0000358C       System.@HandleFinallyInternal
 0001:0000335C       System.@HandleOnException
 0001:0000392C       System.@InitImports
 0001:00003904       System.@InitResStringImports
 0001:000051B4       System.@IntfClear
 0001:000051CC       System.@IntfCopy
 0001:00002D94       System.@IntOver
 0001:00002FB8       System.@IsClass
 0001:00002C94       System.@isNECWindows
 0001:00003FE0       System.@LStrAddRef
 0001:00003BA8       System.@LStrArrayClr
 0001:00003BD8       System.@LStrAsg
 0001:00003E2C       System.@LStrCat
 0001:00003E78       System.@LStrCat3
 0001:00003EF4       System.@LStrCatN
 0001:00003B84       System.@LStrClr
 0001:00003F88       System.@LStrCmp
 0001:00004058       System.@LStrCopy
 0001:00004098       System.@LStrDelete
 0001:00003DF4       System.@LStrFromArray
 0001:00003D6C       System.@LStrFromChar
 0001:00003D7C       System.@LStrFromPChar
 0001:00003C74       System.@LStrFromPCharLen
 0001:00003DAC       System.@LStrFromPWChar
 0001:00003CE0       System.@LStrFromPWCharLen
 0001:00003DE8       System.@LStrFromString
 0001:00003E0C       System.@LStrFromWStr
 0001:00003C1C       System.@LStrLAsg
 0001:00003E20       System.@LStrLen
 0001:00004224       System.@LStrSetLength
 0001:00003FF0       System.@LStrToPChar
 0001:00003C48       System.@NewAnsiString
 0001:000042B8       System.@NewWideString
 0001:000029A8       System.@Pow10
 0001:000035EC       System.@RaiseAgain
 0001:000035C4       System.@RaiseExcept
 0001:00001E28       System.@ReallocMem
 0001:000022E0       System.@RewritText
 0001:00003B58       System.@RunError
 0001:000038C4       System.@StartExe
 0001:00000248       System.@strlen
 0001:00004050       System.@UniqueStringA
 0001:00002770       System.@ValLong
 0001:000045A4       System.@VarClr
 0001:000046B4       System.@VarCopy
 0001:00004288       System.@Write0LString
 0001:00002888       System.@WriteBytes
 0001:00002958       System.@WriteLn
 0001:00004290       System.@WriteLString
 0001:000028DC       System.@WriteSpaces
 0001:000042F8       System.@WStrArrayClr
 0001:0000431C       System.@WStrAsg
 0001:000042E0       System.@WStrClr
 0001:0000445C       System.@WStrCmp
 0001:000044E0       System.@WStrCopy
 0001:00004430       System.@WStrFromLStr
 0001:00004344       System.@WStrFromPCharLen
 0001:000043F4       System.@WStrFromPWChar
 0001:000043D0       System.@WStrFromPWCharLen
 0001:00004450       System.@WStrLen
 0001:0000452C       System.@WStrSetLength
 0001:00004440       System.@WStrToPWChar
 0001:00001F1C       System.@_IOTest
 0001:000048F8       System.@_llmul
 0004:00000028       System.AbstractErrorProc
 0001:00005044       System.AddModuleUnloadProc
 0001:00005054       System.AddModuleUnloadProc
 0001:000006AC       System.AllocateLargeBlock
 0001:00001DDC       System.AllocMem
 0001:000005EC       System.AllocNewSequentialFeedMediumPool
 0004:000005B8       System.AllocSize2SmallBlockTypeIndX4
 0001:00005608       System.AnsiToUtf8
 0001:00001380       System.AppendStringToBuffer
 0004:00000020       System.AssertErrorProc
 0001:00000580       System.BinMediumSequentialFeedRemainder
 0001:00001B8C       System.BuildBlockTypeLookupTable
 0001:00001264       System.CardinalToStrBuf
 0001:00003CA4       System.CharFromWChar
 0001:000001C0       System.CharNext
 0001:000031AC       System.CheckJmp
 0001:000015C8       System.CheckSmallBlockPoolForLeaks
 0001:00000160       System.CloseHandle
 0004:0000003C       System.CmdLine
 0004:00000038       System.CmdShow
 0001:0000492C       System.CopyArray
 0003:0000003C       System.Copyright
 0001:00000168       System.CreateFileA
 0003:00000024       System.DebugHook
 0003:00000020       System.Default8087CW
 0004:000005B4       System.DefaultSystemCodePage
 0003:00000030       System.DefaultTextLineBreakStyle
 0001:00004B70       System.DelayLoadResourceModule
 0001:000002EC       System.DestroyWindow
 0003:0000077C       System.dig
 0004:00000000       System.DispCallByIDProc
 0001:00004944       System.DynArrayClear
 0001:0000494C       System.DynArraySetLength
 0003:00000754       System.errCaption
 0001:00001F10       System.Error
 0003:00000004       System.ErrorAddr
 0001:00001EC4       System.ErrorAt
 0004:00000008       System.ErrorProc
 0004:000003E0       System.ErrOutput
 0001:00001E98       System.ExceptAddr
 0004:0000000C       System.ExceptClsProc
 0004:0000001C       System.ExceptionClass
 0001:00001E78       System.ExceptObject
 0004:00000010       System.ExceptObjProc
 0004:00000004       System.ExceptProc
 0003:00000000       System.ExitCode
 0001:000039B4       System.ExitDll
 0004:00000040       System.ExitProc
 0001:000001C8       System.ExitProcess
 0004:00000024       System.ExitProcessProc
 0004:000027B4       System.ExpectedMemoryLeaks
 0004:000027B8       System.ExpectedMemoryLeaksListLocked
 0003:00000008       System.FileMode
 0001:00002328       System.FileNOPProc
 0001:000056B8       System.Finalization
 0001:0000493C       System.FinalizeArray
 0001:00001D88       System.FinalizeMemoryManager
 0001:000037F8       System.FinalizeUnits
 0001:00004BF0       System.FindBS
 0001:000001D8       System.FindClose
 0001:000001E0       System.FindFirstFile
 0001:00004B48       System.FindHInstance
 0001:00004BB8       System.FindResourceHInstance
 0001:000025F4       System.Flush
 0001:000029A0       System.FPower10
 0001:00001CF8       System.FreeAllMemory
 0001:00000710       System.FreeLargeBlock
 0001:000001E8       System.FreeLibrary
 0001:000056B0       System.GetACP
 0001:000002B0       System.GetCmdShow
 0001:000001F0       System.GetCommandLine
 0001:000002A8       System.GetCurrentThreadId
 0001:00002FDC       System.GetDynaMethod
 0001:00000178       System.GetFileSize
 0001:00000170       System.GetFileType
 0001:00001228       System.GetFirstAndLastSmallBlockInPool
 0001:000011E8       System.GetFirstMediumBlockInPool
 0001:00002C8C       System.GetKeyboardType
 0001:000001F8       System.GetLastError
 0001:00000200       System.GetLocaleInfo
 0001:00000208       System.GetModuleFileName
 0001:00000210       System.GetModuleHandle
 0001:00001494       System.GetObjectClass
 0001:000020B0       System.GetParamStr
 0001:00000218       System.GetProcAddress
 0001:00000220       System.GetStartupInfo
 0001:00000180       System.GetStdHandle
 0001:00000228       System.GetThreadLocale
 0004:000027C0       System.InitContext
 0001:00001BD0       System.InitializeMemoryManager
 0001:0000385C       System.InitUnits
 0005:00000004       System.InOutRes
 0004:00000048       System.Input
 0001:00000520       System.InsertMediumBlockIntoBin
 0001:000002A0       System.InterlockedDecrement
 0001:00000298       System.InterlockedIncrement
 0001:00002368       System.InternalClose
 0001:000025AC       System.InternalFlush
 0001:00001414       System.InternalIsValidClass
 0001:00004004       System.InternalUniqueString
 0001:00002EB0       System.InvokeImplGetter
 0001:00001F90       System.IOResult
 0004:00000044       System.IsConsole
 0004:00000034       System.IsLibrary
 0004:00000045       System.IsMultiThread
 0001:00001398       System.IsValidVMTAddress
 0003:00000028       System.JITEnable
 0004:000027A4       System.LargeBlocksCircularList
 0004:000027A0       System.LargeBlocksLocked
 0004:00000714       System.LastSequentiallyFedMediumBlock
 0003:00000034       System.LibModuleList
 0001:00000230       System.LoadLibraryEx
 0001:00004DD4       System.LoadResourceModule
 0001:00005658       System.LoadResString
 0001:00000238       System.LoadString
 0001:00000354       System.LockCmpxchg
 0001:000014BC       System.LockExpectedMemoryLeaksList
 0001:00000664       System.LockLargeBlocks
 0001:00000240       System.lstrcpyn
 0004:0000002C       System.MainInstance
 0004:00000030       System.MainThreadID
 0001:00003950       System.MakeErrorMessage
 0001:00003670       System.MapToRunError
 0004:00000720       System.MediumBlockBinBitmaps
 0004:0000071C       System.MediumBlockBinGroupBitmap
 0004:000007A0       System.MediumBlockBins
 0004:00000700       System.MediumBlockPoolsCircularList
 0004:00000710       System.MediumBlocksLocked
 0004:00000718       System.MediumSequentialFeedBytesLeft
 0003:00000720       System.MemoryManager
 0001:000001D0       System.MessageBox
 0004:000006FE       System.MinimumBlockAlignment
 0004:000027BC       System.MMSharingWindow
 0003:00000038       System.ModuleUnloadList
 0001:00001FB0       System.Move
 0001:0000035C       System.Move12
 0001:00000370       System.Move20
 0001:00000390       System.Move28
 0001:000003BC       System.Move36
 0001:000003DC       System.Move44
 0001:00000400       System.Move52
 0001:0000042C       System.Move60
 0001:0000045C       System.Move68
 0001:00000494       System.MoveX16L4
 0001:000004C4       System.MoveX8L4
 0001:00000250       System.MultiByteToWideChar
 0004:000005AD       System.NeverSleepOnMMThreadContention
 0001:000011C4       System.NextMediumBlock
 0003:0000002C       System.NoErrMsg
 0001:00003198       System.NotifyAnyExcept
 0001:0000316C       System.NotifyExcept
 0001:000031CC       System.NotifyExceptFinally
 0001:000050D8       System.NotifyModuleUnload
 0001:00003148       System.NotifyNonDelphiException
 0001:00003184       System.NotifyOnExcept
 0001:0000312C       System.NotifyReRaise
 0001:000031F4       System.NotifyTerminate
 0001:00003210       System.NotifyUnhandled
 0001:00002288       System.OpenText
 0004:00000214       System.Output
 0001:000021AC       System.ParamCount
 0001:0000220C       System.ParamStr
 0001:000040E0       System.Pos
 0001:00000188       System.RaiseException
 0004:00000014       System.RaiseExceptionProc
 0005:00000000       System.RaiseListPtr
 0001:00000190       System.ReadFile
 0001:000007B4       System.ReallocateLargeBlock
 0001:00000258       System.RegCloseKey
 0001:00005134       System.RegisterModule
 0001:00000260       System.RegOpenKeyEx
 0001:00000268       System.RegQueryValueEx
 0003:00000738       System.reMap
 0001:000004E0       System.RemoveMediumFreeBlock
 0001:00005074       System.RemoveModuleUnloadProc
 0001:0000504C       System.RemoveModuleUnloadProc
 0004:000005AC       System.ReportMemoryLeaksOnShutdown
 0001:00000198       System.RtlUnwind
 0004:00000018       System.RTLUnwindProc
 0003:0000075C       System.runErrMsg
 0001:00001EB8       System.RunErrorAt
 0001:00001714       System.ScanForMemoryLeaks
 0001:000001A0       System.SetEndOfFile
 0001:000037B0       System.SetExceptionHandler
 0001:000001A8       System.SetFilePointer
 0001:00001F3C       System.SetInOutRes
 0001:000002E4       System.Sleep
 0003:00000040       System.SmallBlockTypes
 0001:00001194       System.SysAllocMem
 0001:00000280       System.SysAllocStringLen
 0001:00000C84       System.SysFreeMem
 0001:00000290       System.SysFreeString
 0001:00000900       System.SysGetMem
 0001:00000E7C       System.SysReallocMem
 0001:00000288       System.SysReAllocStringLen
 0001:00001530       System.SysRegisterExpectedMemoryLeak
 0002:00000000       System.System
 0001:00001570       System.SysUnregisterExpectedMemoryLeak
 0004:00000046       System.Test8086
 0001:00002378       System.TextClose
 0001:000022EC       System.TextIn
 0001:00002398       System.TextOpen
 0001:0000232C       System.TextOut
 0001:000051F8       System.TInterfacedObject.AfterConstruction
 0001:00005204       System.TInterfacedObject.BeforeDestruction
 0001:00005214       System.TInterfacedObject.NewInstance
 0001:00005224       System.TInterfacedObject.QueryInterface
 0001:0000524C       System.TInterfacedObject._AddRef
 0001:00005260       System.TInterfacedObject._Release
 0001:00003044       System.TObject.AfterConstruction
 0001:00003048       System.TObject.BeforeDestruction
 0001:00002DA4       System.TObject.ClassName
 0001:00002DB8       System.TObject.ClassParent
 0001:00002D9C       System.TObject.ClassType
 0001:00002E90       System.TObject.CleanupInstance
 0001:00002DFC       System.TObject.Create
 0001:00003040       System.TObject.DefaultHandler
 0001:00002E1C       System.TObject.Destroy
 0001:0000304C       System.TObject.Dispatch
 0001:00002E2C       System.TObject.Free
 0001:00002DE0       System.TObject.FreeInstance
 0001:00002EE0       System.TObject.GetInterface
 0001:00002F74       System.TObject.GetInterfaceEntry
 0001:00003024       System.TObject.InheritsFrom
 0001:00002E38       System.TObject.InitInstance
 0001:00002DF4       System.TObject.InstanceSize
 0001:00002DC4       System.TObject.NewInstance
 0001:00003038       System.TObject.SafeCallException
 0001:00004C10       System.ToLongPath
 0001:00002844       System.TryOpenForOutput
 0001:000001B0       System.UnhandledExceptionFilter
 0001:00005288       System.UnicodeToUtf8
 0001:00004048       System.UniqueString
 0001:00005144       System.UnregisterModule
 0001:000037D0       System.UnsetExceptionHandler
 0001:00005550       System.UTF8Decode
 0001:00005494       System.UTF8Encode
 0001:00005364       System.Utf8ToUnicode
 0003:00000010       System.VarAddRefProc
 0003:0000000C       System.VarClearProc
 0003:00000014       System.VarCopyProc
 0003:00000018       System.VarToLStrProc
 0003:0000001C       System.VarToWStrProc
 0001:000002D4       System.VirtualAlloc
 0001:000002DC       System.VirtualFree
 0001:00000278       System.VirtualQuery
 0001:00003CC4       System.WCharFromChar
 0001:00000270       System.WideCharToMultiByte
 0001:000039E4       System.WriteErrorMessage
 0001:000001B8       System.WriteFile
 0001:000042B0       System.WStrError
 0001:000042D0       System.WStrSet
 0004:00002910       SysUtils..35
 0001:0000653C       SysUtils..EAbstractError
 0001:00006314       SysUtils..EAccessViolation
 0001:000064DC       SysUtils..EAssertionFailed
 0001:00006428       SysUtils..EControlC
 0001:000062B8       SysUtils..EConvertError
 0001:00005F3C       SysUtils..EDivByZero
 0001:00005E2C       SysUtils..EExternal
 0001:00005E84       SysUtils..EExternalException
 0001:00005D1C       SysUtils..EHeapException
 0001:00005DD4       SysUtils..EInOutError
 0001:00005EE4       SysUtils..EIntError
 0001:00006598       SysUtils..EIntfCastError
 0001:00005FEC       SysUtils..EIntOverflow
 0001:0000625C       SysUtils..EInvalidCast
 0001:000060A0       SysUtils..EInvalidOp
 0001:00006200       SysUtils..EInvalidPointer
 0001:00006048       SysUtils..EMathError
 0001:000065F4       SysUtils..EOSError
 0001:00005D78       SysUtils..EOutOfMemory
 0001:00006150       SysUtils..EOverflow
 0001:00006374       SysUtils..EPrivilege
 0001:00005F94       SysUtils..ERangeError
 0001:0000664C       SysUtils..ESafecallException
 0001:000063CC       SysUtils..EStackOverflow
 0001:000061A8       SysUtils..EUnderflow
 0001:00006480       SysUtils..EVariantError
 0001:00005CB4       SysUtils..Exception
 0001:000060F8       SysUtils..EZeroDivide
 0001:000067DC       SysUtils..TMultiReadExclusiveWriteSynchronizer
 0001:00006700       SysUtils..TThreadLocalCounter
 0001:0000A5EC       SysUtils.AbstractErrorHandler
 0003:0000082C       SysUtils.AccessMode
 0001:00006AC8       SysUtils.AnsiCompareText
 0001:0000AE38       SysUtils.AnsiPos
 0001:0000AE70       SysUtils.AnsiStrPos
 0001:0000AF10       SysUtils.AnsiStrRScan
 0001:0000AF44       SysUtils.AnsiStrScan
 0001:00008484       SysUtils.AppendChars
 0001:00008868       SysUtils.AppendFormat
 0001:000084E4       SysUtils.AppendNumber
 0001:000084C8       SysUtils.AppendString
 0001:0000A5D0       SysUtils.AssertErrorHandler
 0001:0000723C       SysUtils.BackfillGetDiskFreeSpaceEx
 0001:00006F0C       SysUtils.BoolToStr
 0001:0000ABB4       SysUtils.ByteToCharIndex
 0001:0000AB90       SysUtils.ByteToCharLen
 0001:0000AB54       SysUtils.ByteType
 0001:0000AAE0       SysUtils.ByteTypeTest
 0001:00007134       SysUtils.ChangeFileExt
 0001:0000ADC8       SysUtils.CharLength
 0001:0000ACAC       SysUtils.CharToByteIndex
 0001:0000AD30       SysUtils.CharToByteLen
 0001:0000BB38       SysUtils.ClearHashTables
 0001:000069A0       SysUtils.CompareStr
 0001:00006A08       SysUtils.CompareText
 0001:00006DEC       SysUtils.CompareWith
 0001:0000A030       SysUtils.ConvertAddr
 0001:000085D4       SysUtils.ConvertEraString
 0001:0000686C       SysUtils.ConvertErrorFmt
 0001:00008750       SysUtils.ConvertYearString
 0001:0000AC1C       SysUtils.CountChars
 0001:0000A514       SysUtils.CreateAssertException
 0001:0000A69C       SysUtils.CreateAVObject
 0001:0000A444       SysUtils.CreateInOutError
 0003:00000824       SysUtils.cSimpleBoolStrs
 0004:00002808       SysUtils.CurrencyDecimals
 0004:00002804       SysUtils.CurrencyFormat
 0004:00002800       SysUtils.CurrencyString
 0001:00008470       SysUtils.CurrentYear
 0001:00007FC8       SysUtils.CurrToStr
 0001:00006B60       SysUtils.CvtInt
 0001:00006BCC       SysUtils.CvtInt64
 0003:00000864       SysUtils.CWNear
 0004:00002809       SysUtils.DateSeparator
 0001:00009020       SysUtils.DateTimeToString
 0001:000080C4       SysUtils.DateTimeToTimeStamp
 0001:00008448       SysUtils.DayOfWeek
 0003:00000860       SysUtils.DCon10
 0004:00002807       SysUtils.DecimalSeparator
 0001:00008428       SysUtils.DecodeDate
 0001:000082DC       SysUtils.DecodeDateFully
 0001:00008178       SysUtils.DecodeTime
 0003:000008F0       SysUtils.DefLongDayNames
 0003:000008A4       SysUtils.DefLongMonthNames
 0003:000008D4       SysUtils.DefShortDayNames
 0003:00000874       SysUtils.DefShortMonthNames
 0001:00006850       SysUtils.DivMod
 0001:0000A9C4       SysUtils.DoneExceptions
 0001:0000A418       SysUtils.EHeapException.FreeInstance
 0003:000007AC       SysUtils.EmptyStr
 0003:000007B0       SysUtils.EmptyWideStr
 0001:00009C9C       SysUtils.EnumEraNames
 0001:00009CD8       SysUtils.EnumEraYearOffsets
 0004:000028D0       SysUtils.EraNames
 0001:00009330       SysUtils.EraToYear
 0004:000028EC       SysUtils.EraYearOffsets
 0001:0000A4C4       SysUtils.ErrorHandler
 0003:0000090C       SysUtils.ErrorMap
 0001:0000A930       SysUtils.ExceptHandler
 0001:0000A28C       SysUtils.Exception.Create
 0001:0000A2C8       SysUtils.Exception.CreateFmt
 0001:0000A348       SysUtils.Exception.CreateRes
 0001:0000A384       SysUtils.Exception.CreateResFmt
 0001:0000A03C       SysUtils.ExceptionErrorMessage
 0003:00000944       SysUtils.ExceptMap
 0001:00007058       SysUtils.ExistsLockedOrShared
 0001:00007200       SysUtils.ExpandFileName
 0001:000071C8       SysUtils.ExtractFileName
 0004:0000290C       SysUtils.FalseBoolStrs
 0003:00000854       SysUtils.FCon1E18
 0001:00007098       SysUtils.FileExists
 0001:00006F58       SysUtils.FileOpen
 0001:00006FB0       SysUtils.FileRead
 0001:00007008       SysUtils.FileSeek
 0001:00006FDC       SysUtils.FileWrite
 0001:0000BE38       SysUtils.Finalization
 0004:00004904       SysUtils.FLanguages
 0001:00007C58       SysUtils.FloatToDecimal
 0001:00007F98       SysUtils.FloatToStr
 0001:00007984       SysUtils.FloatToText
 0003:00000868       SysUtils.FMSecsPerDay
 0001:00007864       SysUtils.FmtStr
 0001:00007850       SysUtils.Format
 0003:00000870       SysUtils.Format
 0001:00007498       SysUtils.FormatBuf
 0001:0000748C       SysUtils.FormatClearStr
 0001:00007410       SysUtils.FormatError
 0003:0000084C       SysUtils.FormatErrorStrs
 0001:00007468       SysUtils.FormatVarToStr
 0001:0000BB28       SysUtils.FreeAndNil
 0001:0000B66C       SysUtils.FreeTerminateProcs
 0001:00008530       SysUtils.GetCount
 0001:0000855C       SysUtils.GetDate
 0001:00009248       SysUtils.GetDateOrder
 0003:00000820       SysUtils.GetDiskFreeSpaceEx
 0001:00009D50       SysUtils.GetEraNamesAndYearOffsets
 0001:000092DC       SysUtils.GetEraYearOffset
 0001:0000A684       SysUtils.GetExceptionClass
 0001:0000A868       SysUtils.GetExceptionObject
 0001:0000B0A4       SysUtils.GetFormatSettings
 0001:00009B10       SysUtils.GetLocaleChar
 0001:00009AC4       SysUtils.GetLocaleStr
 0001:00009B78       SysUtils.GetMonthDayNames
 0001:00008594       SysUtils.GetTime
 0001:0000B470       SysUtils.HashName
 0003:0000081C       SysUtils.HexDisplayPrefix
 0003:0000086C       SysUtils.IMSecsPerDay
 0001:0000B690       SysUtils.InitDriveSpacePtr
 0001:0000A940       SysUtils.InitExceptions
 0001:0000AF84       SysUtils.InitLeadBytes
 0001:0000AA70       SysUtils.InitPlatformId
 0001:0000AFE0       SysUtils.InitSysLocale
 0001:0000B6F8       SysUtils.InterlockedDecrement
 0001:0000B704       SysUtils.InterlockedExchange
 0001:0000B70C       SysUtils.InterlockedExchangeAdd
 0001:0000B6EC       SysUtils.InterlockedIncrement
 0001:00006CC0       SysUtils.IntToHex
 0001:00006C98       SysUtils.IntToStr
 0001:00006BAC       SysUtils.IntToStr
 0004:00002918       SysUtils.InvalidPointer
 0001:000081D4       SysUtils.IsLeapYear
 0001:000070E0       SysUtils.LastDelimiter
 0003:000007FC       SysUtils.LeadBytes
 0004:000028CE       SysUtils.ListSeparator
 0001:00009B3C       SysUtils.LocalGetLocaleStr
 0004:00002810       SysUtils.LongDateFormat
 0004:000028A4       SysUtils.LongDayNames
 0004:00002858       SysUtils.LongMonthNames
 0004:00002824       SysUtils.LongTimeFormat
 0001:00006918       SysUtils.LowerCase
 0001:0000A604       SysUtils.MapException
 0001:0000B498       SysUtils.ModuleUnloaded
 0003:000007CC       SysUtils.MonthDays
 0004:00002805       SysUtils.NegCurrFormat
 0001:0000AE00       SysUtils.NextCharIndex
 0004:00002914       SysUtils.OutOfMemory
 0001:00007940       SysUtils.PutExponent
 0001:0000A5C0       SysUtils.RaiseAssertException
 0001:0000B5C4       SysUtils.RaiseLastOSError
 0001:0000B5B8       SysUtils.RaiseLastOSError
 0001:00006AA4       SysUtils.SameText
 0001:0000907C       SysUtils.ScanBlanks
 0001:0000920C       SysUtils.ScanChar
 0001:0000938C       SysUtils.ScanDate
 0001:000090A0       SysUtils.ScanNumber
 0001:00009134       SysUtils.ScanString
 0001:000096D8       SysUtils.ScanTime
 0001:00009294       SysUtils.ScanToNumber
 0003:00000838       SysUtils.ShareMode
 0004:0000280C       SysUtils.ShortDateFormat
 0004:00002888       SysUtils.ShortDayNames
 0004:00002828       SysUtils.ShortMonthNames
 0004:00002820       SysUtils.ShortTimeFormat
 0001:0000A1C4       SysUtils.ShowException
 0001:0000B5B0       SysUtils.Sleep
 0001:000073D0       SysUtils.StrAlloc
 0001:0000AB78       SysUtils.StrByteType
 0001:0000ADA0       SysUtils.StrCharLength
 0001:000072F0       SysUtils.StrLCopy
 0001:000072B0       SysUtils.StrLen
 0001:00007810       SysUtils.StrLFmt
 0001:00007324       SysUtils.StrLIComp
 0001:000072E0       SysUtils.StrMove
 0001:000073E4       SysUtils.StrNew
 0001:0000ADC0       SysUtils.StrNextChar
 0001:0000737C       SysUtils.StrPos
 0001:00007368       SysUtils.StrScan
 0001:000098D0       SysUtils.StrToDate
 0001:000099A8       SysUtils.StrToDateTime
 0001:00007FF8       SysUtils.StrToFloat
 0001:00006CE8       SysUtils.StrToInt
 0001:00006D24       SysUtils.StrToIntDef
 0001:0000993C       SysUtils.StrToTime
 0001:00009A78       SysUtils.SysErrorMessage
 0004:000028C0       SysUtils.SysLocale
 0002:000000AC       SysUtils.SysUtils
 0003:000009F4       SysUtils.TerminateProcList
 0001:00007E84       SysUtils.TextToFloat
 0004:00002806       SysUtils.ThousandSeparator
 0004:00002818       SysUtils.TimeAMString
 0004:0000281C       SysUtils.TimePMString
 0004:00002814       SysUtils.TimeSeparator
 0001:0000BA50       SysUtils.TMultiReadExclusiveWriteSynchronizer.BeginRead
 0001:0000B954       SysUtils.TMultiReadExclusiveWriteSynchronizer.BeginWrite
 0001:0000B910       SysUtils.TMultiReadExclusiveWriteSynchronizer.BlockReaders
 0001:0000B854       SysUtils.TMultiReadExclusiveWriteSynchronizer.Create
 0001:0000B8C8       SysUtils.TMultiReadExclusiveWriteSynchronizer.Destroy
 0001:0000BAC0       SysUtils.TMultiReadExclusiveWriteSynchronizer.EndRead
 0001:0000BA00       SysUtils.TMultiReadExclusiveWriteSynchronizer.EndWrite
 0001:0000B928       SysUtils.TMultiReadExclusiveWriteSynchronizer.UnblockOneWriter
 0001:0000B91C       SysUtils.TMultiReadExclusiveWriteSynchronizer.UnblockReaders
 0001:0000B934       SysUtils.TMultiReadExclusiveWriteSynchronizer.WaitForReadSignal
 0001:0000B944       SysUtils.TMultiReadExclusiveWriteSynchronizer.WaitForWriteSignal
 0001:00009E00       SysUtils.TranslateDateFormat
 0001:00006B0C       SysUtils.Trim
 0004:00002908       SysUtils.TrueBoolStrs
 0001:00008210       SysUtils.TryEncodeDate
 0001:00008108       SysUtils.TryEncodeTime
 0001:00006E70       SysUtils.TryStrToBool
 0001:000080A8       SysUtils.TryStrToCurr
 0001:00009904       SysUtils.TryStrToDate
 0001:000099DC       SysUtils.TryStrToDateTime
 0001:00008034       SysUtils.TryStrToFloat
 0001:0000807C       SysUtils.TryStrToFloat
 0001:00008050       SysUtils.TryStrToFloat
 0001:00006D3C       SysUtils.TryStrToInt
 0001:00009970       SysUtils.TryStrToTime
 0001:0000B800       SysUtils.TThreadLocalCounter.Delete
 0001:0000B714       SysUtils.TThreadLocalCounter.Destroy
 0001:0000B76C       SysUtils.TThreadLocalCounter.HashIndex
 0001:0000B788       SysUtils.TThreadLocalCounter.Open
 0001:0000B810       SysUtils.TThreadLocalCounter.Recycle
 0003:000007C8       SysUtils.TwoDigitYearCenturyWindow
 0004:00003910       SysUtils.UnitHashBuckets
 0001:00006890       SysUtils.UpperCase
 0004:0000291C       SysUtils.ValidatedUnitHashBuckets
 0001:00006D5C       SysUtils.VerifyBoolStrArray
 0003:000007C0       SysUtils.Win32BuildNumber
 0001:0000B65C       SysUtils.Win32Check
 0003:000007C4       SysUtils.Win32CSDVersion
 0003:000007B8       SysUtils.Win32MajorVersion
 0003:000007BC       SysUtils.Win32MinorVersion
 0003:000007B4       SysUtils.Win32Platform
 0001:00014838       tokenizer..TTokenizer
 0001:00014894       tokenizer.TTokenizer.Count
 0001:000148A0       tokenizer.TTokenizer.create
 0001:00014914       tokenizer.TTokenizer.Destroy
 0001:00014944       tokenizer.TTokenizer.FindDelimeterPosition
 0001:0001498C       tokenizer.TTokenizer.GetToken
 0001:00014AA4       tokenizer.TTokenizer.GetTokenItem
 0001:00014AF0       tokenizer.TTokenizer.Tokenize
 0004:000049A4       TypInfo..6
 0003:00000A78       TypInfo.BooleanIdents
 0003:00000A80       TypInfo.DotSep
 0001:0000EFB0       TypInfo.Finalization
 0002:000001F0       TypInfo.TypInfo
 0001:00014130       typ_dofReader..EBadDOFFile
 0004:00004984       Variants..81
 0001:0000CB94       Variants..EVariantArrayCreateError
 0001:0000CB2C       Variants..EVariantArrayLockedError
 0001:0000CAC8       Variants..EVariantBadIndexError
 0001:0000CA64       Variants..EVariantBadVarTypeError
 0001:0000CD2C       Variants..EVariantDispatchError
 0001:0000CA00       Variants..EVariantInvalidArgError
 0001:0000C8D4       Variants..EVariantInvalidOpError
 0001:0000CBFC       Variants..EVariantNotImplError
 0001:0000CC60       Variants..EVariantOutOfMemoryError
 0001:0000C99C       Variants..EVariantOverflowError
 0001:0000C938       Variants..EVariantTypeCastError
 0001:0000CCC8       Variants..EVariantUnexpectedError
 0001:0000C808       Variants..TCustomVariantType
 0001:0000D258       Variants.@DispInvokeError
 0001:0000E800       Variants.@VarAddRef
 0001:0000D530       Variants.@VarClear
 0001:0000D544       Variants.@VarClr
 0001:0000D858       Variants.@VarCopy
 0001:0000DB8C       Variants.@VarToLStr
 0001:0000E2AC       Variants.@VarToWStr
 0003:00000A08       Variants.BooleanToStringRule
 0001:0000D90C       Variants.BoolToWStrViaOS
 0004:0000497C       Variants.ChangeAnyProc
 0003:00000A0C       Variants.CInvalidCustomVariantType
 0004:00004978       Variants.ClearAnyProc
 0001:0000EB3C       Variants.ClearVariantTypeList
 0003:00000A64       Variants.CRelationshipToBoolean
 0003:00000A10       Variants.CText
 0001:0000D89C       Variants.CurrToWStrViaOS
 0001:0000D8D4       Variants.DateToWStrViaOS
 0004:00004964       Variants.EmptyParam
 0001:0000EE9C       Variants.Finalization
 0001:0000EDE0       Variants.FindCustomVariantType
 0001:0000D2AC       Variants.InBounds
 0001:0000D54C       Variants.InBounds
 0001:0000D2DC       Variants.Increment
 0001:0000D57C       Variants.Increment
 0004:00004988       Variants.LVarTypes
 0004:0000498C       Variants.LVarTypeSync
 0003:00000A04       Variants.NullAsStringValue
 0003:00000A00       Variants.NullStrictConvert
 0004:00004980       Variants.RefAnyProc
 0001:0000EB0C       Variants.SetClearVarToEmptyParam
 0001:0000EAF4       Variants.SetVarAsError
 0001:0000EBA8       Variants.TCustomVariantType.BinaryOp
 0001:0000EBB4       Variants.TCustomVariantType.Cast
 0001:0000EBEC       Variants.TCustomVariantType.CastTo
 0001:0000EC78       Variants.TCustomVariantType.CastToOle
 0001:0000EC34       Variants.TCustomVariantType.Compare
 0001:0000EC40       Variants.TCustomVariantType.CompareOp
 0001:0000ECB4       Variants.TCustomVariantType.Destroy
 0001:0000ED94       Variants.TCustomVariantType.DispInvoke
 0001:0000ED40       Variants.TCustomVariantType.IsClear
 0001:0000ED44       Variants.TCustomVariantType.LeftPromotion
 0001:0000ED58       Variants.TCustomVariantType.OlePromotion
 0001:0000EDB8       Variants.TCustomVariantType.QueryInterface
 0001:0000ED60       Variants.TCustomVariantType.RaiseCastError
 0001:0000ED70       Variants.TCustomVariantType.RaiseDispError
 0001:0000ED68       Variants.TCustomVariantType.RaiseInvalidOp
 0001:0000ED78       Variants.TCustomVariantType.RightPromotion
 0001:0000ED8C       Variants.TCustomVariantType.UnaryOp
 0001:0000EDA0       Variants.TCustomVariantType._AddRef
 0001:0000EDAC       Variants.TCustomVariantType._Release
 0001:0000CFC4       Variants.TranslateResult
 0001:0000D338       Variants.VarArrayClear
 0001:0000D5D8       Variants.VarArrayCopyForEach
 0001:0000CF70       Variants.VarArrayCreateError
 0001:0000CDE4       Variants.VarCastError
 0001:0000CD90       Variants.VarCastError
 0001:0000D4B4       Variants.VarClearDeep
 0001:0000D7A4       Variants.VarCopyCopyProc
 0001:0000D7AC       Variants.VarCopyDeep
 0004:00004974       Variants.VarDispProc
 0002:00000144       Variants.Variants
 0001:0000CE80       Variants.VarInvalidOp
 0001:0000CED4       Variants.VarOverflowError
 0001:0000D218       Variants.VarResultCheck
 0001:0000D224       Variants.VarResultCheck
 0001:0000DAA0       Variants.VarToLStrAny
 0001:0000DB04       Variants.VarToLStrCustom
 0001:0000D9D4       Variants.VarToLStrViaOS
 0001:0000E180       Variants.VarToWStrAny
 0001:0000E1E4       Variants.VarToWStrCustom
 0001:0000E0C8       Variants.VarToWStrViaOS
 0001:0000E984       Variants.VarTypeAsText
 0004:00004960       VarUtils..5
 0001:0000C258       VarUtils.BackupVarBoolFromStr
 0001:0000C3BC       VarUtils.BackupVarBStrFromBool
 0001:0000C2D8       VarUtils.BackupVarBStrFromCy
 0001:0000C348       VarUtils.BackupVarBStrFromDate
 0001:0000C1EC       VarUtils.BackupVarCyFromStr
 0001:0000C180       VarUtils.BackupVarDateFromStr
 0001:0000C03C       VarUtils.BackupVarI4FromStr
 0001:0000BFE8       VarUtils.BackupVariantChangeTypeEx
 0001:0000C0A8       VarUtils.BackupVarR4FromStr
 0001:0000C114       VarUtils.BackupVarR8FromStr
 0001:0000C024       VarUtils.BiUnimplemented
 0001:0000C030       VarUtils.CmpUnimplemented
 0003:000009F8       VarUtils.CResult
 0001:0000C788       VarUtils.Finalization
 0001:0000C450       VarUtils.FindProc
 0001:0000C47C       VarUtils.InitializeVarUtils
 0001:0000C430       VarUtils.SafeArrayCreate
 0001:0000C438       VarUtils.SafeArrayGetLBound
 0001:0000C440       VarUtils.SafeArrayGetUBound
 0001:0000C448       VarUtils.SafeArrayPtrOfIndex
 0001:0000C018       VarUtils.UniUnimplemented
 0004:00004914       VarUtils.VarAdd
 0004:0000492C       VarUtils.VarAnd
 0004:00004950       VarUtils.VarBoolFromStr
 0004:0000495C       VarUtils.VarBstrFromBool
 0004:00004954       VarUtils.VarBstrFromCy
 0004:00004958       VarUtils.VarBstrFromDate
 0004:00004938       VarUtils.VarCmp
 0004:0000494C       VarUtils.VarCyFromStr
 0004:00004948       VarUtils.VarDateFromStr
 0004:00004920       VarUtils.VarDiv
 0004:0000493C       VarUtils.VarI4FromStr
 0001:0000BFE0       VarUtils.VariantChangeType
 0004:00004908       VarUtils.VariantChangeTypeEx
 0001:0000BFD0       VarUtils.VariantClear
 0001:0000BFD8       VarUtils.VariantCopy
 0001:0000BFC8       VarUtils.VariantInit
 0004:00004924       VarUtils.VarIDiv
 0004:00004928       VarUtils.VarMod
 0004:0000491C       VarUtils.VarMul
 0004:0000490C       VarUtils.VarNeg
 0004:00004910       VarUtils.VarNot
 0004:00004930       VarUtils.VarOr
 0004:00004940       VarUtils.VarR4FromStr
 0004:00004944       VarUtils.VarR8FromStr
 0004:00004918       VarUtils.VarSub
 0002:00000134       VarUtils.VarUtils
 0004:00004934       VarUtils.VarXor
 0001:000153B8       wantWriter..TTextfileoutput
 0001:00015414       wantWriter..TWantCompileWriter
 0001:00015F90       wantWriter.TTextfileoutput.Create
 0001:00016010       wantWriter.TTextfileoutput.Destroy
 0001:00016044       wantWriter.TTextfileoutput.outputString
 0001:00015640       wantWriter.TWantCompileWriter.AttributeElement
 0001:00015F28       wantWriter.TWantCompileWriter.Create
 0001:00015F68       wantWriter.TWantCompileWriter.Destroy
 0001:000154E0       wantWriter.TWantCompileWriter.OutputElementValues
 0001:000154B4       wantWriter.TWantCompileWriter.outputPathElementValues
 0001:000156D0       wantWriter.TWantCompileWriter.OutputTag
 0001:00015488       wantWriter.TWantCompileWriter.outputValueElementValues
 0001:00015810       wantWriter.TWantCompileWriter.WriteFile
 0004:000027F8       Windows..3
 0001:00005C48       Windows.CharNext
 0001:00005C50       Windows.CharToOemA
 0001:00005B18       Windows.CloseHandle
 0001:00005B20       Windows.CompareString
 0001:00005B28       Windows.CreateEvent
 0001:00005B30       Windows.CreateFile
 0001:00005B38       Windows.DeleteCriticalSection
 0001:00005B40       Windows.EnterCriticalSection
 0001:00005B48       Windows.EnumCalendarInfoA
 0001:00005C70       Windows.Finalization
 0001:00005B50       Windows.FindClose
 0001:00005B58       Windows.FindFirstFile
 0001:00005B60       Windows.FormatMessage
 0001:00005B68       Windows.FreeLibrary
 0001:00005B70       Windows.GetCPInfo
 0001:00005B78       Windows.GetCurrentThreadId
 0001:00005B80       Windows.GetDateFormat
 0001:00005B88       Windows.GetDiskFreeSpaceA
 0001:00005B90       Windows.GetFileAttributes
 0001:00005B98       Windows.GetFullPathName
 0001:00005BA0       Windows.GetLastError
 0001:00005BB0       Windows.GetLocaleInfo
 0001:00005BA8       Windows.GetLocalTime
 0001:00005BB8       Windows.GetModuleFileName
 0001:00005BC0       Windows.GetModuleHandle
 0001:00005BC8       Windows.GetPrivateProfileString
 0001:00005BD0       Windows.GetProcAddress
 0001:00005BD8       Windows.GetStdHandle
 0001:00005C58       Windows.GetSystemMetrics
 0001:00005BE0       Windows.GetThreadLocale
 0001:00005BE8       Windows.GetVersionEx
 0004:000027FC       Windows.HtmlHelpModule
 0001:00005BF0       Windows.InitializeCriticalSection
 0001:00005BF8       Windows.LeaveCriticalSection
 0001:00005C60       Windows.LoadString
 0001:00005C68       Windows.MessageBox
 0001:00005C00       Windows.ReadFile
 0001:00005C08       Windows.ResetEvent
 0001:00005C10       Windows.SetEndOfFile
 0001:00005C18       Windows.SetEvent
 0001:00005C20       Windows.SetFilePointer
 0001:00005C28       Windows.VirtualQuery
 0001:00005C30       Windows.WaitForSingleObject
 0002:00000098       Windows.Windows
 0001:00005C38       Windows.WriteFile
 0001:00005C40       Windows.WritePrivateProfileString


  Address             Publics by Value

 0001:0000000C       System..TObject
 0001:00000100       System..TInterfacedObject
 0001:00000160       System.CloseHandle
 0001:00000168       System.CreateFileA
 0001:00000170       System.GetFileType
 0001:00000178       System.GetFileSize
 0001:00000180       System.GetStdHandle
 0001:00000188       System.RaiseException
 0001:00000190       System.ReadFile
 0001:00000198       System.RtlUnwind
 0001:000001A0       System.SetEndOfFile
 0001:000001A8       System.SetFilePointer
 0001:000001B0       System.UnhandledExceptionFilter
 0001:000001B8       System.WriteFile
 0001:000001C0       System.CharNext
 0001:000001C8       System.ExitProcess
 0001:000001D0       System.MessageBox
 0001:000001D8       System.FindClose
 0001:000001E0       System.FindFirstFile
 0001:000001E8       System.FreeLibrary
 0001:000001F0       System.GetCommandLine
 0001:000001F8       System.GetLastError
 0001:00000200       System.GetLocaleInfo
 0001:00000208       System.GetModuleFileName
 0001:00000210       System.GetModuleHandle
 0001:00000218       System.GetProcAddress
 0001:00000220       System.GetStartupInfo
 0001:00000228       System.GetThreadLocale
 0001:00000230       System.LoadLibraryEx
 0001:00000238       System.LoadString
 0001:00000240       System.lstrcpyn
 0001:00000248       System.@strlen
 0001:00000250       System.MultiByteToWideChar
 0001:00000258       System.RegCloseKey
 0001:00000260       System.RegOpenKeyEx
 0001:00000268       System.RegQueryValueEx
 0001:00000270       System.WideCharToMultiByte
 0001:00000278       System.VirtualQuery
 0001:00000280       System.SysAllocStringLen
 0001:00000288       System.SysReAllocStringLen
 0001:00000290       System.SysFreeString
 0001:00000298       System.InterlockedIncrement
 0001:000002A0       System.InterlockedDecrement
 0001:000002A8       System.GetCurrentThreadId
 0001:000002B0       System.GetCmdShow
 0001:000002D4       System.VirtualAlloc
 0001:000002DC       System.VirtualFree
 0001:000002E4       System.Sleep
 0001:000002EC       System.DestroyWindow
 0001:00000354       System.LockCmpxchg
 0001:0000035C       System.Move12
 0001:00000370       System.Move20
 0001:00000390       System.Move28
 0001:000003BC       System.Move36
 0001:000003DC       System.Move44
 0001:00000400       System.Move52
 0001:0000042C       System.Move60
 0001:0000045C       System.Move68
 0001:00000494       System.MoveX16L4
 0001:000004C4       System.MoveX8L4
 0001:000004E0       System.RemoveMediumFreeBlock
 0001:00000520       System.InsertMediumBlockIntoBin
 0001:00000580       System.BinMediumSequentialFeedRemainder
 0001:000005EC       System.AllocNewSequentialFeedMediumPool
 0001:00000664       System.LockLargeBlocks
 0001:000006AC       System.AllocateLargeBlock
 0001:00000710       System.FreeLargeBlock
 0001:000007B4       System.ReallocateLargeBlock
 0001:00000900       System.SysGetMem
 0001:00000C84       System.SysFreeMem
 0001:00000E7C       System.SysReallocMem
 0001:00001194       System.SysAllocMem
 0001:000011C4       System.NextMediumBlock
 0001:000011E8       System.GetFirstMediumBlockInPool
 0001:00001228       System.GetFirstAndLastSmallBlockInPool
 0001:00001264       System.CardinalToStrBuf
 0001:00001380       System.AppendStringToBuffer
 0001:00001398       System.IsValidVMTAddress
 0001:00001414       System.InternalIsValidClass
 0001:00001494       System.GetObjectClass
 0001:000014BC       System.LockExpectedMemoryLeaksList
 0001:00001530       System.SysRegisterExpectedMemoryLeak
 0001:00001570       System.SysUnregisterExpectedMemoryLeak
 0001:000015C8       System.CheckSmallBlockPoolForLeaks
 0001:00001714       System.ScanForMemoryLeaks
 0001:00001B8C       System.BuildBlockTypeLookupTable
 0001:00001BD0       System.InitializeMemoryManager
 0001:00001CF8       System.FreeAllMemory
 0001:00001D88       System.FinalizeMemoryManager
 0001:00001DDC       System.AllocMem
 0001:00001DF4       System.@GetMem
 0001:00001E10       System.@FreeMem
 0001:00001E28       System.@ReallocMem
 0001:00001E78       System.ExceptObject
 0001:00001E98       System.ExceptAddr
 0001:00001EB8       System.RunErrorAt
 0001:00001EC4       System.ErrorAt
 0001:00001F10       System.Error
 0001:00001F1C       System.@_IOTest
 0001:00001F3C       System.SetInOutRes
 0001:00001F4C       System.@Copy
 0001:00001F90       System.IOResult
 0001:00001FB0       System.Move
 0001:000020B0       System.GetParamStr
 0001:000021AC       System.ParamCount
 0001:0000220C       System.ParamStr
 0001:0000226C       System.@AbstractError
 0001:00002288       System.OpenText
 0001:000022E0       System.@RewritText
 0001:000022EC       System.TextIn
 0001:00002328       System.FileNOPProc
 0001:0000232C       System.TextOut
 0001:00002368       System.InternalClose
 0001:00002378       System.TextClose
 0001:00002398       System.TextOpen
 0001:00002544       System.@Assign
 0001:000025AC       System.InternalFlush
 0001:000025F4       System.Flush
 0001:00002600       System.@Flush
 0001:0000260C       System.@Close
 0001:00002664       System.@AStrCmp
 0001:000026D4       System.@FillChar
 0001:00002770       System.@ValLong
 0001:00002844       System.TryOpenForOutput
 0001:00002888       System.@WriteBytes
 0001:000028DC       System.@WriteSpaces
 0001:00002958       System.@WriteLn
 0001:000029A0       System.FPower10
 0001:000029A8       System.@Pow10
 0001:00002C8C       System.GetKeyboardType
 0001:00002C94       System.@isNECWindows
 0001:00002CC4       System.@FpuMaskInit
 0001:00002D88       System.@FpuInit
 0001:00002D94       System.@IntOver
 0001:00002D9C       System.TObject.ClassType
 0001:00002DA4       System.TObject.ClassName
 0001:00002DB8       System.TObject.ClassParent
 0001:00002DC4       System.TObject.NewInstance
 0001:00002DE0       System.TObject.FreeInstance
 0001:00002DF4       System.TObject.InstanceSize
 0001:00002DFC       System.TObject.Create
 0001:00002E1C       System.TObject.Destroy
 0001:00002E2C       System.TObject.Free
 0001:00002E38       System.TObject.InitInstance
 0001:00002E90       System.TObject.CleanupInstance
 0001:00002EB0       System.InvokeImplGetter
 0001:00002EE0       System.TObject.GetInterface
 0001:00002F74       System.TObject.GetInterfaceEntry
 0001:00002FB8       System.@IsClass
 0001:00002FDC       System.GetDynaMethod
 0001:0000300C       System.@CallDynaInst
 0001:00003024       System.TObject.InheritsFrom
 0001:00003038       System.TObject.SafeCallException
 0001:00003040       System.TObject.DefaultHandler
 0001:00003044       System.TObject.AfterConstruction
 0001:00003048       System.TObject.BeforeDestruction
 0001:0000304C       System.TObject.Dispatch
 0001:00003074       System.@ClassCreate
 0001:000030C4       System.@ClassDestroy
 0001:000030CC       System.@AfterConstruction
 0001:0000311C       System.@BeforeDestruction
 0001:0000312C       System.NotifyReRaise
 0001:00003148       System.NotifyNonDelphiException
 0001:0000316C       System.NotifyExcept
 0001:00003184       System.NotifyOnExcept
 0001:00003198       System.NotifyAnyExcept
 0001:000031AC       System.CheckJmp
 0001:000031CC       System.NotifyExceptFinally
 0001:000031F4       System.NotifyTerminate
 0001:00003210       System.NotifyUnhandled
 0001:00003230       System.@HandleAnyException
 0001:0000335C       System.@HandleOnException
 0001:000034E4       System.@HandleFinally
 0001:0000358C       System.@HandleFinallyInternal
 0001:000035C4       System.@RaiseExcept
 0001:000035EC       System.@RaiseAgain
 0001:00003640       System.@DoneExcept
 0001:00003670       System.MapToRunError
 0001:00003710       System.@ExceptionHandler
 0001:000037B0       System.SetExceptionHandler
 0001:000037D0       System.UnsetExceptionHandler
 0001:000037F8       System.FinalizeUnits
 0001:0000385C       System.InitUnits
 0001:000038C4       System.@StartExe
 0001:00003904       System.@InitResStringImports
 0001:0000392C       System.@InitImports
 0001:00003950       System.MakeErrorMessage
 0001:000039B4       System.ExitDll
 0001:000039E4       System.WriteErrorMessage
 0001:00003A70       System.@Halt0
 0001:00003B4C       System.@Halt
 0001:00003B58       System.@RunError
 0001:00003B64       System.@Assert
 0001:00003B84       System.@LStrClr
 0001:00003BA8       System.@LStrArrayClr
 0001:00003BD8       System.@LStrAsg
 0001:00003C1C       System.@LStrLAsg
 0001:00003C48       System.@NewAnsiString
 0001:00003C74       System.@LStrFromPCharLen
 0001:00003CA4       System.CharFromWChar
 0001:00003CC4       System.WCharFromChar
 0001:00003CE0       System.@LStrFromPWCharLen
 0001:00003D6C       System.@LStrFromChar
 0001:00003D7C       System.@LStrFromPChar
 0001:00003DAC       System.@LStrFromPWChar
 0001:00003DE8       System.@LStrFromString
 0001:00003DF4       System.@LStrFromArray
 0001:00003E0C       System.@LStrFromWStr
 0001:00003E20       System.@LStrLen
 0001:00003E2C       System.@LStrCat
 0001:00003E78       System.@LStrCat3
 0001:00003EF4       System.@LStrCatN
 0001:00003F88       System.@LStrCmp
 0001:00003FE0       System.@LStrAddRef
 0001:00003FF0       System.@LStrToPChar
 0001:00004004       System.InternalUniqueString
 0001:00004048       System.UniqueString
 0001:00004050       System.@UniqueStringA
 0001:00004058       System.@LStrCopy
 0001:00004098       System.@LStrDelete
 0001:000040E0       System.Pos
 0001:00004224       System.@LStrSetLength
 0001:00004288       System.@Write0LString
 0001:00004290       System.@WriteLString
 0001:000042B0       System.WStrError
 0001:000042B8       System.@NewWideString
 0001:000042D0       System.WStrSet
 0001:000042E0       System.@WStrClr
 0001:000042F8       System.@WStrArrayClr
 0001:0000431C       System.@WStrAsg
 0001:00004344       System.@WStrFromPCharLen
 0001:000043D0       System.@WStrFromPWCharLen
 0001:000043F4       System.@WStrFromPWChar
 0001:00004430       System.@WStrFromLStr
 0001:00004440       System.@WStrToPWChar
 0001:00004450       System.@WStrLen
 0001:0000445C       System.@WStrCmp
 0001:000044E0       System.@WStrCopy
 0001:0000452C       System.@WStrSetLength
 0001:00004570       System.@FinalizeRecord
 0001:000045A4       System.@VarClr
 0001:000045BC       System.@FinalizeArray
 0001:000046A8       System.@Finalize
 0001:000046B4       System.@VarCopy
 0001:000046CC       System.@CopyRecord
 0001:000047E8       System.@CopyArray
 0001:000048E0       System.@Dispose
 0001:000048F0       System.@DispCallByIDError
 0001:000048F8       System.@_llmul
 0001:0000491C       System.@DynArrayLength
 0001:00004924       System.@DynArrayHigh
 0001:0000492C       System.CopyArray
 0001:0000493C       System.FinalizeArray
 0001:00004944       System.DynArrayClear
 0001:0000494C       System.DynArraySetLength
 0001:00004AD8       System.@DynArraySetLength
 0001:00004AE4       System.@DynArrayClear
 0001:00004B20       System.@DynArrayAsg
 0001:00004B48       System.FindHInstance
 0001:00004B70       System.DelayLoadResourceModule
 0001:00004BB8       System.FindResourceHInstance
 0001:00004BF0       System.FindBS
 0001:00004C10       System.ToLongPath
 0001:00004DD4       System.LoadResourceModule
 0001:00005044       System.AddModuleUnloadProc
 0001:0000504C       System.RemoveModuleUnloadProc
 0001:00005054       System.AddModuleUnloadProc
 0001:00005074       System.RemoveModuleUnloadProc
 0001:000050D8       System.NotifyModuleUnload
 0001:00005134       System.RegisterModule
 0001:00005144       System.UnregisterModule
 0001:000051B4       System.@IntfClear
 0001:000051CC       System.@IntfCopy
 0001:000051F8       System.TInterfacedObject.AfterConstruction
 0001:00005204       System.TInterfacedObject.BeforeDestruction
 0001:00005214       System.TInterfacedObject.NewInstance
 0001:00005224       System.TInterfacedObject.QueryInterface
 0001:0000524C       System.TInterfacedObject._AddRef
 0001:00005260       System.TInterfacedObject._Release
 0001:00005288       System.UnicodeToUtf8
 0001:00005364       System.Utf8ToUnicode
 0001:00005494       System.UTF8Encode
 0001:00005550       System.UTF8Decode
 0001:00005608       System.AnsiToUtf8
 0001:00005658       System.LoadResString
 0001:000056B0       System.GetACP
 0001:000056B8       System.Finalization
 0001:00005718       SysInit.GetModuleHandle
 0001:00005720       SysInit.LocalAlloc
 0001:00005728       SysInit.TlsGetValue
 0001:00005730       SysInit.TlsSetValue
 0001:00005738       SysInit.AllocTlsBuffer
 0001:00005744       SysInit.GetTlsSize
 0001:0000574C       SysInit.InitThreadTLS
 0001:00005790       SysInit.@GetTls
 0001:000057D0       SysInit.InitializeModule
 0001:000057DC       SysInit.@InitExe
 0001:00005B18       Windows.CloseHandle
 0001:00005B20       Windows.CompareString
 0001:00005B28       Windows.CreateEvent
 0001:00005B30       Windows.CreateFile
 0001:00005B38       Windows.DeleteCriticalSection
 0001:00005B40       Windows.EnterCriticalSection
 0001:00005B48       Windows.EnumCalendarInfoA
 0001:00005B50       Windows.FindClose
 0001:00005B58       Windows.FindFirstFile
 0001:00005B60       Windows.FormatMessage
 0001:00005B68       Windows.FreeLibrary
 0001:00005B70       Windows.GetCPInfo
 0001:00005B78       Windows.GetCurrentThreadId
 0001:00005B80       Windows.GetDateFormat
 0001:00005B88       Windows.GetDiskFreeSpaceA
 0001:00005B90       Windows.GetFileAttributes
 0001:00005B98       Windows.GetFullPathName
 0001:00005BA0       Windows.GetLastError
 0001:00005BA8       Windows.GetLocalTime
 0001:00005BB0       Windows.GetLocaleInfo
 0001:00005BB8       Windows.GetModuleFileName
 0001:00005BC0       Windows.GetModuleHandle
 0001:00005BC8       Windows.GetPrivateProfileString
 0001:00005BD0       Windows.GetProcAddress
 0001:00005BD8       Windows.GetStdHandle
 0001:00005BE0       Windows.GetThreadLocale
 0001:00005BE8       Windows.GetVersionEx
 0001:00005BF0       Windows.InitializeCriticalSection
 0001:00005BF8       Windows.LeaveCriticalSection
 0001:00005C00       Windows.ReadFile
 0001:00005C08       Windows.ResetEvent
 0001:00005C10       Windows.SetEndOfFile
 0001:00005C18       Windows.SetEvent
 0001:00005C20       Windows.SetFilePointer
 0001:00005C28       Windows.VirtualQuery
 0001:00005C30       Windows.WaitForSingleObject
 0001:00005C38       Windows.WriteFile
 0001:00005C40       Windows.WritePrivateProfileString
 0001:00005C48       Windows.CharNext
 0001:00005C50       Windows.CharToOemA
 0001:00005C58       Windows.GetSystemMetrics
 0001:00005C60       Windows.LoadString
 0001:00005C68       Windows.MessageBox
 0001:00005C70       Windows.Finalization
 0001:00005CB4       SysUtils..Exception
 0001:00005D1C       SysUtils..EHeapException
 0001:00005D78       SysUtils..EOutOfMemory
 0001:00005DD4       SysUtils..EInOutError
 0001:00005E2C       SysUtils..EExternal
 0001:00005E84       SysUtils..EExternalException
 0001:00005EE4       SysUtils..EIntError
 0001:00005F3C       SysUtils..EDivByZero
 0001:00005F94       SysUtils..ERangeError
 0001:00005FEC       SysUtils..EIntOverflow
 0001:00006048       SysUtils..EMathError
 0001:000060A0       SysUtils..EInvalidOp
 0001:000060F8       SysUtils..EZeroDivide
 0001:00006150       SysUtils..EOverflow
 0001:000061A8       SysUtils..EUnderflow
 0001:00006200       SysUtils..EInvalidPointer
 0001:0000625C       SysUtils..EInvalidCast
 0001:000062B8       SysUtils..EConvertError
 0001:00006314       SysUtils..EAccessViolation
 0001:00006374       SysUtils..EPrivilege
 0001:000063CC       SysUtils..EStackOverflow
 0001:00006428       SysUtils..EControlC
 0001:00006480       SysUtils..EVariantError
 0001:000064DC       SysUtils..EAssertionFailed
 0001:0000653C       SysUtils..EAbstractError
 0001:00006598       SysUtils..EIntfCastError
 0001:000065F4       SysUtils..EOSError
 0001:0000664C       SysUtils..ESafecallException
 0001:00006700       SysUtils..TThreadLocalCounter
 0001:000067DC       SysUtils..TMultiReadExclusiveWriteSynchronizer
 0001:00006850       SysUtils.DivMod
 0001:0000686C       SysUtils.ConvertErrorFmt
 0001:00006890       SysUtils.UpperCase
 0001:00006918       SysUtils.LowerCase
 0001:000069A0       SysUtils.CompareStr
 0001:00006A08       SysUtils.CompareText
 0001:00006AA4       SysUtils.SameText
 0001:00006AC8       SysUtils.AnsiCompareText
 0001:00006B0C       SysUtils.Trim
 0001:00006B60       SysUtils.CvtInt
 0001:00006BAC       SysUtils.IntToStr
 0001:00006BCC       SysUtils.CvtInt64
 0001:00006C98       SysUtils.IntToStr
 0001:00006CC0       SysUtils.IntToHex
 0001:00006CE8       SysUtils.StrToInt
 0001:00006D24       SysUtils.StrToIntDef
 0001:00006D3C       SysUtils.TryStrToInt
 0001:00006D5C       SysUtils.VerifyBoolStrArray
 0001:00006DEC       SysUtils.CompareWith
 0001:00006E70       SysUtils.TryStrToBool
 0001:00006F0C       SysUtils.BoolToStr
 0001:00006F58       SysUtils.FileOpen
 0001:00006FB0       SysUtils.FileRead
 0001:00006FDC       SysUtils.FileWrite
 0001:00007008       SysUtils.FileSeek
 0001:00007058       SysUtils.ExistsLockedOrShared
 0001:00007098       SysUtils.FileExists
 0001:000070E0       SysUtils.LastDelimiter
 0001:00007134       SysUtils.ChangeFileExt
 0001:000071C8       SysUtils.ExtractFileName
 0001:00007200       SysUtils.ExpandFileName
 0001:0000723C       SysUtils.BackfillGetDiskFreeSpaceEx
 0001:000072B0       SysUtils.StrLen
 0001:000072E0       SysUtils.StrMove
 0001:000072F0       SysUtils.StrLCopy
 0001:00007324       SysUtils.StrLIComp
 0001:00007368       SysUtils.StrScan
 0001:0000737C       SysUtils.StrPos
 0001:000073D0       SysUtils.StrAlloc
 0001:000073E4       SysUtils.StrNew
 0001:00007410       SysUtils.FormatError
 0001:00007468       SysUtils.FormatVarToStr
 0001:0000748C       SysUtils.FormatClearStr
 0001:00007498       SysUtils.FormatBuf
 0001:00007810       SysUtils.StrLFmt
 0001:00007850       SysUtils.Format
 0001:00007864       SysUtils.FmtStr
 0001:00007940       SysUtils.PutExponent
 0001:00007984       SysUtils.FloatToText
 0001:00007C58       SysUtils.FloatToDecimal
 0001:00007E84       SysUtils.TextToFloat
 0001:00007F98       SysUtils.FloatToStr
 0001:00007FC8       SysUtils.CurrToStr
 0001:00007FF8       SysUtils.StrToFloat
 0001:00008034       SysUtils.TryStrToFloat
 0001:00008050       SysUtils.TryStrToFloat
 0001:0000807C       SysUtils.TryStrToFloat
 0001:000080A8       SysUtils.TryStrToCurr
 0001:000080C4       SysUtils.DateTimeToTimeStamp
 0001:00008108       SysUtils.TryEncodeTime
 0001:00008178       SysUtils.DecodeTime
 0001:000081D4       SysUtils.IsLeapYear
 0001:00008210       SysUtils.TryEncodeDate
 0001:000082DC       SysUtils.DecodeDateFully
 0001:00008428       SysUtils.DecodeDate
 0001:00008448       SysUtils.DayOfWeek
 0001:00008470       SysUtils.CurrentYear
 0001:00008484       SysUtils.AppendChars
 0001:000084C8       SysUtils.AppendString
 0001:000084E4       SysUtils.AppendNumber
 0001:00008530       SysUtils.GetCount
 0001:0000855C       SysUtils.GetDate
 0001:00008594       SysUtils.GetTime
 0001:000085D4       SysUtils.ConvertEraString
 0001:00008750       SysUtils.ConvertYearString
 0001:00008868       SysUtils.AppendFormat
 0001:00009020       SysUtils.DateTimeToString
 0001:0000907C       SysUtils.ScanBlanks
 0001:000090A0       SysUtils.ScanNumber
 0001:00009134       SysUtils.ScanString
 0001:0000920C       SysUtils.ScanChar
 0001:00009248       SysUtils.GetDateOrder
 0001:00009294       SysUtils.ScanToNumber
 0001:000092DC       SysUtils.GetEraYearOffset
 0001:00009330       SysUtils.EraToYear
 0001:0000938C       SysUtils.ScanDate
 0001:000096D8       SysUtils.ScanTime
 0001:000098D0       SysUtils.StrToDate
 0001:00009904       SysUtils.TryStrToDate
 0001:0000993C       SysUtils.StrToTime
 0001:00009970       SysUtils.TryStrToTime
 0001:000099A8       SysUtils.StrToDateTime
 0001:000099DC       SysUtils.TryStrToDateTime
 0001:00009A78       SysUtils.SysErrorMessage
 0001:00009AC4       SysUtils.GetLocaleStr
 0001:00009B10       SysUtils.GetLocaleChar
 0001:00009B3C       SysUtils.LocalGetLocaleStr
 0001:00009B78       SysUtils.GetMonthDayNames
 0001:00009C9C       SysUtils.EnumEraNames
 0001:00009CD8       SysUtils.EnumEraYearOffsets
 0001:00009D50       SysUtils.GetEraNamesAndYearOffsets
 0001:00009E00       SysUtils.TranslateDateFormat
 0001:0000A030       SysUtils.ConvertAddr
 0001:0000A03C       SysUtils.ExceptionErrorMessage
 0001:0000A1C4       SysUtils.ShowException
 0001:0000A28C       SysUtils.Exception.Create
 0001:0000A2C8       SysUtils.Exception.CreateFmt
 0001:0000A348       SysUtils.Exception.CreateRes
 0001:0000A384       SysUtils.Exception.CreateResFmt
 0001:0000A418       SysUtils.EHeapException.FreeInstance
 0001:0000A444       SysUtils.CreateInOutError
 0001:0000A4C4       SysUtils.ErrorHandler
 0001:0000A514       SysUtils.CreateAssertException
 0001:0000A5C0       SysUtils.RaiseAssertException
 0001:0000A5D0       SysUtils.AssertErrorHandler
 0001:0000A5EC       SysUtils.AbstractErrorHandler
 0001:0000A604       SysUtils.MapException
 0001:0000A684       SysUtils.GetExceptionClass
 0001:0000A69C       SysUtils.CreateAVObject
 0001:0000A868       SysUtils.GetExceptionObject
[...]
 0001:000140CC       IniFiles.TIniFile.UpdateFile
 0001:000140E8       IniFiles.Finalization
 0001:00014130       typ_dofReader..EBadDOFFile
 0001:000141C0       const_dofReader.Finalization
 0001:00014208       dofreader..TDelphiDOFReader
 0001:0001426C       dofreader.TDelphiDOFReader.Create
 0001:000142C4       dofreader.TDelphiDOFReader.Destroy
 0001:00014304       dofreader.TDelphiDOFReader.LoadFromFile
 0001:000143F4       dofreader.TDelphiDOFReader.setDofSection
 0001:00014414       dofFlagExtractor..TDOFFlagExtractor
 0001:00014478       dofFlagExtractor.TDOFFlagExtractor.Create
 0001:000144C4       dofFlagExtractor.TDOFFlagExtractor.Destroy
 0001:000145B4       dofCompilerFlags..TCompilerFlagExtractor
 0001:0001463C       dofCompilerFlags.TCompilerFlagExtractor.ExtractValues
 0001:000147DC       dofCompilerFlags.Finalization
 0001:00014838       tokenizer..TTokenizer
 0001:00014894       tokenizer.TTokenizer.Count
 0001:000148A0       tokenizer.TTokenizer.create
 0001:00014914       tokenizer.TTokenizer.Destroy
 0001:00014944       tokenizer.TTokenizer.FindDelimeterPosition
 0001:0001498C       tokenizer.TTokenizer.GetToken
 0001:00014AA4       tokenizer.TTokenizer.GetTokenItem
 0001:00014AF0       tokenizer.TTokenizer.Tokenize
 0001:00014B68       dofDirectoriesFlags..TDirectoriesFlagExtractor
 0001:00014BD4       dofDirectoriesFlags..TElementExtractor
 0001:00014C38       dofDirectoriesFlags.TDirectoriesFlagExtractor.Create
 0001:00014C8C       dofDirectoriesFlags.TDirectoriesFlagExtractor.Destroy
 0001:00014CD4       dofDirectoriesFlags.TDirectoriesFlagExtractor.ExtractValues
 0001:00014F2C       dofDirectoriesFlags.TElementExtractor.create
 0001:00014F94       dofDirectoriesFlags.TElementExtractor.Destroy
 0001:00014FBC       dofDirectoriesFlags.TElementExtractor.elementsToList
 0001:000150C4       dofDirectoriesFlags.Finalization
 0001:0001510C       dofLinkerFlags..TLinkerFlagExtractor
 0001:00015194       dofLinkerFlags.TLinkerFlagExtractor.ExtractValues
 0001:00015370       dofLinkerFlags.Finalization
 0001:000153B8       wantWriter..TTextfileoutput
 0001:00015414       wantWriter..TWantCompileWriter
 0001:00015488       wantWriter.TWantCompileWriter.outputValueElementValues
 0001:000154B4       wantWriter.TWantCompileWriter.outputPathElementValues
 0001:000154E0       wantWriter.TWantCompileWriter.OutputElementValues
 0001:00015640       wantWriter.TWantCompileWriter.AttributeElement
 0001:000156D0       wantWriter.TWantCompileWriter.OutputTag
 0001:00015810       wantWriter.TWantCompileWriter.WriteFile
 0001:00015F28       wantWriter.TWantCompileWriter.Create
 0001:00015F68       wantWriter.TWantCompileWriter.Destroy
 0001:00015F90       wantWriter.TTextfileoutput.Create
 0001:00016010       wantWriter.TTextfileoutput.Destroy
 0001:00016044       wantWriter.TTextfileoutput.outputString
 0001:0001609C       dof2want.outputStr
 0001:000160F0       dof2want.usage
 0001:00016120       dof2want.CreateWantFile
 0001:00016330       dof2want.Banner
 0001:00016368       dof2want.Finalization
 0002:00000000       System.System
 0002:00000098       Windows.Windows
 0002:000000AC       SysUtils.SysUtils
 0002:00000134       VarUtils.VarUtils
 0002:00000144       Variants.Variants
 0002:000001F0       TypInfo.TypInfo
 0002:000001F8       Classes.Classes
 0002:0000028C       dccFlags.dccFlags
 0002:00000294       IniFiles.IniFiles
 0002:0000029C       const_dofReader.const_dofReader
 0002:000002A4       dofCompilerFlags.dofCompilerFlags
 0002:000002AC       dofDirectoriesFlags.dofDirectoriesFlags
 0002:000002B4       dofLinkerFlags.dofLinkerFlags
 0002:000002BC       dof2want.dof2want
 0003:00000000       System.ExitCode
 0003:00000004       System.ErrorAddr
 0003:00000008       System.FileMode
 0003:0000000C       System.VarClearProc
 0003:00000010       System.VarAddRefProc
 0003:00000014       System.VarCopyProc
 0003:00000018       System.VarToLStrProc
 0003:0000001C       System.VarToWStrProc
 0003:00000020       System.Default8087CW
 0003:00000024       System.DebugHook
 0003:00000028       System.JITEnable
 0003:0000002C       System.NoErrMsg
 0003:00000030       System.DefaultTextLineBreakStyle
 0003:00000034       System.LibModuleList
 0003:00000038       System.ModuleUnloadList
 0003:0000003C       System.Copyright
 0003:00000040       System.SmallBlockTypes
 0003:00000720       System.MemoryManager
 0003:00000738       System.reMap
 0003:00000754       System.errCaption
 0003:0000075C       System.runErrMsg
 0003:0000077C       System.dig
 0003:0000078C       SysInit.TlsIndex
 0003:00000790       SysInit.PtrToNil
 0003:00000794       SysInit.Module
 0003:000007AC       SysUtils.EmptyStr
 0003:000007B0       SysUtils.EmptyWideStr
 0003:000007B4       SysUtils.Win32Platform
 0003:000007B8       SysUtils.Win32MajorVersion
 0003:000007BC       SysUtils.Win32MinorVersion
 0003:000007C0       SysUtils.Win32BuildNumber
 0003:000007C4       SysUtils.Win32CSDVersion
 0003:000007C8       SysUtils.TwoDigitYearCenturyWindow
 0003:000007CC       SysUtils.MonthDays
 0003:000007FC       SysUtils.LeadBytes
 0003:0000081C       SysUtils.HexDisplayPrefix
 0003:00000820       SysUtils.GetDiskFreeSpaceEx
 0003:00000824       SysUtils.cSimpleBoolStrs
 0003:0000082C       SysUtils.AccessMode
 0003:00000838       SysUtils.ShareMode
 0003:0000084C       SysUtils.FormatErrorStrs
 0003:00000854       SysUtils.FCon1E18
 0003:00000860       SysUtils.DCon10
 0003:00000864       SysUtils.CWNear
 0003:00000868       SysUtils.FMSecsPerDay
 0003:0000086C       SysUtils.IMSecsPerDay
 0003:00000870       SysUtils.Format
 0003:00000874       SysUtils.DefShortMonthNames
 0003:000008A4       SysUtils.DefLongMonthNames
 0003:000008D4       SysUtils.DefShortDayNames
 0003:000008F0       SysUtils.DefLongDayNames
 0003:0000090C       SysUtils.ErrorMap
 0003:00000944       SysUtils.ExceptMap
 0003:000009F4       SysUtils.TerminateProcList
 0003:000009F8       VarUtils.CResult
 0003:00000A00       Variants.NullStrictConvert
 0003:00000A04       Variants.NullAsStringValue
 0003:00000A08       Variants.BooleanToStringRule
 0003:00000A0C       Variants.CInvalidCustomVariantType
 0003:00000A10       Variants.CText
 0003:00000A64       Variants.CRelationshipToBoolean
 0003:00000A78       TypInfo.BooleanIdents
 0003:00000A80       TypInfo.DotSep
 0003:00000A84       Classes.Convert
 0003:00000A94       Classes.Convert
 0003:00000B04       Classes.SyncList
 0003:00000B08       dccFlags.VerboseFlagDescription
 0003:00000BD4       IniFiles.Values
 0003:00000BDC       const_dofReader.NamesOfSections
 0003:00000BE8       dofCompilerFlags.DCCCompilerFlags
 0003:00000C2C       dofCompilerFlags.BoolToStr
 0003:00000C34       dofDirectoriesFlags.BoolToStr
 0003:00000C3C       dofLinkerFlags.BoolToStr
 0004:00000000       System.DispCallByIDProc
 0004:00000004       System.ExceptProc
 0004:00000008       System.ErrorProc
 0004:0000000C       System.ExceptClsProc
 0004:00000010       System.ExceptObjProc
 0004:00000014       System.RaiseExceptionProc
 0004:00000018       System.RTLUnwindProc
 0004:0000001C       System.ExceptionClass
 0004:00000020       System.AssertErrorProc
 0004:00000024       System.ExitProcessProc
 0004:00000028       System.AbstractErrorProc
 0004:0000002C       System.MainInstance
 0004:00000030       System.MainThreadID
 0004:00000034       System.IsLibrary
 0004:00000038       System.CmdShow
 0004:0000003C       System.CmdLine
 0004:00000040       System.ExitProc
 0004:00000044       System.IsConsole
 0004:00000045       System.IsMultiThread
 0004:00000046       System.Test8086
 0004:00000048       System.Input
 0004:00000214       System.Output
 0004:000003E0       System.ErrOutput
 0004:000005AC       System.ReportMemoryLeaksOnShutdown
 0004:000005AD       System.NeverSleepOnMMThreadContention
 0004:000005B0       System..6
 0004:000005B4       System.DefaultSystemCodePage
 0004:000005B8       System.AllocSize2SmallBlockTypeIndX4
 0004:000006FE       System.MinimumBlockAlignment
 0004:00000700       System.MediumBlockPoolsCircularList
 0004:00000710       System.MediumBlocksLocked
 0004:00000714       System.LastSequentiallyFedMediumBlock
 0004:00000718       System.MediumSequentialFeedBytesLeft
 0004:0000071C       System.MediumBlockBinGroupBitmap
 0004:00000720       System.MediumBlockBinBitmaps
 0004:000007A0       System.MediumBlockBins
 0004:000027A0       System.LargeBlocksLocked
 0004:000027A4       System.LargeBlocksCircularList
 0004:000027B4       System.ExpectedMemoryLeaks
 0004:000027B8       System.ExpectedMemoryLeaksListLocked
 0004:000027BC       System.MMSharingWindow
 0004:000027C0       System.InitContext
 0004:000027EC       SysInit.ModuleIsLib
 0004:000027ED       SysInit.ModuleIsCpp
 0004:000027F0       SysInit.HInstance
 0004:000027F4       SysInit.tlsBuffer
 0004:000027F8       Windows..3
 0004:000027FC       Windows.HtmlHelpModule
 0004:00002800       SysUtils.CurrencyString
 0004:00002804       SysUtils.CurrencyFormat
 0004:00002805       SysUtils.NegCurrFormat
 0004:00002806       SysUtils.ThousandSeparator
 0004:00002807       SysUtils.DecimalSeparator
 0004:00002808       SysUtils.CurrencyDecimals
 0004:00002809       SysUtils.DateSeparator
 0004:0000280C       SysUtils.ShortDateFormat
 0004:00002810       SysUtils.LongDateFormat
 0004:00002814       SysUtils.TimeSeparator
 0004:00002818       SysUtils.TimeAMString
 0004:0000281C       SysUtils.TimePMString
 0004:00002820       SysUtils.ShortTimeFormat
 0004:00002824       SysUtils.LongTimeFormat
 0004:00002828       SysUtils.ShortMonthNames
 0004:00002858       SysUtils.LongMonthNames
 0004:00002888       SysUtils.ShortDayNames
 0004:000028A4       SysUtils.LongDayNames
 0004:000028C0       SysUtils.SysLocale
 0004:000028CE       SysUtils.ListSeparator
 0004:000028D0       SysUtils.EraNames
 0004:000028EC       SysUtils.EraYearOffsets
 0004:00002908       SysUtils.TrueBoolStrs
 0004:0000290C       SysUtils.FalseBoolStrs
 0004:00002910       SysUtils..35
 0004:00002914       SysUtils.OutOfMemory
 0004:00002918       SysUtils.InvalidPointer
 0004:0000291C       SysUtils.ValidatedUnitHashBuckets
 0004:00003910       SysUtils.UnitHashBuckets
 0004:00004904       SysUtils.FLanguages
 0004:00004908       VarUtils.VariantChangeTypeEx
 0004:0000490C       VarUtils.VarNeg
 0004:00004910       VarUtils.VarNot
 0004:00004914       VarUtils.VarAdd
 0004:00004918       VarUtils.VarSub
 0004:0000491C       VarUtils.VarMul
 0004:00004920       VarUtils.VarDiv
 0004:00004924       VarUtils.VarIDiv
 0004:00004928       VarUtils.VarMod
 0004:0000492C       VarUtils.VarAnd
 0004:00004930       VarUtils.VarOr
 0004:00004934       VarUtils.VarXor
 0004:00004938       VarUtils.VarCmp
 0004:0000493C       VarUtils.VarI4FromStr
 0004:00004940       VarUtils.VarR4FromStr
 0004:00004944       VarUtils.VarR8FromStr
 0004:00004948       VarUtils.VarDateFromStr
 0004:0000494C       VarUtils.VarCyFromStr
 0004:00004950       VarUtils.VarBoolFromStr
 0004:00004954       VarUtils.VarBstrFromCy
 0004:00004958       VarUtils.VarBstrFromDate
 0004:0000495C       VarUtils.VarBstrFromBool
 0004:00004960       VarUtils..5
 0004:00004964       Variants.EmptyParam
 0004:00004974       Variants.VarDispProc
 0004:00004978       Variants.ClearAnyProc
 0004:0000497C       Variants.ChangeAnyProc
 0004:00004980       Variants.RefAnyProc
 0004:00004984       Variants..81
 0004:00004988       Variants.LVarTypes
 0004:0000498C       Variants.LVarTypeSync
 0004:000049A4       TypInfo..6
 0004:000049A8       Classes.GlobalNameSpace
 0004:000049AC       Classes.SyncEvent
 0004:000049B0       Classes..95
 0004:000049B4       Classes.IntConstList
 0004:000049B8       Classes.RegGroups
 0004:000049BC       Classes.FindGlobalComponentProcs
 0004:000049C0       Classes.GlobalFixupList
 0004:000049C4       Classes.ThreadLock
 0004:000049DC       dccFlags..2
 0004:000049E0       IniFiles..8
 0004:000049E4       const_dofReader..2
 0004:000049E8       dofCompilerFlags..3
 0004:000049EC       dofDirectoriesFlags..2
 0004:000049F0       dofLinkerFlags..2
 0005:00000000       System.RaiseListPtr
 0005:00000004       System.InOutRes
 0005:00000008       Classes.GlobalLists
 0005:0000000C       SysInit.TlsLast


Line numbers for dccFlags(dccflags.pas) segment .itext

    70 0002:0000028C

Line numbers for typ_dofReader(typ_dofReader.pas) segment .text

    47 0001:00000000

Line numbers for const_dofReader(const_dofReader.pas) segment .itext

    42 0002:0000029C

Line numbers for dofreader(dofreader.pas) segment .text

    71 0001:0001426C    72 0001:0001427E    73 0001:00014283    74 0001:00014292
    75 0001:000142A1    76 0001:000142AA    79 0001:000142C4    80 0001:000142CF
    81 0001:000142D7    82 0001:000142DF    83 0001:000142E7    84 0001:000142F3
    92 0001:00014304    93 0001:00014328    94 0001:0001432C    95 0001:00014334
    96 0001:00014342    97 0001:00014356    98 0001:0001435D    99 0001:00014368
   100 0001:00014375   103 0001:0001437B   104 0001:00014383   105 0001:00014390
   103 0001:00014397   108 0001:000143AA   110 0001:000143B3   111 0001:000143B9
   112 0001:000143CD   115 0001:000143F4   116 0001:000143F5   117 0001:000143FA
   118 0001:00014412   120 0001:00014442

Line numbers for dofFlagExtractor(dofFlagExtractor.pas) segment .text

    59 0001:00014478    60 0001:0001448D    61 0001:00014496    62 0001:00014499
    63 0001:000144A8    66 0001:000144C4    67 0001:000144CF    68 0001:000144D7
    69 0001:000144E3    71 0001:0001451F

Line numbers for dofCompilerFlags(dofCompilerFlags.pas) segment .text

   102 0001:0001463C   103 0001:0001465B   105 0001:00014666   106 0001:00014672
   108 0001:00014688   109 0001:0001469E   110 0001:000146A6   112 0001:000146AD
   113 0001:000146BB   115 0001:000146E5   117 0001:000146EA   106 0001:000146F2
   118 0001:000146F7   120 0001:00014706   122 0001:0001471C   123 0001:0001472A
   124 0001:00014740   125 0001:00014748   127 0001:00014771   128 0001:00014776

Line numbers for dofCompilerFlags(dofCompilerFlags.pas) segment .itext

   130 0002:000002A4

Line numbers for tokenizer(tokenizer.pas) segment .text

    75 0001:00014894    76 0001:0001489C    79 0001:000148A0    80 0001:000148B3
    81 0001:000148C4    82 0001:000148D3    83 0001:000148D7    86 0001:00014914
    87 0001:0001491F    88 0001:00014927    89 0001:00014933    96 0001:00014944
    97 0001:00014958    98 0001:0001495A   101 0001:00014961   103 0001:0001496F
   105 0001:00014971    99 0001:00014972   107 0001:00014981   112 0001:0001498C
   113 0001:000149AB   119 0001:000149BB   120 0001:000149CC   122 0001:000149D2
   123 0001:000149DA   124 0001:000149DC   117 0001:000149E9   128 0001:00014A03
   130 0001:00014A11   132 0001:00014A2A   133 0001:00014A32   134 0001:00014A34
   137 0001:00014A3E   139 0001:00014A42   140 0001:00014A4C   141 0001:00014A53
   142 0001:00014A55   146 0001:00014A5F   147 0001:00014A72   148 0001:00014A80
   150 0001:00014A91   152 0001:00014A98   155 0001:00014AA4   156 0001:00014AB2
   157 0001:00014AC0   159 0001:00014ADC   161 0001:00014AE9   166 0001:00014AF0
   167 0001:00014B17   170 0001:00014B21   168 0001:00014B2C   172 0001:00014B41
   174 0001:00014B96

Line numbers for dofDirectoriesFlags(dofDirectoriesFlags.pas) segment .text

    78 0001:00014C38    79 0001:00014C4A    80 0001:00014C53    81 0001:00014C62
    82 0001:00014C71    85 0001:00014C8C    86 0001:00014C97    87 0001:00014CA3
   107 0001:00014CD4   108 0001:00014CF3   109 0001:00014CFF   110 0001:00014D0D
   111 0001:00014D23   112 0001:00014D29   114 0001:00014D4B   116 0001:00014D50
   117 0001:00014D5E   118 0001:00014D74   119 0001:00014D7A   121 0001:00014D9C
   124 0001:00014DA1   125 0001:00014DB0   126 0001:00014DBE   127 0001:00014DC9
   128 0001:00014DD7   129 0001:00014DED   130 0001:00014DF7   132 0001:00014E14
   133 0001:00014E19   134 0001:00014E27   135 0001:00014E3D   136 0001:00014E47
   138 0001:00014E64   140 0001:00014E76   142 0001:00014E86   147 0001:00014F2C
   148 0001:00014F3F   149 0001:00014F48   150 0001:00014F59   153 0001:00014F94
   154 0001:00014F9F   155 0001:00014FAB   160 0001:00014FBC   161 0001:00014FDD
   163 0001:00014FF7   165 0001:00014FFF   166 0001:00015011   165 0001:0001502A
   167 0001:0001502D

Line numbers for dofDirectoriesFlags(dofDirectoriesFlags.pas) segment .itext

   169 0002:000002AC

Line numbers for dofLinkerFlags(dofLinkerFlags.pas) segment .text

    69 0001:00015194    70 0001:000151B3    71 0001:000151BF    72 0001:000151CD
    73 0001:000151E3    74 0001:000151EB    75 0001:000151FA    76 0001:00015211
    77 0001:00015228    78 0001:0001523F    81 0001:00015263    82 0001:00015268
    83 0001:00015276    84 0001:0001528C    85 0001:00015294    87 0001:000152BD
    88 0001:000152C2

Line numbers for dofLinkerFlags(dofLinkerFlags.pas) segment .itext

    90 0002:000002B4

Line numbers for wantWriter(wantWriter.pas) segment .text

    89 0001:00015488    90 0001:00015491    91 0001:000154A0    96 0001:000154B4
    97 0001:000154BD    98 0001:000154CC   105 0001:000154E0   106 0001:00015511
   107 0001:00015519   108 0001:00015527   110 0001:0001553D   111 0001:0001554A
   112 0001:00015557   113 0001:00015589   108 0001:0001558C   115 0001:000155AA
   116 0001:000155AC   118 0001:000155DF   121 0001:00015640   122 0001:0001566A
   123 0001:00015694   126 0001:000156D0   127 0001:00015706   129 0001:0001570C
   132 0001:00015761   133 0001:00015788   134 0001:000157A0   156 0001:00015810
   157 0001:00015845   158 0001:00015862   159 0001:00015877   161 0001:00015885
   162 0001:00015896   163 0001:000158A4   164 0001:000158AB   166 0001:000158BC
   167 0001:000158CD   168 0001:000158DB   169 0001:000158E2   170 0001:000158F3
   171 0001:00015901   173 0001:00015908   175 0001:00015912   176 0001:0001591A
   177 0001:0001592F   176 0001:00015975   178 0001:00015978   181 0001:000159B3
   183 0001:000159BB   184 0001:000159C3   186 0001:000159D8   188 0001:00015A1D
   184 0001:00015A1E   190 0001:00015A21   192 0001:00015A2B   198 0001:00015AC7
   200 0001:00015ACF   223 0001:00015C7E   225 0001:00015C99   228 0001:00015CB6
   231 0001:00015CD3   234 0001:00015CF0   236 0001:00015D03   239 0001:00015F28
   240 0001:00015F3A   241 0001:00015F43   242 0001:00015F4B   245 0001:00015F68
   246 0001:00015F73   247 0001:00015F7F   252 0001:00015F90   253 0001:00015FBF
   254 0001:00015FCA   255 0001:00015FD7   258 0001:00016010   259 0001:0001601B
   260 0001:00016028   261 0001:00016034   264 0001:00016044   265 0001:00016064
   266 0001:00016079   268 0001:000160C8

Line numbers for dof2want(f:\development\delphi\want\dof2want\dof2want.dpr) segment .text

    42 0001:0001609C    43 0001:000160B9    44 0001:000160D0    47 0001:000160F0
    48 0001:000160FA    56 0001:00016120    57 0001:00016146    58 0001:0001616D
    59 0001:0001617C    60 0001:0001618A    61 0001:00016198    62 0001:000161A3
    63 0001:000161B1    64 0001:000161CC    65 0001:000161DB    67 0001:000161F4
    71 0001:00016228    73 0001:00016238    77 0001:00016330    78 0001:0001633A
    79 0001:00016341

Line numbers for dof2want(f:\development\delphi\want\dof2want\dof2want.dpr) segment .itext

    80 0002:000002BC    81 0002:000002ED    82 0002:000002F2    84 0002:000002FA
    85 0002:00000304    88 0002:0000030B    90 0002:00000324    91 0002:0000032E
    95 0002:00000335    97 0002:00000355

Bound resource files

C:\Users\henkjan\AppData\Local\Temp\dtf275F.tmp


Program entry point at 0002:000002BC
