
 Start         Length     Name                   Class
 0001:00000000 00015984H .text                   CODE
 0002:00000000 00000768H .data                   DATA
 0002:00000768 000008A5H .bss                    BSS


Detailed map of segments

 0001:00000000 00004D2F C=CODE     S=.text    G=(none)   M=System   ACBP=A9
 0001:00004D30 00000140 C=CODE     S=.text    G=(none)   M=SysInit  ACBP=A9
 0001:00004E70 00000038 C=CODE     S=.text    G=(none)   M=Types    ACBP=A9
 0001:00004EA8 00000210 C=CODE     S=.text    G=(none)   M=Windows  ACBP=A9
 0001:000050B8 00000330 C=CODE     S=.text    G=(none)   M=SysConst ACBP=A9
 0001:000053E8 000060B0 C=CODE     S=.text    G=(none)   M=SysUtils ACBP=A9
 0001:0000B498 00000038 C=CODE     S=.text    G=(none)   M=Messages ACBP=A9
 0001:0000B4D0 000007FB C=CODE     S=.text    G=(none)   M=VarUtils ACBP=A9
 0001:0000BCCC 0000280E C=CODE     S=.text    G=(none)   M=Variants ACBP=A9
 0001:0000E4DC 000000A8 C=CODE     S=.text    G=(none)   M=RTLConsts ACBP=A9
 0001:0000E584 00000084 C=CODE     S=.text    G=(none)   M=TypInfo  ACBP=A9
 0001:0000E608 00000038 C=CODE     S=.text    G=(none)   M=ActiveX  ACBP=A9
 0001:0000E640 00003B1E C=CODE     S=.text    G=(none)   M=Classes  ACBP=A9
 0001:00012160 000002BC C=CODE     S=.text    G=(none)   M=dccFlags ACBP=A9
 0001:0001241C 00001014 C=CODE     S=.text    G=(none)   M=IniFiles ACBP=A9
 0001:00013430 00000090 C=CODE     S=.text    G=(none)   M=typ_dofReader ACBP=A9
 0001:000134C0 00000088 C=CODE     S=.text    G=(none)   M=const_dofReader ACBP=A9
 0001:00013548 00000248 C=CODE     S=.text    G=(none)   M=dofreader ACBP=A9
 0001:00013790 00000118 C=CODE     S=.text    G=(none)   M=dofFlagExtractor ACBP=A9
 0001:000138A8 0000034C C=CODE     S=.text    G=(none)   M=dofCompilerFlags ACBP=A9
 0001:00013BF4 00000358 C=CODE     S=.text    G=(none)   M=tokenizer ACBP=A9
 0001:00013F4C 000005AC C=CODE     S=.text    G=(none)   M=dofDirectoriesFlags ACBP=A9
 0001:000144F8 000002B4 C=CODE     S=.text    G=(none)   M=dofLinkerFlags ACBP=A9
 0001:000147AC 00000D14 C=CODE     S=.text    G=(none)   M=wantWriter ACBP=A9
 0001:000154C0 000004C4 C=CODE     S=.text    G=(none)   M=dof2want ACBP=A9
 0002:00000000 000000A0 C=DATA     S=.data    G=DGROUP   M=System   ACBP=A9
 0002:000000A0 00000020 C=DATA     S=.data    G=DGROUP   M=SysInit  ACBP=A9
 0002:000000C0 00000250 C=DATA     S=.data    G=DGROUP   M=SysUtils ACBP=A9
 0002:00000310 00000008 C=DATA     S=.data    G=DGROUP   M=VarUtils ACBP=A9
 0002:00000318 00000076 C=DATA     S=.data    G=DGROUP   M=Variants ACBP=A9
 0002:00000390 0000000C C=DATA     S=.data    G=DGROUP   M=TypInfo  ACBP=A9
 0002:0000039C 00000084 C=DATA     S=.data    G=DGROUP   M=Classes  ACBP=A9
 0002:00000420 000000CC C=DATA     S=.data    G=DGROUP   M=dccFlags ACBP=A9
 0002:000004EC 00000008 C=DATA     S=.data    G=DGROUP   M=IniFiles ACBP=A9
 0002:000004F4 0000000C C=DATA     S=.data    G=DGROUP   M=const_dofReader ACBP=A9
 0002:00000500 0000004C C=DATA     S=.data    G=DGROUP   M=dofCompilerFlags ACBP=A9
 0002:0000054C 00000008 C=DATA     S=.data    G=DGROUP   M=dofDirectoriesFlags ACBP=A9
 0002:00000554 00000008 C=DATA     S=.data    G=DGROUP   M=dofLinkerFlags ACBP=A9
 0002:00001000 0000065C C=BSS      S=.bss     G=DGROUP   M=System   ACBP=A9
 0002:0000165C 00000010 C=BSS      S=.bss     G=DGROUP   M=SysInit  ACBP=A9
 0002:0000166C 00000004 C=BSS      S=.bss     G=DGROUP   M=Types    ACBP=A9
 0002:00001670 00000004 C=BSS      S=.bss     G=DGROUP   M=Windows  ACBP=A9
 0002:00001674 00000004 C=BSS      S=.bss     G=DGROUP   M=SysConst ACBP=A9
 0002:00001678 00000120 C=BSS      S=.bss     G=DGROUP   M=SysUtils ACBP=A9
 0002:00001798 00000004 C=BSS      S=.bss     G=DGROUP   M=Messages ACBP=A9
 0002:0000179C 0000005C C=BSS      S=.bss     G=DGROUP   M=VarUtils ACBP=A9
 0002:000017F8 00000040 C=BSS      S=.bss     G=DGROUP   M=Variants ACBP=A9
 0002:00001838 00000004 C=BSS      S=.bss     G=DGROUP   M=RTLConsts ACBP=A9
 0002:0000183C 00000004 C=BSS      S=.bss     G=DGROUP   M=TypInfo  ACBP=A9
 0002:00001840 00000004 C=BSS      S=.bss     G=DGROUP   M=ActiveX  ACBP=A9
 0002:00001844 00000034 C=BSS      S=.bss     G=DGROUP   M=Classes  ACBP=A9
 0002:00001878 00000004 C=BSS      S=.bss     G=DGROUP   M=dccFlags ACBP=A9
 0002:0000187C 00000004 C=BSS      S=.bss     G=DGROUP   M=IniFiles ACBP=A9
 0002:00001880 00000004 C=BSS      S=.bss     G=DGROUP   M=typ_dofReader ACBP=A9
 0002:00001884 00000004 C=BSS      S=.bss     G=DGROUP   M=const_dofReader ACBP=A9
 0002:00001888 00000004 C=BSS      S=.bss     G=DGROUP   M=dofreader ACBP=A9
 0002:0000188C 00000004 C=BSS      S=.bss     G=DGROUP   M=dofFlagExtractor ACBP=A9
 0002:00001890 00000004 C=BSS      S=.bss     G=DGROUP   M=dofCompilerFlags ACBP=A9
 0002:00001894 00000004 C=BSS      S=.bss     G=DGROUP   M=tokenizer ACBP=A9
 0002:00001898 00000004 C=BSS      S=.bss     G=DGROUP   M=dofDirectoriesFlags ACBP=A9
 0002:0000189C 00000004 C=BSS      S=.bss     G=DGROUP   M=dofLinkerFlags ACBP=A9
 0002:000018A0 00000004 C=BSS      S=.bss     G=DGROUP   M=wantWriter ACBP=A9


  Address         Publics by Name

 0002:00001838       .1
 0002:00001798       .1
 0002:00001674       .1
 0002:0000166C       .1
 0002:00001664       .1
 0002:00001898       .2
 0002:00001894       .2
 0002:0000188C       .2
 0002:0000189C       .2
 0002:00001888       .2
 0002:00001878       .2
 0002:00001884       .2
 0002:00001880       .2
 0002:00001890       .3
 0002:00001840       .3
 0002:00001670       .3
 0002:000018A0       .3
 0002:00001788       .35
 0002:0000184C       .45
 0002:000015B4       .5
 0002:000017F4       .5
 0002:0000183C       .6
 0002:0000187C       .8
 0002:00001818       .81
 0001:000019DC       @AbstractError
 0001:000027CC       @AfterConstruction
 0001:0000317C       @Assert
 0001:00001CB4       @Assign
 0001:00001DD4       @AStrCmp
 0001:000027DC       @BeforeDestruction
 0001:0000270C       @CallDynaInst
 0001:00002774       @ClassCreate
 0001:000027C4       @ClassDestroy
 0001:00001D7C       @Close
 0001:0000178C       @Copy
 0001:00003D28       @CopyArray
 0001:00003C0C       @CopyRecord
 0001:00003E1C       @DispCallByIDError
 0001:0000C76C       @DispInvokeError
 0001:00002C58       @DoneExcept
 0001:0000404C       @DynArrayAsg
 0001:00004010       @DynArrayClear
 0001:00003E50       @DynArrayHigh
 0001:00003E48       @DynArrayLength
 0001:00004004       @DynArraySetLength
 0001:00002D40       @ExceptionHandler
 0001:00001E44       @FillChar
 0001:00003BE8       @Finalize
 0001:00003AFC       @FinalizeArray
 0001:00003AB0       @FinalizeRecord
 0001:00001D70       @Flush
 0001:00002490       @FpuInit
 0001:000023CC       @FpuMaskInit
 0001:00001688       @FreeMem
 0001:00001668       @GetMem
 0001:00004DA8       @GetTls
 0001:00003164       @Halt
 0001:0000308C       @Halt0
 0001:000028F0       @HandleAnyException
 0001:00002BA4       @HandleFinally
 0001:00002A1C       @HandleOnException
 0001:00004DF4       @InitExe
 0001:00002F50       @InitImports
 0001:00002F28       @InitResStringImports
 0001:000046B4       @IntfClear
 0001:000046CC       @IntfCopy
 0001:000026B8       @IsClass
 0001:0000239C       @isNECWindows
 0001:00003628       @LStrAddRef
 0001:000031C0       @LStrArrayClr
 0001:000031F0       @LStrAsg
 0001:00003440       @LStrCat
 0001:00003484       @LStrCat3
 0001:000034F8       @LStrCatN
 0001:0000319C       @LStrClr
 0001:00003584       @LStrCmp
 0001:00003698       @LStrCopy
 0001:000036D8       @LStrDelete
 0001:0000340C       @LStrFromArray
 0001:00003384       @LStrFromChar
 0001:00003394       @LStrFromPChar
 0001:0000328C       @LStrFromPCharLen
 0001:000033C4       @LStrFromPWChar
 0001:000032F8       @LStrFromPWCharLen
 0001:00003400       @LStrFromString
 0001:00003424       @LStrFromWStr
 0001:00003234       @LStrLAsg
 0001:00003438       @LStrLen
 0001:00003720       @LStrPos
 0001:00003768       @LStrSetLength
 0001:00003638       @LStrToPChar
 0001:00003260       @NewAnsiString
 0001:000037FC       @NewWideString
 0001:000020B0       @Pow10
 0001:00002C04       @RaiseAgain
 0001:00002BDC       @RaiseExcept
 0001:000016A8       @ReallocMem
 0001:00001A50       @RewritText
 0001:00003170       @RunError
 0001:00002094       @SetEq
 0001:00002EE8       @StartExe
 0001:00000248       @strlen
 0001:00002C88       @TryFinallyExit
 0001:00003690       @UniqueStringA
 0001:00001E64       @ValLong
 0001:0000DD20       @VarAddRef
 0001:0000CA44       @VarClear
 0001:00003AE4       @VarClr
 0001:0000CA58       @VarClr
 0001:0000CD6C       @VarCopy
 0001:00003BF4       @VarCopy
 0001:0000D098       @VarToLStr
 0001:0000D7C0       @VarToWStr
 0001:000037CC       @Write0LString
 0001:00001F7C       @WriteBytes
 0001:0000204C       @WriteLn
 0001:000037D4       @WriteLString
 0001:00001FD0       @WriteSpaces
 0001:0000383C       @WStrArrayClr
 0001:00003860       @WStrAsg
 0001:00003824       @WStrClr
 0001:0000399C       @WStrCmp
 0001:00003A20       @WStrCopy
 0001:00003970       @WStrFromLStr
 0001:00003884       @WStrFromPCharLen
 0001:00003934       @WStrFromPWChar
 0001:00003910       @WStrFromPWCharLen
 0001:00003990       @WStrLen
 0001:00003A6C       @WStrSetLength
 0001:00003980       @WStrToPWChar
 0001:0000175C       @_IOTest
 0001:00003E24       @_llmul
 0001:00009B64       AbstractErrorHandler
 0002:00001028       AbstractErrorProc
 0002:00000140       AccessMode
 0001:0000E638       ActiveX
 0001:00000374       AddBlockAfter
 0001:00004558       AddModuleUnloadProc
 0001:00004548       AddModuleUnloadProc
 0001:00005FC4       AllocMem
 0002:000015AC       AllocMemCount
 0002:000015B0       AllocMemSize
 0001:00004D50       AllocTlsBuffer
 0001:000060D4       AnsiCompareStr
 0001:0000610C       AnsiCompareText
 0001:0000A358       AnsiPos
 0001:00006144       AnsiSameText
 0001:0000A390       AnsiStrPos
 0001:0000A430       AnsiStrRScan
 0001:0000A458       AnsiStrScan
 0001:00004AEC       AnsiToUtf8
 0001:00007A58       AppendChars
 0001:00007E1C       AppendFormat
 0001:00007ABC       AppendNumber
 0001:00007A9C       AppendString
 0001:00009B48       AssertErrorHandler
 0002:00001020       AssertErrorProc
 0002:00001604       avail
 0001:00006848       BackfillGetDiskFreeSpaceEx
 0001:0000B760       BackupVarBoolFromStr
 0001:0000B8C0       BackupVarBStrFromBool
 0001:0000B7E0       BackupVarBStrFromCy
 0001:0000B850       BackupVarBStrFromDate
 0001:0000B6F4       BackupVarCyFromStr
 0001:0000B688       BackupVarDateFromStr
 0001:0000B544       BackupVarI4FromStr
 0001:0000B4F0       BackupVariantChangeTypeEx
 0001:0000B5B0       BackupVarR4FromStr
 0001:0000B61C       BackupVarR8FromStr
 0001:00015754       Banner
 0001:00011EC8       BinToHex
 0001:0000B52C       BiUnimplemented
 0002:000015DC       blockDescBlockList
 0002:000015E0       blockDescFreeList
 0002:00000390       BooleanIdents
 0002:00000320       BooleanToStringRule
 0001:00006510       BoolToStr
 0002:0000054C       BoolToStr
 0002:00000544       BoolToStr
 0002:00000554       BoolToStr
 0001:0000CE20       BoolToWStrViaOS
 0001:0000A10C       ByteToCharIndex
 0001:0000A0E4       ByteToCharLen
 0001:0000A0A8       ByteType
 0001:0000A030       ByteTypeTest
 0002:00001810       ChangeAnyProc
 0001:00006740       ChangeFileExt
 0001:000032BC       CharFromWChar
 0001:0000A2E0       CharLength
 0001:000001C0       CharNext
 0001:00005018       CharNext
 0001:0000A1F4       CharToByteIndex
 0001:0000A258       CharToByteLen
 0001:00005020       CharToOemA
 0001:0000286C       CheckJmp
 0002:00000324       CInvalidCustomVariantType
 0001:000120CC       Classes
 0002:0000180C       ClearAnyProc
 0001:0000E05C       ClearVariantTypeList
 0001:00000160       CloseHandle
 0001:00004EA8       CloseHandle
 0002:0000103C       CmdLine
 0002:00001038       CmdShow
 0001:0000B538       CmpUnimplemented
 0001:00000654       Commit
 0002:00001620       committedRoot
 0001:00004EB0       CompareString
 0001:0000605C       CompareText
 0001:00006438       CompareWith
 0001:00013540       const_dofReader
 0002:000003AC       Convert
 0002:0000039C       Convert
 0001:000095A4       ConvertAddr
 0001:00007BAC       ConvertEraString
 0001:00005FA0       ConvertErrorFmt
 0001:00007D14       ConvertYearString
 0001:00003E58       CopyArray
 0001:0000A164       CountChars
 0001:00009A8C       CreateAssertException
 0001:00009C14       CreateAVObject
 0001:00004EB8       CreateEvent
 0001:00004EC0       CreateFile
 0001:00000168       CreateFileA
 0001:000099B8       CreateInOutError
 0001:00015544       CreateWantFile
 0002:0000037C       CRelationshipToBoolean
 0002:00000310       CResult
 0002:00000138       cSimpleBoolStrs
 0002:00000328       CText
 0002:00001618       curAlloc
 0002:00001680       CurrencyDecimals
 0002:0000167C       CurrencyFormat
 0002:00001678       CurrencyString
 0001:00007A44       CurrentYear
 0001:000075A0       CurrToStr
 0001:0000CDB0       CurrToWStrViaOS
 0001:000061AC       CvtInt
 0001:00006218       CvtInt64
 0002:00000178       CWNear
 0002:00001681       DateSeparator
 0001:0000865C       DateTimeToStr
 0001:000085D0       DateTimeToString
 0001:0000769C       DateTimeToTimeStamp
 0001:0000862C       DateToStr
 0001:0000CDE8       DateToWStrViaOS
 0001:00007A1C       DayOfWeek
 0002:00000500       DCCCompilerFlags
 0001:00012414       dccFlags
 0002:00000174       DCon10
 0002:00000028       DebugHook
 0002:0000167F       DecimalSeparator
 0001:000079FC       DecodeDate
 0001:000078B0       DecodeDateFully
 0001:00007750       DecodeTime
 0001:000006E8       Decommit
 0001:00000D04       DecommitFree
 0002:000015F4       decommittedRoot
 0002:00000020       Default8087CW
 0002:00000034       DefaultTextLineBreakStyle
 0002:000015B8       DefaultUserCodePage
 0002:00000204       DefLongDayNames
 0002:000001B8       DefLongMonthNames
 0002:000001E8       DefShortDayNames
 0002:00000188       DefShortMonthNames
 0001:0000409C       DelayLoadResourceModule
 0001:000003A4       DeleteBlock
 0001:00004EC8       DeleteCriticalSection
 0001:00000314       DeleteCriticalSection
 0001:00000B4C       DeleteFree
 0002:00000090       dig
 0002:00001000       DispCallByIDProc
 0001:00005F84       DivMod
 0001:00015884       dof2want
 0001:00013BEC       dofCompilerFlags
 0001:000144F0       dofDirectoriesFlags
 0001:000138A0       dofFlagExtractor
 0001:000147A4       dofLinkerFlags
 0001:00013788       dofreader
 0001:00009F40       DoneExceptions
 0001:00011F90       DoneThreadSynchronization
 0002:00000398       DotSep
 0001:0000FA58       DoWrite
 0001:00003E70       DynArrayClear
 0001:00003E78       DynArraySetLength
 0001:0000998C       EHeapException.FreeInstance
 0002:000017F8       EmptyParam
 0002:000000C0       EmptyStr
 0002:000000C4       EmptyWideStr
 0001:00004ED0       EnterCriticalSection
 0001:00000304       EnterCriticalSection
 0001:00004ED8       EnumCalendarInfoA
 0001:00009218       EnumEraNames
 0001:00009254       EnumEraYearOffsets
 0002:00001748       EraNames
 0001:000088D4       EraToYear
 0002:00001764       EraYearOffsets
 0002:00000068       errCaption
 0001:00001750       Error
 0002:00000004       ErrorAddr
 0001:00001704       ErrorAt
 0001:00009A38       ErrorHandler
 0002:00000220       ErrorMap
 0002:00001008       ErrorProc
 0002:000013E0       ErrOutput
 0002:0000100C       ExceptClsProc
 0001:00009EAC       ExceptHandler
 0001:00009800       Exception.Create
 0001:0000983C       Exception.CreateFmt
 0001:000098BC       Exception.CreateRes
 0001:000098F8       Exception.CreateResFmt
 0002:0000101C       ExceptionClass
 0001:000095B0       ExceptionErrorMessage
 0002:00000258       ExceptMap
 0002:00001010       ExceptObjProc
 0002:00001004       ExceptProc
 0002:00000000       ExitCode
 0001:00002FD0       ExitDll
 0002:00001040       ExitProc
 0001:000001C8       ExitProcess
 0002:00001024       ExitProcessProc
 0001:0000680C       ExpandFileName
 0001:000067D4       ExtractFileName
 0002:00001784       FalseBoolStrs
 0002:00000168       FCon1E18
 0001:00006678       FileAge
 0001:00006670       FileClose
 0001:000065B4       FileCreate
 0001:000065D8       FileCreate
 0001:000066E0       FileExists
 0002:00000008       FileMode
 0001:00001A98       FileNOPProc
 0001:0000655C       FileOpen
 0001:000065E0       FileRead
 0001:00006638       FileSeek
 0001:00004EE0       FileTimeToDosDateTime
 0001:00004EE8       FileTimeToLocalFileTime
 0001:0000660C       FileWrite
 0001:00000C34       FillAfterGap
 0001:00000BE0       FillBeforeGap
 0001:00000CCC       FillerSizeAfterGap
 0001:00000C5C       FillerSizeBeforeGap
 0001:00004E70       Finalization
 0001:00004E38       Finalization
 0001:00015488       Finalization
 0001:00005080       Finalization
 0001:000053B0       Finalization
 0001:00004C08       Finalization
 0001:0000B298       Finalization
 0001:0001475C       Finalization
 0001:0000B498       Finalization
 0001:000144A8       Finalization
 0001:0000BC8C       Finalization
 0001:00013F14       Finalization
 0001:0000E3B8       Finalization
 0001:0000E54C       Finalization
 0001:0000E5B0       Finalization
 0001:0000E608       Finalization
 0001:0001201C       Finalization
 0001:000123CC       Finalization
 0001:000133E0       Finalization
 0001:00013488       Finalization
 0001:000134F8       Finalization
 0001:00013758       Finalization
 0001:0001578C       Finalization
 0001:00013870       Finalization
 0001:00013B90       Finalization
 0001:00003E68       FinalizeArray
 0001:00002E28       FinalizeUnits
 0001:0000410C       FindBS
 0001:00004EF0       FindClose
 0001:000001D8       FindClose
 0001:00000BB0       FindCommitted
 0001:0000E300       FindCustomVariantType
 0001:000001E0       FindFirstFile
 0001:00004EF8       FindFirstFile
 0002:00001858       FindGlobalComponentProcs
 0001:00004074       FindHInstance
 0001:0000B954       FindProc
 0001:000040E4       FindResourceHInstance
 0002:00001794       FLanguages
 0001:00007230       FloatToDecimal
 0001:00007570       FloatToStr
 0001:00006F5C       FloatToText
 0001:00001D64       Flush
 0002:0000017C       FMSecsPerDay
 0001:00006E58       FmtStr
 0002:00000184       Format
 0001:00006E44       Format
 0001:00006A8C       FormatBuf
 0001:00006A80       FormatClearStr
 0001:00006A04       FormatError
 0002:00000160       FormatErrorStrs
 0001:00004F00       FormatMessage
 0001:00006A5C       FormatVarToStr
 0001:000020A8       FPower10
 0001:0000AFB8       FreeAndNil
 0001:0000091C       FreeCommitted
 0001:00000E3C       FreeCurAlloc
 0001:00011FA8       FreeIntConstList
 0001:000001E8       FreeLibrary
 0001:0000059C       FreeSpace
 0001:0000AB24       FreeTerminateProcs
 0001:00004F08       GetACP
 0001:0000031C       GetBlockDesc
 0001:000002B8       GetCmdShow
 0001:000001F0       GetCommandLine
 0001:00000768       GetCommitted
 0001:000007F8       GetCommittedAt
 0001:00007B08       GetCount
 0001:00004F10       GetCPInfo
 0001:00004F18       GetCurrentThreadId
 0001:000002A8       GetCurrentThreadId
 0001:00007B34       GetDate
 0001:00004F20       GetDateFormat
 0001:000087EC       GetDateOrder
 0001:00004F28       GetDiskFreeSpaceA
 0002:00000134       GetDiskFreeSpaceEx
 0001:000026DC       GetDynaMethod
 0001:000092CC       GetEraNamesAndYearOffsets
 0001:00008880       GetEraYearOffset
 0001:00009BFC       GetExceptionClass
 0001:00009DE0       GetExceptionObject
 0001:00000178       GetFileSize
 0001:00000170       GetFileType
 0001:0000A6F8       GetFormatSettings
 0001:00004F30       GetFullPathName
 0001:00002394       GetKeyboardType
 0001:000001F8       GetLastError
 0001:00004F38       GetLastError
 0001:00009090       GetLocaleChar
 0001:00004F48       GetLocaleInfo
 0001:00000200       GetLocaleInfo
 0001:00009044       GetLocaleStr
 0001:00004F40       GetLocalTime
 0001:00004F50       GetModuleFileName
 0001:00000208       GetModuleFileName
 0001:00004D30       GetModuleHandle
 0001:00000210       GetModuleHandle
 0001:00004F58       GetModuleHandle
 0001:000090F4       GetMonthDayNames
 0001:00001830       GetParamStr
 0001:00004F60       GetPrivateProfileString
 0001:00004F68       GetProcAddress
 0001:00000218       GetProcAddress
 0001:000004C0       GetSpace
 0001:00000524       GetSpaceAt
 0001:00000220       GetStartupInfo
 0001:00000180       GetStdHandle
 0001:00004F70       GetStdHandle
 0001:00004F78       GetStringTypeEx
 0001:00005028       GetSystemMetrics
 0001:00004F80       GetThreadLocale
 0001:00000228       GetThreadLocale
 0001:00007B6C       GetTime
 0001:00004D5C       GetTlsSize
 0001:000002B0       GetVersion
 0001:00004F88       GetVersionEx
 0001:00004F90       GlobalAlloc
 0001:00005040       GlobalAllocPtr
 0002:0000185C       GlobalFixupList
 0001:00004F98       GlobalFree
 0001:0000506C       GlobalFreePtr
 0001:00004FA8       GlobalHandle
 0001:00004FA0       GlobalLock
 0002:00001844       GlobalNameSpace
 0001:00004FB0       GlobalReAlloc
 0001:00005050       GlobalReAllocPtr
 0001:00004FB8       GlobalUnlock
 0002:00000024       HeapAllocFlags
 0002:000015C0       heapErrorCode
 0002:000015C4       heapLock
 0002:00000130       HexDisplayPrefix
 0001:00011F04       HexToBin
 0002:00001660       HInstance
 0002:00000180       IMSecsPerDay
 0001:0000C7C0       InBounds
 0001:0000CA60       InBounds
 0001:0000CA90       Increment
 0001:0000C7F0       Increment
 0001:00013428       IniFiles
 0001:000009A8       InitAllocator
 0002:00001630       InitContext
 0001:0000AB44       InitDriveSpacePtr
 0001:00009EBC       InitExceptions
 0001:000002FC       InitializeCriticalSection
 0001:00004FC0       InitializeCriticalSection
 0002:000015BC       initialized
 0001:00004DE8       InitializeModule
 0001:0000B980       InitializeVarUtils
 0001:0000A50C       InitLeadBytes
 0001:00009FC0       InitPlatformId
 0001:0000A584       InitSysLocale
 0001:00011F5C       InitThreadSynchronization
 0001:00004D64       InitThreadTLS
 0001:00002E88       InitUnits
 0002:00001048       Input
 0001:00000DB4       InsertFree
 0002:00001850       IntConstList
 0001:000002A0       InterlockedDecrement
 0001:0000ABAC       InterlockedDecrement
 0001:0000ABB8       InterlockedExchange
 0001:0000ABC0       InterlockedExchangeAdd
 0001:0000ABA0       InterlockedIncrement
 0001:00000298       InterlockedIncrement
 0001:00001AD8       InternalClose
 0001:00001D1C       InternalFlush
 0001:00000C10       InternalFreeMem
 0001:00003644       InternalUniqueString
 0001:0000630C       IntToHex
 0001:000062E4       IntToStr
 0001:000061F8       IntToStr
 0002:00001790       InvalidPointer
 0001:000025B0       InvokeImplGetter
 0001:000017D0       IOResult
 0002:00001044       IsConsole
 0001:000077AC       IsLeapYear
 0002:00001034       IsLibrary
 0002:00001045       IsMultiThread
 0001:0000A56C       IsWesternGroup
 0002:0000002C       JITEnable
 0001:000066F0       LastDelimiter
 0001:00004B94       LCIDToCodePage
 0001:0000A498       LCIDToCodePage
 0002:00000110       LeadBytes
 0001:00004FC8       LeaveCriticalSection
 0001:0000030C       LeaveCriticalSection
 0002:00000038       LibModuleList
 0002:00001746       ListSeparator
 0001:00000230       LoadLibraryEx
 0001:000042D8       LoadResourceModule
 0001:00004B3C       LoadResString
 0001:00000238       LoadString
 0001:00005030       LoadString
 0001:00004D38       LocalAlloc
 0001:000002DC       LocalAlloc
 0001:000002E4       LocalFree
 0001:000090B8       LocalGetLocaleStr
 0002:00001688       LongDateFormat
 0002:0000171C       LongDayNames
 0002:000016D0       LongMonthNames
 0002:0000169C       LongTimeFormat
 0001:00006020       LowerCase
 0001:00000240       lstrcpyn
 0002:0000181C       LVarTypes
 0002:00001820       LVarTypeSync
 0002:0000102C       MainInstance
 0002:00001030       MainThreadID
 0001:0000036C       MakeEmpty
 0001:00002F74       MakeErrorMessage
 0001:00009B7C       MapException
 0001:00002CA0       MapToRunError
 0002:00000040       MemoryManager
 0001:000003BC       MergeBlockAfter
 0001:00000E88       MergeCommit
 0001:00005038       MessageBox
 0001:000001D0       MessageBox
 0001:0000B4C8       Messages
 0002:000000A8       Module
 0002:0000165D       ModuleIsCpp
 0002:0000165C       ModuleIsLib
 0001:00012014       ModuleUnload
 0002:0000003C       ModuleUnloadList
 0002:000000E0       MonthDays
 0001:000017F0       Move
 0001:00000250       MultiByteToWideChar
 0002:000004F4       NamesOfSections
 0002:0000167D       NegCurrFormat
 0001:00000F14       NewCommit
 0001:00000F40       NewCommitAt
 0001:0000A31C       NextCharIndex
 0002:00000030       NoErrMsg
 0001:00002858       NotifyAnyExcept
 0001:0000282C       NotifyExcept
 0001:0000288C       NotifyExceptFinally
 0001:000045D8       NotifyModuleUnload
 0001:00002808       NotifyNonDelphiException
 0001:00002844       NotifyOnExcept
 0001:000027EC       NotifyReRaise
 0001:000028B4       NotifyTerminate
 0001:000028D0       NotifyUnhandled
 0002:0000031C       NullAsStringValue
 0002:00000318       NullStrictConvert
 0001:000019F8       OpenText
 0002:0000178C       OutOfMemory
 0002:00001214       Output
 0001:000154C0       outputStr
 0001:0000191C       ParamCount
 0001:0000197C       ParamStr
 0001:0000F108       PointerInModule
 0001:00011750       PropValueError
 0002:000000A4       PtrToNil
 0001:00006F18       PutExponent
 0001:00009B38       RaiseAssertException
 0001:00000188       RaiseException
 0001:00010EFC       RaiseException
 0002:00001014       RaiseExceptionProc
 0001:0000AA78       RaiseLastOSError
 0001:00011738       ReadError
 0001:00000190       ReadFile
 0001:00004FD0       ReadFile
 0002:00001814       RefAnyProc
 0001:00000258       RegCloseKey
 0002:00001854       RegGroups
 0001:00004634       RegisterModule
 0001:00000260       RegOpenKeyEx
 0001:00000268       RegQueryValueEx
 0002:0000004C       reMap
 0002:00001614       remBytes
 0001:0000042C       RemoveBlock
 0001:00011608       RemoveFixupReferences
 0001:000116B4       RemoveFixups
 0001:00004578       RemoveModuleUnloadProc
 0001:00004550       RemoveModuleUnloadProc
 0001:00004FD8       ResetEvent
 0001:000013C8       ResizeInPlace
 0001:0000F41C       ReturnAddr
 0001:0000FBB8       ReturnAddr
 0002:00001610       rover
 0001:0000E57C       RTLConsts
 0001:00000198       RtlUnwind
 0002:00001018       RTLUnwindProc
 0002:00000070       runErrMsg
 0001:000016F8       RunErrorAt
 0001:0000B934       SafeArrayCreate
 0001:0000B93C       SafeArrayGetLBound
 0001:0000B944       SafeArrayGetUBound
 0001:0000B94C       SafeArrayPtrOfIndex
 0001:000060B0       SameText
 0001:00008670       ScanBlanks
 0001:000087B4       ScanChar
 0001:00008930       ScanDate
 0001:00008694       ScanNumber
 0001:00008728       ScanString
 0001:00008C74       ScanTime
 0001:00008838       ScanToNumber
 0001:00000F74       SearchSmallBlocks
 0001:0000E02C       SetClearVarToEmptyParam
 0001:000001A0       SetEndOfFile
 0001:00004FE0       SetEndOfFile
 0001:00004FE8       SetEvent
 0001:00002DE0       SetExceptionHandler
 0001:000001A8       SetFilePointer
 0001:00004FF0       SetFilePointer
 0001:0000177C       SetInOutRes
 0001:0000E014       SetVarAsError
 0002:0000014C       ShareMode
 0002:00001684       ShortDateFormat
 0002:00001700       ShortDayNames
 0002:000016A0       ShortMonthNames
 0002:00001698       ShortTimeFormat
 0001:00009738       ShowException
 0001:00011A9C       SkipBinary
 0001:00011ACC       SkipCollection
 0001:00011A74       SkipList
 0001:0000AA70       Sleep
 0002:0000161C       smallTab
 0002:000015E4       spaceRoot
 0001:000069C4       StrAlloc
 0001:0000A0CC       StrByteType
 0001:0000A2B8       StrCharLength
 0001:00010DAC       StringListCompareStrings
 0001:000068E4       StrLCopy
 0001:000068BC       StrLen
 0001:00006E04       StrLFmt
 0001:00006918       StrLIComp
 0001:000068D4       StrMove
 0001:000069D8       StrNew
 0001:0000A2D8       StrNextChar
 0001:00006970       StrPos
 0001:0000695C       StrScan
 0001:00008E68       StrToDate
 0001:00008F38       StrToDateTime
 0001:000075D0       StrToFloat
 0001:00006334       StrToInt
 0001:00006370       StrToIntDef
 0001:00008ED0       StrToTime
 0002:00001848       SyncEvent
 0002:0000041C       SyncList
 0001:00000280       SysAllocStringLen
 0001:000053E0       SysConst
 0001:00008FF8       SysErrorMessage
 0001:00001224       SysFreeMem
 0001:00000290       SysFreeString
 0001:00001094       SysGetMem
 0001:00004E68       SysInit
 0002:00001738       SysLocale
 0001:000015A4       SysReallocMem
 0001:00000288       SysReAllocStringLen
 0001:00004C5C       System
 0001:0000B418       SysUtils
 0001:000139F0       TCompilerFlagExtractor.ExtractValues
 0001:000125F4       TCustomIniFile.Create
 0001:00012C14       TCustomIniFile.ReadBinaryStream
 0001:00012750       TCustomIniFile.ReadBool
 0001:0001277C       TCustomIniFile.ReadDate
 0001:00012834       TCustomIniFile.ReadDateTime
 0001:000128EC       TCustomIniFile.ReadFloat
 0001:00012630       TCustomIniFile.ReadInteger
 0001:000129A4       TCustomIniFile.ReadTime
 0001:00012D84       TCustomIniFile.WriteBinaryStream
 0001:00012BF8       TCustomIniFile.WriteBool
 0001:00012A5C       TCustomIniFile.WriteDate
 0001:00012ABC       TCustomIniFile.WriteDateTime
 0001:00012B1C       TCustomIniFile.WriteFloat
 0001:000126F4       TCustomIniFile.WriteInteger
 0001:00012B80       TCustomIniFile.WriteTime
 0001:00011438       TCustomMemoryStream.Read
 0001:00011470       TCustomMemoryStream.Seek
 0001:00011430       TCustomMemoryStream.SetPointer
 0001:0000E0C8       TCustomVariantType.BinaryOp
 0001:0000E0D4       TCustomVariantType.Cast
 0001:0000E10C       TCustomVariantType.CastTo
 0001:0000E198       TCustomVariantType.CastToOle
 0001:0000E154       TCustomVariantType.Compare
 0001:0000E160       TCustomVariantType.CompareOp
 0001:0000E1D4       TCustomVariantType.Destroy
 0001:0000E2B4       TCustomVariantType.DispInvoke
 0001:0000E260       TCustomVariantType.IsClear
 0001:0000E264       TCustomVariantType.LeftPromotion
 0001:0000E278       TCustomVariantType.OlePromotion
 0001:0000E2D8       TCustomVariantType.QueryInterface
 0001:0000E280       TCustomVariantType.RaiseCastError
 0001:0000E290       TCustomVariantType.RaiseDispError
 0001:0000E288       TCustomVariantType.RaiseInvalidOp
 0001:0000E298       TCustomVariantType.RightPromotion
 0001:0000E2AC       TCustomVariantType.UnaryOp
 0001:0000E2C0       TCustomVariantType._AddRef
 0001:0000E2CC       TCustomVariantType._Release
 0001:000135AC       TDelphiDOFReader.Create
 0001:00013604       TDelphiDOFReader.Destroy
 0001:00013644       TDelphiDOFReader.LoadFromFile
 0001:00013734       TDelphiDOFReader.setDofSection
 0001:0001401C       TDirectoriesFlagExtractor.Create
 0001:00014070       TDirectoriesFlagExtractor.Destroy
 0001:000140B8       TDirectoriesFlagExtractor.ExtractValues
 0001:000137F4       TDOFFlagExtractor.Create
 0001:00013840       TDOFFlagExtractor.Destroy
 0001:00014310       TElementExtractor.create
 0001:00014378       TElementExtractor.destroy
 0001:000143A0       TElementExtractor.elementsToList
 0002:0000030C       TerminateProcList
 0002:00001046       Test8086
 0001:00001AE8       TextClose
 0001:00001A5C       TextIn
 0001:00001B08       TextOpen
 0001:00001A9C       TextOut
 0001:0000745C       TextToFloat
 0001:000112A8       TFileStream.Create
 0001:00011264       TFileStream.Create
 0001:000113FC       TFileStream.Destroy
 0001:000111A0       THandleStream.Create
 0001:000111DC       THandleStream.Read
 0001:000111FC       THandleStream.Seek
 0001:00011228       THandleStream.SetSize
 0001:0001123C       THandleStream.SetSize
 0001:000111EC       THandleStream.Write
 0002:0000167E       ThousandSeparator
 0002:00001860       ThreadLock
 0002:00001690       TimeAMString
 0002:00001694       TimePMString
 0002:0000168C       TimeSeparator
 0001:00008644       TimeToStr
 0001:00013394       TIniFile.DeleteKey
 0001:00012EF4       TIniFile.Destroy
 0001:00013340       TIniFile.EraseSection
 0001:000130EC       TIniFile.ReadSection
 0001:00012FEC       TIniFile.ReadSections
 0001:000131F4       TIniFile.ReadSectionValues
 0001:00012F20       TIniFile.ReadString
 0001:000133C4       TIniFile.UpdateFile
 0001:00012F80       TIniFile.WriteString
 0001:000046F8       TInterfacedObject.AfterConstruction
 0001:00004704       TInterfacedObject.BeforeDestruction
 0001:00004714       TInterfacedObject.NewInstance
 0001:00004724       TInterfacedObject.QueryInterface
 0001:0000474C       TInterfacedObject._AddRef
 0001:00004760       TInterfacedObject._Release
 0001:00014580       TLinkerFlagExtractor.ExtractValues
 0001:0000F370       TList.Add
 0001:0000F3A4       TList.Clear
 0001:0000F3BC       TList.Delete
 0001:0000F350       TList.Destroy
 0001:0000F420       TList.Error
 0001:0000F458       TList.Error
 0001:0000F4AC       TList.Get
 0001:0000F4D4       TList.Grow
 0001:0000F5B4       TList.Notify
 0001:0000F508       TList.SetCapacity
 0001:0000F544       TList.SetCount
 0002:00001668       tlsBuffer
 0001:00004D40       TlsGetValue
 0002:000000A0       TlsIndex
 0002:FFBE900C       TlsLast
 0001:00004D48       TlsSetValue
 0001:000114C0       TMemoryStream.Clear
 0001:00011494       TMemoryStream.Destroy
 0001:0001152C       TMemoryStream.Realloc
 0001:000114D8       TMemoryStream.SetCapacity
 0001:00011500       TMemoryStream.SetSize
 0001:000115B8       TMemoryStream.Write
 0001:0000AEE4       TMultiReadExclusiveWriteSynchronizer.BeginRead
 0001:0000ADF8       TMultiReadExclusiveWriteSynchronizer.BeginWrite
 0001:0000ADB4       TMultiReadExclusiveWriteSynchronizer.BlockReaders
 0001:0000ACF8       TMultiReadExclusiveWriteSynchronizer.Create
 0001:0000AD6C       TMultiReadExclusiveWriteSynchronizer.Destroy
 0001:0000AF50       TMultiReadExclusiveWriteSynchronizer.EndRead
 0001:0000AE94       TMultiReadExclusiveWriteSynchronizer.EndWrite
 0001:0000ADCC       TMultiReadExclusiveWriteSynchronizer.UnblockOneWriter
 0001:0000ADC0       TMultiReadExclusiveWriteSynchronizer.UnblockReaders
 0001:0000ADD8       TMultiReadExclusiveWriteSynchronizer.WaitForReadSignal
 0001:0000ADE8       TMultiReadExclusiveWriteSynchronizer.WaitForWriteSignal
 0001:00002744       TObject.AfterConstruction
 0001:00002748       TObject.BeforeDestruction
 0001:000024A4       TObject.ClassName
 0001:000024B8       TObject.ClassParent
 0001:0000249C       TObject.ClassType
 0001:00002590       TObject.CleanupInstance
 0001:000024FC       TObject.Create
 0001:00002740       TObject.DefaultHandler
 0001:0000251C       TObject.Destroy
 0001:0000274C       TObject.Dispatch
 0001:0000252C       TObject.Free
 0001:000024E0       TObject.FreeInstance
 0001:000025E0       TObject.GetInterface
 0001:00002674       TObject.GetInterfaceEntry
 0001:00002724       TObject.InheritsFrom
 0001:00002538       TObject.InitInstance
 0001:000024F4       TObject.InstanceSize
 0001:000024C4       TObject.NewInstance
 0001:00002738       TObject.SafeCallException
 0001:00013F44       tokenizer
 0001:00004120       ToLongPath
 0001:0000F6D4       TPersistent.Assign
 0001:0000F6E8       TPersistent.AssignError
 0001:0000F7B8       TPersistent.AssignTo
 0001:0000F7C0       TPersistent.DefineProperties
 0001:0000F6A8       TPersistent.Destroy
 0001:0000F7C4       TPersistent.GetNamePath
 0001:0000F874       TPersistent.GetOwner
 0001:0000937C       TranslateDateFormat
 0001:0000C4D8       TranslateResult
 0001:0001175C       TReader.CheckValue
 0001:00011780       TReader.EndOfList
 0001:00011794       TReader.NextValue
 0001:000117A4       TReader.Read
 0001:000117F0       TReader.ReadBuffer
 0001:0001182C       TReader.ReadListBegin
 0001:00011834       TReader.ReadListEnd
 0001:0001183C       TReader.ReadStr
 0001:00011878       TReader.ReadString
 0001:00011A18       TReader.ReadValue
 0001:00011934       TReader.ReadWideString
 0001:00011D0C       TReader.SkipBytes
 0001:00011CC4       TReader.SkipProperty
 0001:00011A2C       TReader.SkipSetBody
 0001:00011B28       TReader.SkipValue
 0001:0000F04C       TRegGroup.Create
 0001:0000F0C8       TRegGroup.Destroy
 0001:0000F128       TRegGroup.UnregisterModuleClasses
 0001:0000F1CC       TRegGroups.Create
 0001:0000F240       TRegGroups.Destroy
 0001:0000F29C       TRegGroups.Lock
 0001:0000F2A8       TRegGroups.Unlock
 0001:0000F2B4       TRegGroups.UnregisterModuleClasses
 0001:0000615C       Trim
 0002:00001780       TrueBoolStrs
 0001:000077E8       TryEncodeDate
 0001:000076E0       TryEncodeTime
 0001:00000FA0       TryHarder
 0001:00001F38       TryOpenForOutput
 0001:00006474       TryStrToBool
 0001:00007680       TryStrToCurr
 0001:00008E9C       TryStrToDate
 0001:00008F6C       TryStrToDateTime
 0001:0000760C       TryStrToFloat
 0001:00007654       TryStrToFloat
 0001:00007628       TryStrToFloat
 0001:00006388       TryStrToInt
 0001:00008F04       TryStrToTime
 0001:000110AC       TStream.CopyFrom
 0001:00010E24       TStream.GetPosition
 0001:00010E58       TStream.GetSize
 0001:0001103C       TStream.ReadBuffer
 0001:00010F48       TStream.Seek
 0001:00010FCC       TStream.Seek
 0001:00010E44       TStream.SetPosition
 0001:00010EA8       TStream.SetSize
 0001:00010EA4       TStream.SetSize
 0001:00011074       TStream.WriteBuffer
 0001:0001084C       TStringList.Add
 0001:00010858       TStringList.AddObject
 0001:000108BC       TStringList.Changed
 0001:000108D8       TStringList.Changing
 0001:000108F4       TStringList.Clear
 0001:00010E08       TStringList.CompareStrings
 0001:00010DD0       TStringList.CustomSort
 0001:00010934       TStringList.Delete
 0001:000107F0       TStringList.Destroy
 0001:000109A0       TStringList.Exchange
 0001:000109FC       TStringList.ExchangeItems
 0001:00010A20       TStringList.Find
 0001:00010A98       TStringList.Get
 0001:00010ACC       TStringList.GetCapacity
 0001:00010AD0       TStringList.GetCount
 0001:00010AD4       TStringList.GetObject
 0001:00010AFC       TStringList.Grow
 0001:00010B30       TStringList.IndexOf
 0001:00010B6C       TStringList.Insert
 0001:00010BD0       TStringList.InsertItem
 0001:00010B7C       TStringList.InsertObject
 0001:00010C48       TStringList.Put
 0001:00010CA4       TStringList.PutObject
 0001:00010CE4       TStringList.QuickSort
 0001:00010D78       TStringList.SetCapacity
 0001:00010D94       TStringList.SetUpdateState
 0001:00010DC0       TStringList.Sort
 0001:0000F8A8       TStrings.Add
 0001:0000F8CC       TStrings.AddObject
 0001:0000F8F0       TStrings.AddStrings
 0001:0000F9A8       TStrings.Assign
 0001:0000FA40       TStrings.BeginUpdate
 0001:000107B0       TStrings.CompareStrings
 0001:0000FAB0       TStrings.DefineProperties
 0001:0000F878       TStrings.Destroy
 0001:0000FAFC       TStrings.EndUpdate
 0001:0000FB10       TStrings.Equals
 0001:0000FBF4       TStrings.Error
 0001:0000FBBC       TStrings.Error
 0001:0000FC4C       TStrings.Exchange
 0001:0000FD34       TStrings.ExtractName
 0001:0000FDB0       TStrings.GetCapacity
 0001:0000FDB8       TStrings.GetName
 0001:000107BC       TStrings.GetNameValueSeparator
 0001:0000FE18       TStrings.GetObject
 0001:0000FE1C       TStrings.GetText
 0001:0000FE70       TStrings.GetTextStr
 0001:0000FF98       TStrings.GetValue
 0001:00010024       TStrings.IndexOf
 0001:000100B0       TStrings.IndexOfName
 0001:00010184       TStrings.IndexOfObject
 0001:000101B8       TStrings.InsertObject
 0001:000101E8       TStrings.LoadFromFile
 0001:0001023C       TStrings.LoadFromStream
 0001:000102E8       TStrings.Move
 0001:00010398       TStrings.Put
 0001:000103CC       TStrings.PutObject
 0001:000103D0       TStrings.ReadData
 0001:00010480       TStrings.SaveToFile
 0001:000104D8       TStrings.SaveToStream
 0001:00010534       TStrings.SetCapacity
 0001:000107D4       TStrings.SetNameValueSeparator
 0001:00010538       TStrings.SetStringsAdapter
 0001:0001056C       TStrings.SetText
 0001:000105BC       TStrings.SetTextStr
 0001:0001067C       TStrings.SetUpdateState
 0001:00010680       TStrings.SetValue
 0001:0001072C       TStrings.WriteData
 0001:0001537C       TTextfileoutput.Create
 0001:000153FC       TTextfileoutput.Destroy
 0001:00015430       TTextfileoutput.outputString
 0001:0000F5B8       TThreadList.Create
 0001:0000F60C       TThreadList.Destroy
 0001:0000F688       TThreadList.LockList
 0001:0000F69C       TThreadList.UnlockList
 0001:0000ACA8       TThreadLocalCounter.Delete
 0001:0000ABC8       TThreadLocalCounter.Destroy
 0001:0000AC18       TThreadLocalCounter.HashIndex
 0001:0000AC30       TThreadLocalCounter.Open
 0001:0000ACB8       TThreadLocalCounter.Recycle
 0001:00013C50       TTokenizer.Count
 0001:00013C5C       TTokenizer.create
 0001:00013CD0       TTokenizer.destroy
 0001:00013D00       TTokenizer.FindDelimeterPosition
 0001:00013D48       TTokenizer.GetToken
 0001:00013E50       TTokenizer.GetTokenItem
 0001:00013E9C       TTokenizer.Tokenize
 0001:00014A30       TWantCompileWriter.AttributeElement
 0001:00015314       TWantCompileWriter.Create
 0001:00015354       TWantCompileWriter.Destroy
 0001:000148D4       TWantCompileWriter.OutputElementValues
 0001:000148A8       TWantCompileWriter.outputPathElementValues
 0001:00014AC0       TWantCompileWriter.OutputTag
 0001:0001487C       TWantCompileWriter.outputValueElementValues
 0001:00014C00       TWantCompileWriter.WriteFile
 0002:000000DC       TwoDigitYearCenturyWindow
 0001:00011D54       TWriter.Write
 0001:00011DA0       TWriter.WriteBuffer
 0001:00011DB8       TWriter.WriteListBegin
 0001:00011DC0       TWriter.WriteListEnd
 0001:00011DC8       TWriter.WriteMinStr
 0001:00011E60       TWriter.WriteString
 0001:00011EB4       TWriter.WriteValue
 0001:00004EA0       Types
 0001:0000E600       TypInfo
 0001:000134B8       typ_dofReader
 0001:000001B0       UnhandledExceptionFilter
 0001:00004788       UnicodeToUtf8
 0001:00000A6C       UninitAllocator
 0001:00003688       UniqueString
 0001:0000B520       UniUnimplemented
 0001:00004644       UnregisterModule
 0001:0000F304       UnRegisterModuleClasses
 0001:00002E00       UnsetExceptionHandler
 0001:00005FE4       UpperCase
 0001:00015514       usage
 0001:00004A48       UTF8Decode
 0001:0000499C       UTF8Encode
 0001:00004864       Utf8ToUnicode
 0002:000004EC       Values
 0002:000017A8       VarAdd
 0002:00000010       VarAddRefProc
 0002:000017C0       VarAnd
 0001:0000C84C       VarArrayClear
 0001:0000CAEC       VarArrayCopyForEach
 0001:0000C484       VarArrayCreateError
 0002:000017E4       VarBoolFromStr
 0002:000017F0       VarBstrFromBool
 0002:000017E8       VarBstrFromCy
 0002:000017EC       VarBstrFromDate
 0001:0000C2F8       VarCastError
 0001:0000C2A4       VarCastError
 0001:0000C9C8       VarClearDeep
 0002:0000000C       VarClearProc
 0002:000017CC       VarCmp
 0001:0000CCB8       VarCopyCopyProc
 0001:0000CCC0       VarCopyDeep
 0002:00000014       VarCopyProc
 0002:000017E0       VarCyFromStr
 0002:000017DC       VarDateFromStr
 0002:00001808       VarDispProc
 0002:000017B4       VarDiv
 0002:000017D0       VarI4FromStr
 0001:0000B4E8       VariantChangeType
 0002:0000179C       VariantChangeTypeEx
 0001:0000B4D8       VariantClear
 0001:0000B4E0       VariantCopy
 0001:0000B4D0       VariantInit
 0001:0000E430       Variants
 0002:000017B8       VarIDiv
 0001:0000C394       VarInvalidOp
 0002:000017BC       VarMod
 0002:000017B0       VarMul
 0002:000017A0       VarNeg
 0002:000017A4       VarNot
 0002:000017C4       VarOr
 0001:0000C3E8       VarOverflowError
 0002:000017D4       VarR4FromStr
 0002:000017D8       VarR8FromStr
 0001:0000C72C       VarResultCheck
 0001:0000C738       VarResultCheck
 0002:000017AC       VarSub
 0001:0000CFB0       VarToLStrAny
 0001:0000D014       VarToLStrCustom
 0002:00000018       VarToLStrProc
 0001:0000CEE4       VarToLStrViaOS
 0001:0000D694       VarToWStrAny
 0001:0000D6F8       VarToWStrCustom
 0002:0000001C       VarToWStrProc
 0001:0000D5DC       VarToWStrViaOS
 0001:0000DEA4       VarTypeAsText
 0001:0000BCBC       VarUtils
 0002:000017C8       VarXor
 0002:00000420       VerboseFlagDescription
 0001:000063A8       VerifyBoolStrArray
 0001:000002EC       VirtualAlloc
 0001:000002F4       VirtualFree
 0001:00004FF8       VirtualQuery
 0001:00000278       VirtualQuery
 0001:00005000       WaitForSingleObject
 0001:000154B8       wantWriter
 0001:000032DC       WCharFromChar
 0002:00000308       WesternGroups
 0001:00000270       WideCharToMultiByte
 0002:000000D4       Win32BuildNumber
 0001:0000AB14       Win32Check
 0002:000000D8       Win32CSDVersion
 0002:000000CC       Win32MajorVersion
 0002:000000D0       Win32MinorVersion
 0002:000000C8       Win32Platform
 0001:000050B0       Windows
 0001:00003000       WriteErrorMessage
 0001:00005008       WriteFile
 0001:000001B8       WriteFile
 0001:00005010       WritePrivateProfileString
 0001:000037F4       WStrError
 0001:00003814       WStrSet


  Address         Publics by Value

 0002:FFBE900C       TlsLast
 0001:00000160       CloseHandle
 0001:00000168       CreateFileA
 0001:00000170       GetFileType
 0001:00000178       GetFileSize
 0001:00000180       GetStdHandle
 0001:00000188       RaiseException
 0001:00000190       ReadFile
 0001:00000198       RtlUnwind
 0001:000001A0       SetEndOfFile
 0001:000001A8       SetFilePointer
 0001:000001B0       UnhandledExceptionFilter
 0001:000001B8       WriteFile
 0001:000001C0       CharNext
 0001:000001C8       ExitProcess
 0001:000001D0       MessageBox
 0001:000001D8       FindClose
 0001:000001E0       FindFirstFile
 0001:000001E8       FreeLibrary
 0001:000001F0       GetCommandLine
 0001:000001F8       GetLastError
 0001:00000200       GetLocaleInfo
 0001:00000208       GetModuleFileName
 0001:00000210       GetModuleHandle
 0001:00000218       GetProcAddress
 0001:00000220       GetStartupInfo
 0001:00000228       GetThreadLocale
 0001:00000230       LoadLibraryEx
 0001:00000238       LoadString
 0001:00000240       lstrcpyn
 0001:00000248       @strlen
 0001:00000250       MultiByteToWideChar
 0001:00000258       RegCloseKey
 0001:00000260       RegOpenKeyEx
 0001:00000268       RegQueryValueEx
 0001:00000270       WideCharToMultiByte
 0001:00000278       VirtualQuery
 0001:00000280       SysAllocStringLen
 0001:00000288       SysReAllocStringLen
 0001:00000290       SysFreeString
 0001:00000298       InterlockedIncrement
 0001:000002A0       InterlockedDecrement
 0001:000002A8       GetCurrentThreadId
 0001:000002B0       GetVersion
 0001:000002B8       GetCmdShow
 0001:000002DC       LocalAlloc
 0001:000002E4       LocalFree
 0001:000002EC       VirtualAlloc
 0001:000002F4       VirtualFree
 0001:000002FC       InitializeCriticalSection
 0001:00000304       EnterCriticalSection
 0001:0000030C       LeaveCriticalSection
 0001:00000314       DeleteCriticalSection
 0001:0000031C       GetBlockDesc
 0001:0000036C       MakeEmpty
 0001:00000374       AddBlockAfter
 0001:000003A4       DeleteBlock
 0001:000003BC       MergeBlockAfter
 0001:0000042C       RemoveBlock
 0001:000004C0       GetSpace
 0001:00000524       GetSpaceAt
 0001:0000059C       FreeSpace
 0001:00000654       Commit
 0001:000006E8       Decommit
 0001:00000768       GetCommitted
 0001:000007F8       GetCommittedAt
 0001:0000091C       FreeCommitted
 0001:000009A8       InitAllocator
 0001:00000A6C       UninitAllocator
 0001:00000B4C       DeleteFree
 0001:00000BB0       FindCommitted
 0001:00000BE0       FillBeforeGap
 0001:00000C10       InternalFreeMem
 0001:00000C34       FillAfterGap
 0001:00000C5C       FillerSizeBeforeGap
 0001:00000CCC       FillerSizeAfterGap
 0001:00000D04       DecommitFree
 0001:00000DB4       InsertFree
 0001:00000E3C       FreeCurAlloc
 0001:00000E88       MergeCommit
 0001:00000F14       NewCommit
 0001:00000F40       NewCommitAt
 0001:00000F74       SearchSmallBlocks
 0001:00000FA0       TryHarder
 0001:00001094       SysGetMem
 0001:00001224       SysFreeMem
 0001:000013C8       ResizeInPlace
 0001:000015A4       SysReallocMem
 0001:00001668       @GetMem
 0001:00001688       @FreeMem
 0001:000016A8       @ReallocMem
 0001:000016F8       RunErrorAt
 0001:00001704       ErrorAt
 0001:00001750       Error
 0001:0000175C       @_IOTest
 0001:0000177C       SetInOutRes
 0001:0000178C       @Copy
 0001:000017D0       IOResult
 0001:000017F0       Move
 0001:00001830       GetParamStr
 0001:0000191C       ParamCount
 0001:0000197C       ParamStr
 0001:000019DC       @AbstractError
 0001:000019F8       OpenText
 0001:00001A50       @RewritText
 0001:00001A5C       TextIn
 0001:00001A98       FileNOPProc
 0001:00001A9C       TextOut
 0001:00001AD8       InternalClose
 0001:00001AE8       TextClose
 0001:00001B08       TextOpen
 0001:00001CB4       @Assign
 0001:00001D1C       InternalFlush
 0001:00001D64       Flush
 0001:00001D70       @Flush
 0001:00001D7C       @Close
 0001:00001DD4       @AStrCmp
 0001:00001E44       @FillChar
 0001:00001E64       @ValLong
 0001:00001F38       TryOpenForOutput
 0001:00001F7C       @WriteBytes
 0001:00001FD0       @WriteSpaces
 0001:0000204C       @WriteLn
 0001:00002094       @SetEq
 0001:000020A8       FPower10
 0001:000020B0       @Pow10
 0001:00002394       GetKeyboardType
 0001:0000239C       @isNECWindows
 0001:000023CC       @FpuMaskInit
 0001:00002490       @FpuInit
 0001:0000249C       TObject.ClassType
 0001:000024A4       TObject.ClassName
 0001:000024B8       TObject.ClassParent
 0001:000024C4       TObject.NewInstance
 0001:000024E0       TObject.FreeInstance
 0001:000024F4       TObject.InstanceSize
 0001:000024FC       TObject.Create
 0001:0000251C       TObject.Destroy
 0001:0000252C       TObject.Free
 0001:00002538       TObject.InitInstance
 0001:00002590       TObject.CleanupInstance
 0001:000025B0       InvokeImplGetter
 0001:000025E0       TObject.GetInterface
 0001:00002674       TObject.GetInterfaceEntry
 0001:000026B8       @IsClass
 0001:000026DC       GetDynaMethod
 0001:0000270C       @CallDynaInst
 0001:00002724       TObject.InheritsFrom
 0001:00002738       TObject.SafeCallException
 0001:00002740       TObject.DefaultHandler
 0001:00002744       TObject.AfterConstruction
 0001:00002748       TObject.BeforeDestruction
 0001:0000274C       TObject.Dispatch
 0001:00002774       @ClassCreate
 0001:000027C4       @ClassDestroy
 0001:000027CC       @AfterConstruction
 0001:000027DC       @BeforeDestruction
 0001:000027EC       NotifyReRaise
 0001:00002808       NotifyNonDelphiException
 0001:0000282C       NotifyExcept
 0001:00002844       NotifyOnExcept
 0001:00002858       NotifyAnyExcept
 0001:0000286C       CheckJmp
 0001:0000288C       NotifyExceptFinally
 0001:000028B4       NotifyTerminate
 0001:000028D0       NotifyUnhandled
 0001:000028F0       @HandleAnyException
 0001:00002A1C       @HandleOnException
 0001:00002BA4       @HandleFinally
 0001:00002BDC       @RaiseExcept
 0001:00002C04       @RaiseAgain
 0001:00002C58       @DoneExcept
 0001:00002C88       @TryFinallyExit
 0001:00002CA0       MapToRunError
 0001:00002D40       @ExceptionHandler
 0001:00002DE0       SetExceptionHandler
 0001:00002E00       UnsetExceptionHandler
 0001:00002E28       FinalizeUnits
 0001:00002E88       InitUnits
 0001:00002EE8       @StartExe
 0001:00002F28       @InitResStringImports
 0001:00002F50       @InitImports
 0001:00002F74       MakeErrorMessage
 0001:00002FD0       ExitDll
 0001:00003000       WriteErrorMessage
 0001:0000308C       @Halt0
 0001:00003164       @Halt
 0001:00003170       @RunError
 0001:0000317C       @Assert
 0001:0000319C       @LStrClr
 0001:000031C0       @LStrArrayClr
 0001:000031F0       @LStrAsg
 0001:00003234       @LStrLAsg
 0001:00003260       @NewAnsiString
 0001:0000328C       @LStrFromPCharLen
 0001:000032BC       CharFromWChar
 0001:000032DC       WCharFromChar
 0001:000032F8       @LStrFromPWCharLen
 0001:00003384       @LStrFromChar
 0001:00003394       @LStrFromPChar
 0001:000033C4       @LStrFromPWChar
 0001:00003400       @LStrFromString
 0001:0000340C       @LStrFromArray
 0001:00003424       @LStrFromWStr
 0001:00003438       @LStrLen
 0001:00003440       @LStrCat
 0001:00003484       @LStrCat3
 0001:000034F8       @LStrCatN
 0001:00003584       @LStrCmp
 0001:00003628       @LStrAddRef
 0001:00003638       @LStrToPChar
 0001:00003644       InternalUniqueString
 0001:00003688       UniqueString
 0001:00003690       @UniqueStringA
 0001:00003698       @LStrCopy
 0001:000036D8       @LStrDelete
 0001:00003720       @LStrPos
 0001:00003768       @LStrSetLength
 0001:000037CC       @Write0LString
 0001:000037D4       @WriteLString
 0001:000037F4       WStrError
 0001:000037FC       @NewWideString
 0001:00003814       WStrSet
 0001:00003824       @WStrClr
 0001:0000383C       @WStrArrayClr
 0001:00003860       @WStrAsg
 0001:00003884       @WStrFromPCharLen
 0001:00003910       @WStrFromPWCharLen
 0001:00003934       @WStrFromPWChar
 0001:00003970       @WStrFromLStr
 0001:00003980       @WStrToPWChar
 0001:00003990       @WStrLen
 0001:0000399C       @WStrCmp
 0001:00003A20       @WStrCopy
 0001:00003A6C       @WStrSetLength
 0001:00003AB0       @FinalizeRecord
 0001:00003AE4       @VarClr
 0001:00003AFC       @FinalizeArray
 0001:00003BE8       @Finalize
 0001:00003BF4       @VarCopy
 0001:00003C0C       @CopyRecord
 0001:00003D28       @CopyArray
 0001:00003E1C       @DispCallByIDError
 0001:00003E24       @_llmul
 0001:00003E48       @DynArrayLength
 0001:00003E50       @DynArrayHigh
 0001:00003E58       CopyArray
 0001:00003E68       FinalizeArray
 0001:00003E70       DynArrayClear
 0001:00003E78       DynArraySetLength
 0001:00004004       @DynArraySetLength
 0001:00004010       @DynArrayClear
 0001:0000404C       @DynArrayAsg
 0001:00004074       FindHInstance
 0001:0000409C       DelayLoadResourceModule
 0001:000040E4       FindResourceHInstance
 0001:0000410C       FindBS
 0001:00004120       ToLongPath
 0001:000042D8       LoadResourceModule
 0001:00004548       AddModuleUnloadProc
 0001:00004550       RemoveModuleUnloadProc
 0001:00004558       AddModuleUnloadProc
 0001:00004578       RemoveModuleUnloadProc
 0001:000045D8       NotifyModuleUnload
 0001:00004634       RegisterModule
 0001:00004644       UnregisterModule
 0001:000046B4       @IntfClear
 0001:000046CC       @IntfCopy
 0001:000046F8       TInterfacedObject.AfterConstruction
 0001:00004704       TInterfacedObject.BeforeDestruction
 0001:00004714       TInterfacedObject.NewInstance
 0001:00004724       TInterfacedObject.QueryInterface
 0001:0000474C       TInterfacedObject._AddRef
 0001:00004760       TInterfacedObject._Release
 0001:00004788       UnicodeToUtf8
 0001:00004864       Utf8ToUnicode
 0001:0000499C       UTF8Encode
 0001:00004A48       UTF8Decode
 0001:00004AEC       AnsiToUtf8
 0001:00004B3C       LoadResString
 0001:00004B94       LCIDToCodePage
 0001:00004C08       Finalization
 0001:00004C5C       System
 0001:00004D30       GetModuleHandle
 0001:00004D38       LocalAlloc
 0001:00004D40       TlsGetValue
 0001:00004D48       TlsSetValue
 0001:00004D50       AllocTlsBuffer
 0001:00004D5C       GetTlsSize
 0001:00004D64       InitThreadTLS
 0001:00004DA8       @GetTls
 0001:00004DE8       InitializeModule
 0001:00004DF4       @InitExe
 0001:00004E38       Finalization
 0001:00004E68       SysInit
 0001:00004E70       Finalization
 0001:00004EA0       Types
 0001:00004EA8       CloseHandle
 0001:00004EB0       CompareString
 0001:00004EB8       CreateEvent
 0001:00004EC0       CreateFile
 0001:00004EC8       DeleteCriticalSection
 0001:00004ED0       EnterCriticalSection
 0001:00004ED8       EnumCalendarInfoA
 0001:00004EE0       FileTimeToDosDateTime
 0001:00004EE8       FileTimeToLocalFileTime
 0001:00004EF0       FindClose
 0001:00004EF8       FindFirstFile
 0001:00004F00       FormatMessage
 0001:00004F08       GetACP
 0001:00004F10       GetCPInfo
 0001:00004F18       GetCurrentThreadId
 0001:00004F20       GetDateFormat
 0001:00004F28       GetDiskFreeSpaceA
 0001:00004F30       GetFullPathName
 0001:00004F38       GetLastError
 0001:00004F40       GetLocalTime
 0001:00004F48       GetLocaleInfo
 0001:00004F50       GetModuleFileName
 0001:00004F58       GetModuleHandle
 0001:00004F60       GetPrivateProfileString
 0001:00004F68       GetProcAddress
 0001:00004F70       GetStdHandle
 0001:00004F78       GetStringTypeEx
 0001:00004F80       GetThreadLocale
 0001:00004F88       GetVersionEx
 0001:00004F90       GlobalAlloc
 0001:00004F98       GlobalFree
 0001:00004FA0       GlobalLock
 0001:00004FA8       GlobalHandle
 0001:00004FB0       GlobalReAlloc
 0001:00004FB8       GlobalUnlock
 0001:00004FC0       InitializeCriticalSection
 0001:00004FC8       LeaveCriticalSection
 0001:00004FD0       ReadFile
 0001:00004FD8       ResetEvent
 0001:00004FE0       SetEndOfFile
 0001:00004FE8       SetEvent
 0001:00004FF0       SetFilePointer
 0001:00004FF8       VirtualQuery
 0001:00005000       WaitForSingleObject
 0001:00005008       WriteFile
 0001:00005010       WritePrivateProfileString
 0001:00005018       CharNext
 0001:00005020       CharToOemA
 0001:00005028       GetSystemMetrics
 0001:00005030       LoadString
 0001:00005038       MessageBox
 0001:00005040       GlobalAllocPtr
 0001:00005050       GlobalReAllocPtr
 0001:0000506C       GlobalFreePtr
 0001:00005080       Finalization
 0001:000050B0       Windows
 0001:000053B0       Finalization
 0001:000053E0       SysConst
 0001:00005F84       DivMod
 0001:00005FA0       ConvertErrorFmt
 0001:00005FC4       AllocMem
 0001:00005FE4       UpperCase
 0001:00006020       LowerCase
 0001:0000605C       CompareText
 0001:000060B0       SameText
 0001:000060D4       AnsiCompareStr
 0001:0000610C       AnsiCompareText
 0001:00006144       AnsiSameText
 0001:0000615C       Trim
 0001:000061AC       CvtInt
 0001:000061F8       IntToStr
 0001:00006218       CvtInt64
 0001:000062E4       IntToStr
 0001:0000630C       IntToHex
 0001:00006334       StrToInt
 0001:00006370       StrToIntDef
 0001:00006388       TryStrToInt
 0001:000063A8       VerifyBoolStrArray
 0001:00006438       CompareWith
 0001:00006474       TryStrToBool
 0001:00006510       BoolToStr
 0001:0000655C       FileOpen
 0001:000065B4       FileCreate
 0001:000065D8       FileCreate
 0001:000065E0       FileRead
 0001:0000660C       FileWrite
 0001:00006638       FileSeek
 0001:00006670       FileClose
 0001:00006678       FileAge
 0001:000066E0       FileExists
 0001:000066F0       LastDelimiter
 0001:00006740       ChangeFileExt
 0001:000067D4       ExtractFileName
 0001:0000680C       ExpandFileName
 0001:00006848       BackfillGetDiskFreeSpaceEx
 0001:000068BC       StrLen
 0001:000068D4       StrMove
 0001:000068E4       StrLCopy
 0001:00006918       StrLIComp
 0001:0000695C       StrScan
 0001:00006970       StrPos
 0001:000069C4       StrAlloc
 0001:000069D8       StrNew
 0001:00006A04       FormatError
 0001:00006A5C       FormatVarToStr
 0001:00006A80       FormatClearStr
 0001:00006A8C       FormatBuf
 0001:00006E04       StrLFmt
 0001:00006E44       Format
 0001:00006E58       FmtStr
 0001:00006F18       PutExponent
 0001:00006F5C       FloatToText
 0001:00007230       FloatToDecimal
 0001:0000745C       TextToFloat
 0001:00007570       FloatToStr
 0001:000075A0       CurrToStr
 0001:000075D0       StrToFloat
 0001:0000760C       TryStrToFloat
 0001:00007628       TryStrToFloat
 0001:00007654       TryStrToFloat
 0001:00007680       TryStrToCurr
 0001:0000769C       DateTimeToTimeStamp
 0001:000076E0       TryEncodeTime
 0001:00007750       DecodeTime
 0001:000077AC       IsLeapYear
 0001:000077E8       TryEncodeDate
 0001:000078B0       DecodeDateFully
 0001:000079FC       DecodeDate
 0001:00007A1C       DayOfWeek
 0001:00007A44       CurrentYear
 0001:00007A58       AppendChars
 0001:00007A9C       AppendString
 0001:00007ABC       AppendNumber
 0001:00007B08       GetCount
 0001:00007B34       GetDate
 0001:00007B6C       GetTime
 0001:00007BAC       ConvertEraString
 0001:00007D14       ConvertYearString
 0001:00007E1C       AppendFormat
 0001:000085D0       DateTimeToString
 0001:0000862C       DateToStr
 0001:00008644       TimeToStr
 0001:0000865C       DateTimeToStr
 0001:00008670       ScanBlanks
 0001:00008694       ScanNumber
 0001:00008728       ScanString
 0001:000087B4       ScanChar
 0001:000087EC       GetDateOrder
 0001:00008838       ScanToNumber
 0001:00008880       GetEraYearOffset
 0001:000088D4       EraToYear
 0001:00008930       ScanDate
 0001:00008C74       ScanTime
 0001:00008E68       StrToDate
 0001:00008E9C       TryStrToDate
 0001:00008ED0       StrToTime
 0001:00008F04       TryStrToTime
 0001:00008F38       StrToDateTime
 0001:00008F6C       TryStrToDateTime
 0001:00008FF8       SysErrorMessage
 0001:00009044       GetLocaleStr
 0001:00009090       GetLocaleChar
 0001:000090B8       LocalGetLocaleStr
 0001:000090F4       GetMonthDayNames
 0001:00009218       EnumEraNames
 0001:00009254       EnumEraYearOffsets
 0001:000092CC       GetEraNamesAndYearOffsets
 0001:0000937C       TranslateDateFormat
 0001:000095A4       ConvertAddr
 0001:000095B0       ExceptionErrorMessage
 0001:00009738       ShowException
 0001:00009800       Exception.Create
 0001:0000983C       Exception.CreateFmt
 0001:000098BC       Exception.CreateRes
 0001:000098F8       Exception.CreateResFmt
 0001:0000998C       EHeapException.FreeInstance
 0001:000099B8       CreateInOutError
 0001:00009A38       ErrorHandler
 0001:00009A8C       CreateAssertException
 0001:00009B38       RaiseAssertException
 0001:00009B48       AssertErrorHandler
 0001:00009B64       AbstractErrorHandler
 0001:00009B7C       MapException
 0001:00009BFC       GetExceptionClass
 0001:00009C14       CreateAVObject
 0001:00009DE0       GetExceptionObject
 0001:00009EAC       ExceptHandler
 0001:00009EBC       InitExceptions
 0001:00009F40       DoneExceptions
 0001:00009FC0       InitPlatformId
 0001:0000A030       ByteTypeTest
 0001:0000A0A8       ByteType
 0001:0000A0CC       StrByteType
 0001:0000A0E4       ByteToCharLen
 0001:0000A10C       ByteToCharIndex
 0001:0000A164       CountChars
 0001:0000A1F4       CharToByteIndex
 0001:0000A258       CharToByteLen
 0001:0000A2B8       StrCharLength
 0001:0000A2D8       StrNextChar
 0001:0000A2E0       CharLength
 0001:0000A31C       NextCharIndex
 0001:0000A358       AnsiPos
 0001:0000A390       AnsiStrPos
 0001:0000A430       AnsiStrRScan
 0001:0000A458       AnsiStrScan
 0001:0000A498       LCIDToCodePage
 0001:0000A50C       InitLeadBytes
 0001:0000A56C       IsWesternGroup
 0001:0000A584       InitSysLocale
 0001:0000A6F8       GetFormatSettings
 0001:0000AA70       Sleep
 0001:0000AA78       RaiseLastOSError
 0001:0000AB14       Win32Check
 0001:0000AB24       FreeTerminateProcs
 0001:0000AB44       InitDriveSpacePtr
 0001:0000ABA0       InterlockedIncrement
 0001:0000ABAC       InterlockedDecrement
 0001:0000ABB8       InterlockedExchange
 0001:0000ABC0       InterlockedExchangeAdd
 0001:0000ABC8       TThreadLocalCounter.Destroy
 0001:0000AC18       TThreadLocalCounter.HashIndex
 0001:0000AC30       TThreadLocalCounter.Open
 0001:0000ACA8       TThreadLocalCounter.Delete
 0001:0000ACB8       TThreadLocalCounter.Recycle
 0001:0000ACF8       TMultiReadExclusiveWriteSynchronizer.Create
 0001:0000AD6C       TMultiReadExclusiveWriteSynchronizer.Destroy
 0001:0000ADB4       TMultiReadExclusiveWriteSynchronizer.BlockReaders
 0001:0000ADC0       TMultiReadExclusiveWriteSynchronizer.UnblockReaders
 0001:0000ADCC       TMultiReadExclusiveWriteSynchronizer.UnblockOneWriter
 0001:0000ADD8       TMultiReadExclusiveWriteSynchronizer.WaitForReadSignal
 0001:0000ADE8       TMultiReadExclusiveWriteSynchronizer.WaitForWriteSignal
 0001:0000ADF8       TMultiReadExclusiveWriteSynchronizer.BeginWrite
 0001:0000AE94       TMultiReadExclusiveWriteSynchronizer.EndWrite
 0001:0000AEE4       TMultiReadExclusiveWriteSynchronizer.BeginRead
 0001:0000AF50       TMultiReadExclusiveWriteSynchronizer.EndRead
 0001:0000AFB8       FreeAndNil
 0001:0000B298       Finalization
 0001:0000B418       SysUtils
 0001:0000B498       Finalization
 0001:0000B4C8       Messages
 0001:0000B4D0       VariantInit
 0001:0000B4D8       VariantClear
 0001:0000B4E0       VariantCopy
 0001:0000B4E8       VariantChangeType
 0001:0000B4F0       BackupVariantChangeTypeEx
 0001:0000B520       UniUnimplemented
 0001:0000B52C       BiUnimplemented
 0001:0000B538       CmpUnimplemented
 0001:0000B544       BackupVarI4FromStr
 0001:0000B5B0       BackupVarR4FromStr
 0001:0000B61C       BackupVarR8FromStr
 0001:0000B688       BackupVarDateFromStr
 0001:0000B6F4       BackupVarCyFromStr
 0001:0000B760       BackupVarBoolFromStr
 0001:0000B7E0       BackupVarBStrFromCy
 0001:0000B850       BackupVarBStrFromDate
 0001:0000B8C0       BackupVarBStrFromBool
 0001:0000B934       SafeArrayCreate
 0001:0000B93C       SafeArrayGetLBound
 0001:0000B944       SafeArrayGetUBound
 0001:0000B94C       SafeArrayPtrOfIndex
 0001:0000B954       FindProc
 0001:0000B980       InitializeVarUtils
 0001:0000BC8C       Finalization
 0001:0000BCBC       VarUtils
 0001:0000C2A4       VarCastError
 0001:0000C2F8       VarCastError
 0001:0000C394       VarInvalidOp
 0001:0000C3E8       VarOverflowError
 0001:0000C484       VarArrayCreateError
 0001:0000C4D8       TranslateResult
 0001:0000C72C       VarResultCheck
 0001:0000C738       VarResultCheck
 0001:0000C76C       @DispInvokeError
 0001:0000C7C0       InBounds
 0001:0000C7F0       Increment
 0001:0000C84C       VarArrayClear
 0001:0000C9C8       VarClearDeep
 0001:0000CA44       @VarClear
 0001:0000CA58       @VarClr
 0001:0000CA60       InBounds
 0001:0000CA90       Increment
 0001:0000CAEC       VarArrayCopyForEach
 0001:0000CCB8       VarCopyCopyProc
 0001:0000CCC0       VarCopyDeep
 0001:0000CD6C       @VarCopy
 0001:0000CDB0       CurrToWStrViaOS
 0001:0000CDE8       DateToWStrViaOS
 0001:0000CE20       BoolToWStrViaOS
 0001:0000CEE4       VarToLStrViaOS
 0001:0000CFB0       VarToLStrAny
 0001:0000D014       VarToLStrCustom
 0001:0000D098       @VarToLStr
 0001:0000D5DC       VarToWStrViaOS
 0001:0000D694       VarToWStrAny
 0001:0000D6F8       VarToWStrCustom
 0001:0000D7C0       @VarToWStr
 0001:0000DD20       @VarAddRef
 0001:0000DEA4       VarTypeAsText
 0001:0000E014       SetVarAsError
 0001:0000E02C       SetClearVarToEmptyParam
 0001:0000E05C       ClearVariantTypeList
 0001:0000E0C8       TCustomVariantType.BinaryOp
 0001:0000E0D4       TCustomVariantType.Cast
 0001:0000E10C       TCustomVariantType.CastTo
 0001:0000E154       TCustomVariantType.Compare
 0001:0000E160       TCustomVariantType.CompareOp
 0001:0000E198       TCustomVariantType.CastToOle
 0001:0000E1D4       TCustomVariantType.Destroy
 0001:0000E260       TCustomVariantType.IsClear
 0001:0000E264       TCustomVariantType.LeftPromotion
 0001:0000E278       TCustomVariantType.OlePromotion
 0001:0000E280       TCustomVariantType.RaiseCastError
 0001:0000E288       TCustomVariantType.RaiseInvalidOp
 0001:0000E290       TCustomVariantType.RaiseDispError
 0001:0000E298       TCustomVariantType.RightPromotion
 0001:0000E2AC       TCustomVariantType.UnaryOp
 0001:0000E2B4       TCustomVariantType.DispInvoke
 0001:0000E2C0       TCustomVariantType._AddRef
 0001:0000E2CC       TCustomVariantType._Release
 0001:0000E2D8       TCustomVariantType.QueryInterface
 0001:0000E300       FindCustomVariantType
 0001:0000E3B8       Finalization
 0001:0000E430       Variants
 0001:0000E54C       Finalization
 0001:0000E57C       RTLConsts
 0001:0000E5B0       Finalization
 0001:0000E600       TypInfo
 0001:0000E608       Finalization
 0001:0000E638       ActiveX
 0001:0000F04C       TRegGroup.Create
 0001:0000F0C8       TRegGroup.Destroy
 0001:0000F108       PointerInModule
 0001:0000F128       TRegGroup.UnregisterModuleClasses
 0001:0000F1CC       TRegGroups.Create
 0001:0000F240       TRegGroups.Destroy
 0001:0000F29C       TRegGroups.Lock
 0001:0000F2A8       TRegGroups.Unlock
 0001:0000F2B4       TRegGroups.UnregisterModuleClasses
 0001:0000F304       UnRegisterModuleClasses
 0001:0000F350       TList.Destroy
 0001:0000F370       TList.Add
 0001:0000F3A4       TList.Clear
 0001:0000F3BC       TList.Delete
 0001:0000F41C       ReturnAddr
 0001:0000F420       TList.Error
 0001:0000F458       TList.Error
 0001:0000F4AC       TList.Get
 0001:0000F4D4       TList.Grow
 0001:0000F508       TList.SetCapacity
 0001:0000F544       TList.SetCount
 0001:0000F5B4       TList.Notify
 0001:0000F5B8       TThreadList.Create
 0001:0000F60C       TThreadList.Destroy
 0001:0000F688       TThreadList.LockList
 0001:0000F69C       TThreadList.UnlockList
 0001:0000F6A8       TPersistent.Destroy
 0001:0000F6D4       TPersistent.Assign
 0001:0000F6E8       TPersistent.AssignError
 0001:0000F7B8       TPersistent.AssignTo
 0001:0000F7C0       TPersistent.DefineProperties
 0001:0000F7C4       TPersistent.GetNamePath
 0001:0000F874       TPersistent.GetOwner
 0001:0000F878       TStrings.Destroy
 0001:0000F8A8       TStrings.Add
 0001:0000F8CC       TStrings.AddObject
 0001:0000F8F0       TStrings.AddStrings
 0001:0000F9A8       TStrings.Assign
 0001:0000FA40       TStrings.BeginUpdate
 0001:0000FA58       DoWrite
 0001:0000FAB0       TStrings.DefineProperties
 0001:0000FAFC       TStrings.EndUpdate
 0001:0000FB10       TStrings.Equals
 0001:0000FBB8       ReturnAddr
 0001:0000FBBC       TStrings.Error
 0001:0000FBF4       TStrings.Error
 0001:0000FC4C       TStrings.Exchange
 0001:0000FD34       TStrings.ExtractName
 0001:0000FDB0       TStrings.GetCapacity
 0001:0000FDB8       TStrings.GetName
 0001:0000FE18       TStrings.GetObject
 0001:0000FE1C       TStrings.GetText
 0001:0000FE70       TStrings.GetTextStr
 0001:0000FF98       TStrings.GetValue
 0001:00010024       TStrings.IndexOf
 0001:000100B0       TStrings.IndexOfName
 0001:00010184       TStrings.IndexOfObject
 0001:000101B8       TStrings.InsertObject
 0001:000101E8       TStrings.LoadFromFile
 0001:0001023C       TStrings.LoadFromStream
 0001:000102E8       TStrings.Move
 0001:00010398       TStrings.Put
 0001:000103CC       TStrings.PutObject
 0001:000103D0       TStrings.ReadData
 0001:00010480       TStrings.SaveToFile
 0001:000104D8       TStrings.SaveToStream
 0001:00010534       TStrings.SetCapacity
 0001:00010538       TStrings.SetStringsAdapter
 0001:0001056C       TStrings.SetText
 0001:000105BC       TStrings.SetTextStr
 0001:0001067C       TStrings.SetUpdateState
 0001:00010680       TStrings.SetValue
 0001:0001072C       TStrings.WriteData
 0001:000107B0       TStrings.CompareStrings
 0001:000107BC       TStrings.GetNameValueSeparator
 0001:000107D4       TStrings.SetNameValueSeparator
 0001:000107F0       TStringList.Destroy
 0001:0001084C       TStringList.Add
 0001:00010858       TStringList.AddObject
 0001:000108BC       TStringList.Changed
 0001:000108D8       TStringList.Changing
 0001:000108F4       TStringList.Clear
 0001:00010934       TStringList.Delete
 0001:000109A0       TStringList.Exchange
 0001:000109FC       TStringList.ExchangeItems
 0001:00010A20       TStringList.Find
 0001:00010A98       TStringList.Get
 0001:00010ACC       TStringList.GetCapacity
 0001:00010AD0       TStringList.GetCount
 0001:00010AD4       TStringList.GetObject
 0001:00010AFC       TStringList.Grow
 0001:00010B30       TStringList.IndexOf
 0001:00010B6C       TStringList.Insert
 0001:00010B7C       TStringList.InsertObject
 0001:00010BD0       TStringList.InsertItem
 0001:00010C48       TStringList.Put
 0001:00010CA4       TStringList.PutObject
 0001:00010CE4       TStringList.QuickSort
 0001:00010D78       TStringList.SetCapacity
 0001:00010D94       TStringList.SetUpdateState
 0001:00010DAC       StringListCompareStrings
 0001:00010DC0       TStringList.Sort
 0001:00010DD0       TStringList.CustomSort
 0001:00010E08       TStringList.CompareStrings
 0001:00010E24       TStream.GetPosition
 0001:00010E44       TStream.SetPosition
 0001:00010E58       TStream.GetSize
 0001:00010EA4       TStream.SetSize
 0001:00010EA8       TStream.SetSize
 0001:00010EFC       RaiseException
 0001:00010F48       TStream.Seek
 0001:00010FCC       TStream.Seek
 0001:0001103C       TStream.ReadBuffer
 0001:00011074       TStream.WriteBuffer
 0001:000110AC       TStream.CopyFrom
 0001:000111A0       THandleStream.Create
 0001:000111DC       THandleStream.Read
 0001:000111EC       THandleStream.Write
 0001:000111FC       THandleStream.Seek
 0001:00011228       THandleStream.SetSize
 0001:0001123C       THandleStream.SetSize
 0001:00011264       TFileStream.Create
 0001:000112A8       TFileStream.Create
 0001:000113FC       TFileStream.Destroy
 0001:00011430       TCustomMemoryStream.SetPointer
 0001:00011438       TCustomMemoryStream.Read
 0001:00011470       TCustomMemoryStream.Seek
 0001:00011494       TMemoryStream.Destroy
 0001:000114C0       TMemoryStream.Clear
 0001:000114D8       TMemoryStream.SetCapacity
 0001:00011500       TMemoryStream.SetSize
 0001:0001152C       TMemoryStream.Realloc
 0001:000115B8       TMemoryStream.Write
 0001:00011608       RemoveFixupReferences
 0001:000116B4       RemoveFixups
 0001:00011738       ReadError
 0001:00011750       PropValueError
 0001:0001175C       TReader.CheckValue
 0001:00011780       TReader.EndOfList
 0001:00011794       TReader.NextValue
 0001:000117A4       TReader.Read
 0001:000117F0       TReader.ReadBuffer
 0001:0001182C       TReader.ReadListBegin
 0001:00011834       TReader.ReadListEnd
 0001:0001183C       TReader.ReadStr
 0001:00011878       TReader.ReadString
 0001:00011934       TReader.ReadWideString
 0001:00011A18       TReader.ReadValue
 0001:00011A2C       TReader.SkipSetBody
 0001:00011A74       SkipList
 0001:00011A9C       SkipBinary
 0001:00011ACC       SkipCollection
 0001:00011B28       TReader.SkipValue
 0001:00011CC4       TReader.SkipProperty
 0001:00011D0C       TReader.SkipBytes
 0001:00011D54       TWriter.Write
 0001:00011DA0       TWriter.WriteBuffer
 0001:00011DB8       TWriter.WriteListBegin
 0001:00011DC0       TWriter.WriteListEnd
 0001:00011DC8       TWriter.WriteMinStr
 0001:00011E60       TWriter.WriteString
 0001:00011EB4       TWriter.WriteValue
 0001:00011EC8       BinToHex
 0001:00011F04       HexToBin
 0001:00011F5C       InitThreadSynchronization
 0001:00011F90       DoneThreadSynchronization
 0001:00011FA8       FreeIntConstList
 0001:00012014       ModuleUnload
 0001:0001201C       Finalization
 0001:000120CC       Classes
 0001:000123CC       Finalization
 0001:00012414       dccFlags
 0001:000125F4       TCustomIniFile.Create
 0001:00012630       TCustomIniFile.ReadInteger
 0001:000126F4       TCustomIniFile.WriteInteger
 0001:00012750       TCustomIniFile.ReadBool
 0001:0001277C       TCustomIniFile.ReadDate
 0001:00012834       TCustomIniFile.ReadDateTime
 0001:000128EC       TCustomIniFile.ReadFloat
 0001:000129A4       TCustomIniFile.ReadTime
 0001:00012A5C       TCustomIniFile.WriteDate
 0001:00012ABC       TCustomIniFile.WriteDateTime
 0001:00012B1C       TCustomIniFile.WriteFloat
 0001:00012B80       TCustomIniFile.WriteTime
 0001:00012BF8       TCustomIniFile.WriteBool
 0001:00012C14       TCustomIniFile.ReadBinaryStream
 0001:00012D84       TCustomIniFile.WriteBinaryStream
 0001:00012EF4       TIniFile.Destroy
 0001:00012F20       TIniFile.ReadString
 0001:00012F80       TIniFile.WriteString
 0001:00012FEC       TIniFile.ReadSections
 0001:000130EC       TIniFile.ReadSection
 0001:000131F4       TIniFile.ReadSectionValues
 0001:00013340       TIniFile.EraseSection
 0001:00013394       TIniFile.DeleteKey
 0001:000133C4       TIniFile.UpdateFile
 0001:000133E0       Finalization
 0001:00013428       IniFiles
 0001:00013488       Finalization
 0001:000134B8       typ_dofReader
 0001:000134F8       Finalization
 0001:00013540       const_dofReader
 0001:000135AC       TDelphiDOFReader.Create
 0001:00013604       TDelphiDOFReader.Destroy
 0001:00013644       TDelphiDOFReader.LoadFromFile
 0001:00013734       TDelphiDOFReader.setDofSection
 0001:00013758       Finalization
 0001:00013788       dofreader
 0001:000137F4       TDOFFlagExtractor.Create
 0001:00013840       TDOFFlagExtractor.Destroy
 0001:00013870       Finalization
 0001:000138A0       dofFlagExtractor
 0001:000139F0       TCompilerFlagExtractor.ExtractValues
 0001:00013B90       Finalization
 0001:00013BEC       dofCompilerFlags
 0001:00013C50       TTokenizer.Count
 0001:00013C5C       TTokenizer.create
 0001:00013CD0       TTokenizer.destroy
 0001:00013D00       TTokenizer.FindDelimeterPosition
 0001:00013D48       TTokenizer.GetToken
 0001:00013E50       TTokenizer.GetTokenItem
 0001:00013E9C       TTokenizer.Tokenize
 0001:00013F14       Finalization
 0001:00013F44       tokenizer
 0001:0001401C       TDirectoriesFlagExtractor.Create
 0001:00014070       TDirectoriesFlagExtractor.Destroy
 0001:000140B8       TDirectoriesFlagExtractor.ExtractValues
 0001:00014310       TElementExtractor.create
 0001:00014378       TElementExtractor.destroy
 0001:000143A0       TElementExtractor.elementsToList
 0001:000144A8       Finalization
 0001:000144F0       dofDirectoriesFlags
 0001:00014580       TLinkerFlagExtractor.ExtractValues
 0001:0001475C       Finalization
 0001:000147A4       dofLinkerFlags
 0001:0001487C       TWantCompileWriter.outputValueElementValues
 0001:000148A8       TWantCompileWriter.outputPathElementValues
 0001:000148D4       TWantCompileWriter.OutputElementValues
 0001:00014A30       TWantCompileWriter.AttributeElement
 0001:00014AC0       TWantCompileWriter.OutputTag
 0001:00014C00       TWantCompileWriter.WriteFile
 0001:00015314       TWantCompileWriter.Create
 0001:00015354       TWantCompileWriter.Destroy
 0001:0001537C       TTextfileoutput.Create
 0001:000153FC       TTextfileoutput.Destroy
 0001:00015430       TTextfileoutput.outputString
 0001:00015488       Finalization
 0001:000154B8       wantWriter
 0001:000154C0       outputStr
 0001:00015514       usage
 0001:00015544       CreateWantFile
 0001:00015754       Banner
 0001:0001578C       Finalization
 0001:00015884       dof2want
 0002:00000000       ExitCode
 0002:00000004       ErrorAddr
 0002:00000008       FileMode
 0002:0000000C       VarClearProc
 0002:00000010       VarAddRefProc
 0002:00000014       VarCopyProc
 0002:00000018       VarToLStrProc
 0002:0000001C       VarToWStrProc
 0002:00000020       Default8087CW
 0002:00000024       HeapAllocFlags
 0002:00000028       DebugHook
 0002:0000002C       JITEnable
 0002:00000030       NoErrMsg
 0002:00000034       DefaultTextLineBreakStyle
 0002:00000038       LibModuleList
 0002:0000003C       ModuleUnloadList
 0002:00000040       MemoryManager
 0002:0000004C       reMap
 0002:00000068       errCaption
 0002:00000070       runErrMsg
 0002:00000090       dig
 0002:000000A0       TlsIndex
 0002:000000A4       PtrToNil
 0002:000000A8       Module
 0002:000000C0       EmptyStr
 0002:000000C4       EmptyWideStr
 0002:000000C8       Win32Platform
 0002:000000CC       Win32MajorVersion
 0002:000000D0       Win32MinorVersion
 0002:000000D4       Win32BuildNumber
 0002:000000D8       Win32CSDVersion
 0002:000000DC       TwoDigitYearCenturyWindow
 0002:000000E0       MonthDays
 0002:00000110       LeadBytes
 0002:00000130       HexDisplayPrefix
 0002:00000134       GetDiskFreeSpaceEx
 0002:00000138       cSimpleBoolStrs
 0002:00000140       AccessMode
 0002:0000014C       ShareMode
 0002:00000160       FormatErrorStrs
 0002:00000168       FCon1E18
 0002:00000174       DCon10
 0002:00000178       CWNear
 0002:0000017C       FMSecsPerDay
 0002:00000180       IMSecsPerDay
 0002:00000184       Format
 0002:00000188       DefShortMonthNames
 0002:000001B8       DefLongMonthNames
 0002:000001E8       DefShortDayNames
 0002:00000204       DefLongDayNames
 0002:00000220       ErrorMap
 0002:00000258       ExceptMap
 0002:00000308       WesternGroups
 0002:0000030C       TerminateProcList
 0002:00000310       CResult
 0002:00000318       NullStrictConvert
 0002:0000031C       NullAsStringValue
 0002:00000320       BooleanToStringRule
 0002:00000324       CInvalidCustomVariantType
 0002:00000328       CText
 0002:0000037C       CRelationshipToBoolean
 0002:00000390       BooleanIdents
 0002:00000398       DotSep
 0002:0000039C       Convert
 0002:000003AC       Convert
 0002:0000041C       SyncList
 0002:00000420       VerboseFlagDescription
 0002:000004EC       Values
 0002:000004F4       NamesOfSections
 0002:00000500       DCCCompilerFlags
 0002:00000544       BoolToStr
 0002:0000054C       BoolToStr
 0002:00000554       BoolToStr
 0002:00001000       DispCallByIDProc
 0002:00001004       ExceptProc
 0002:00001008       ErrorProc
 0002:0000100C       ExceptClsProc
 0002:00001010       ExceptObjProc
 0002:00001014       RaiseExceptionProc
 0002:00001018       RTLUnwindProc
 0002:0000101C       ExceptionClass
 0002:00001020       AssertErrorProc
 0002:00001024       ExitProcessProc
 0002:00001028       AbstractErrorProc
 0002:0000102C       MainInstance
 0002:00001030       MainThreadID
 0002:00001034       IsLibrary
 0002:00001038       CmdShow
 0002:0000103C       CmdLine
 0002:00001040       ExitProc
 0002:00001044       IsConsole
 0002:00001045       IsMultiThread
 0002:00001046       Test8086
 0002:00001048       Input
 0002:00001214       Output
 0002:000013E0       ErrOutput
 0002:000015AC       AllocMemCount
 0002:000015B0       AllocMemSize
 0002:000015B4       .5
 0002:000015B8       DefaultUserCodePage
 0002:000015BC       initialized
 0002:000015C0       heapErrorCode
 0002:000015C4       heapLock
 0002:000015DC       blockDescBlockList
 0002:000015E0       blockDescFreeList
 0002:000015E4       spaceRoot
 0002:000015F4       decommittedRoot
 0002:00001604       avail
 0002:00001610       rover
 0002:00001614       remBytes
 0002:00001618       curAlloc
 0002:0000161C       smallTab
 0002:00001620       committedRoot
 0002:00001630       InitContext
 0002:0000165C       ModuleIsLib
 0002:0000165D       ModuleIsCpp
 0002:00001660       HInstance
 0002:00001664       .1
 0002:00001668       tlsBuffer
 0002:0000166C       .1
 0002:00001670       .3
 0002:00001674       .1
 0002:00001678       CurrencyString
 0002:0000167C       CurrencyFormat
 0002:0000167D       NegCurrFormat
 0002:0000167E       ThousandSeparator
 0002:0000167F       DecimalSeparator
 0002:00001680       CurrencyDecimals
 0002:00001681       DateSeparator
 0002:00001684       ShortDateFormat
 0002:00001688       LongDateFormat
 0002:0000168C       TimeSeparator
 0002:00001690       TimeAMString
 0002:00001694       TimePMString
 0002:00001698       ShortTimeFormat
 0002:0000169C       LongTimeFormat
 0002:000016A0       ShortMonthNames
 0002:000016D0       LongMonthNames
 0002:00001700       ShortDayNames
 0002:0000171C       LongDayNames
 0002:00001738       SysLocale
 0002:00001746       ListSeparator
 0002:00001748       EraNames
 0002:00001764       EraYearOffsets
 0002:00001780       TrueBoolStrs
 0002:00001784       FalseBoolStrs
 0002:00001788       .35
 0002:0000178C       OutOfMemory
 0002:00001790       InvalidPointer
 0002:00001794       FLanguages
 0002:00001798       .1
 0002:0000179C       VariantChangeTypeEx
 0002:000017A0       VarNeg
 0002:000017A4       VarNot
 0002:000017A8       VarAdd
 0002:000017AC       VarSub
 0002:000017B0       VarMul
 0002:000017B4       VarDiv
 0002:000017B8       VarIDiv
 0002:000017BC       VarMod
 0002:000017C0       VarAnd
 0002:000017C4       VarOr
 0002:000017C8       VarXor
 0002:000017CC       VarCmp
 0002:000017D0       VarI4FromStr
 0002:000017D4       VarR4FromStr
 0002:000017D8       VarR8FromStr
 0002:000017DC       VarDateFromStr
 0002:000017E0       VarCyFromStr
 0002:000017E4       VarBoolFromStr
 0002:000017E8       VarBstrFromCy
 0002:000017EC       VarBstrFromDate
 0002:000017F0       VarBstrFromBool
 0002:000017F4       .5
 0002:000017F8       EmptyParam
 0002:00001808       VarDispProc
 0002:0000180C       ClearAnyProc
 0002:00001810       ChangeAnyProc
 0002:00001814       RefAnyProc
 0002:00001818       .81
 0002:0000181C       LVarTypes
 0002:00001820       LVarTypeSync
 0002:00001838       .1
 0002:0000183C       .6
 0002:00001840       .3
 0002:00001844       GlobalNameSpace
 0002:00001848       SyncEvent
 0002:0000184C       .45
 0002:00001850       IntConstList
 0002:00001854       RegGroups
 0002:00001858       FindGlobalComponentProcs
 0002:0000185C       GlobalFixupList
 0002:00001860       ThreadLock
 0002:00001878       .2
 0002:0000187C       .8
 0002:00001880       .2
 0002:00001884       .2
 0002:00001888       .2
 0002:0000188C       .2
 0002:00001890       .3
 0002:00001894       .2
 0002:00001898       .2
 0002:0000189C       .2
 0002:000018A0       .3


Line numbers for dccFlags(dccflags.pas) segment .text

    70 0001:00012414    70 0001:0001241B

Line numbers for typ_dofReader(typ_dofReader.pas) segment .text

    47 0001:000134B8    47 0001:000134BF

Line numbers for const_dofReader(const_dofReader.pas) segment .text

    42 0001:00013540    42 0001:00013547

Line numbers for dofreader(dofreader.pas) segment .text

    71 0001:000135AC    72 0001:000135BE    73 0001:000135C3    74 0001:000135D2
    75 0001:000135E1    76 0001:00013601    79 0001:00013604    80 0001:0001360F
    81 0001:00013617    82 0001:0001361F    83 0001:00013627    84 0001:0001363E
    92 0001:00013644    93 0001:00013668    94 0001:0001366C    95 0001:00013674
    96 0001:00013682    97 0001:00013696    98 0001:0001369D    99 0001:000136A8
   100 0001:000136B5   103 0001:000136BB   104 0001:000136C3   105 0001:000136D0
   103 0001:000136D7   108 0001:000136EA   110 0001:000136F3   111 0001:000136F9
   112 0001:0001372A   115 0001:00013734   116 0001:00013735   117 0001:0001373A
   118 0001:00013753   120 0001:00013788   120 0001:0001378F

Line numbers for dofFlagExtractor(dofFlagExtractor.pas) segment .text

    59 0001:000137F4    60 0001:00013809    61 0001:00013812    62 0001:00013815
    63 0001:0001383B    66 0001:00013840    67 0001:0001384B    68 0001:00013853
    69 0001:0001386A    71 0001:000138A0    71 0001:000138A7

Line numbers for dofCompilerFlags(dofCompilerFlags.pas) segment .text

   102 0001:000139F0   103 0001:00013A0F   105 0001:00013A1A   106 0001:00013A26
   108 0001:00013A3C   109 0001:00013A52   110 0001:00013A5A   112 0001:00013A61
   113 0001:00013A6F   115 0001:00013A99   117 0001:00013A9E   106 0001:00013AA6
   118 0001:00013AAB   120 0001:00013ABA   122 0001:00013AD0   123 0001:00013ADE
   124 0001:00013AF4   125 0001:00013AFC   127 0001:00013B25   128 0001:00013B47
   130 0001:00013BEC   130 0001:00013BF3

Line numbers for tokenizer(tokenizer.pas) segment .text

    75 0001:00013C50    76 0001:00013C58    79 0001:00013C5C    80 0001:00013C6F
    81 0001:00013C80    82 0001:00013C8F    83 0001:00013CAA    86 0001:00013CD0
    87 0001:00013CDB    88 0001:00013CE3    89 0001:00013CFA    96 0001:00013D00
    97 0001:00013D14    98 0001:00013D16   101 0001:00013D1D   103 0001:00013D2C
   105 0001:00013D2E    99 0001:00013D2F   107 0001:00013D40   112 0001:00013D48
   113 0001:00013D66   119 0001:00013D76   120 0001:00013D87   122 0001:00013D8D
   123 0001:00013D94   124 0001:00013D96   117 0001:00013DA3   128 0001:00013DBD
   130 0001:00013DCB   132 0001:00013DDA   133 0001:00013DE1   134 0001:00013DE3
   137 0001:00013DED   139 0001:00013DF1   140 0001:00013DFA   141 0001:00013E01
   142 0001:00013E03   146 0001:00013E0D   147 0001:00013E1D   148 0001:00013E2B
   150 0001:00013E3C   152 0001:00013E45   155 0001:00013E50   156 0001:00013E5E
   157 0001:00013E6C   159 0001:00013E88   161 0001:00013E95   166 0001:00013E9C
   167 0001:00013EC3   170 0001:00013ECD   168 0001:00013ED8   172 0001:00013F0F
   174 0001:00013F44   174 0001:00013F4B

Line numbers for dofDirectoriesFlags(dofDirectoriesFlags.pas) segment .text

    78 0001:0001401C    79 0001:0001402E    80 0001:00014037    81 0001:00014046
    82 0001:0001406C    85 0001:00014070    86 0001:0001407B    87 0001:00014092
   107 0001:000140B8   108 0001:000140D7   109 0001:000140E3   110 0001:000140F1
   111 0001:00014107   112 0001:0001410D   114 0001:0001412F   116 0001:00014134
   117 0001:00014142   118 0001:00014158   119 0001:0001415E   121 0001:00014180
   124 0001:00014185   125 0001:00014194   126 0001:000141A2   127 0001:000141AD
   128 0001:000141BB   129 0001:000141D1   130 0001:000141DB   132 0001:000141F8
   133 0001:000141FD   134 0001:0001420B   135 0001:00014221   136 0001:0001422B
   138 0001:00014248   140 0001:0001425A   142 0001:00014287   147 0001:00014310
   148 0001:00014323   149 0001:0001432C   150 0001:00014354   153 0001:00014378
   154 0001:00014383   155 0001:0001439A   160 0001:000143A0   161 0001:000143C1
   163 0001:000143DB   165 0001:000143E3   166 0001:000143F5   165 0001:0001440E
   167 0001:0001442E   169 0001:000144F0   169 0001:000144F7

Line numbers for dofLinkerFlags(dofLinkerFlags.pas) segment .text

    69 0001:00014580    70 0001:0001459F    71 0001:000145AB    72 0001:000145B9
    73 0001:000145CF    74 0001:000145D7    75 0001:000145E6    76 0001:000145FD
    77 0001:00014614    78 0001:0001462B    81 0001:0001464F    82 0001:00014654
    83 0001:00014662    84 0001:00014678    85 0001:00014680    87 0001:000146A9
    88 0001:000146CB    90 0001:000147A4    90 0001:000147AB

Line numbers for wantWriter(wantWriter.pas) segment .text

    89 0001:0001487C    90 0001:00014885    91 0001:00014894    96 0001:000148A8
    97 0001:000148B1    98 0001:000148C0   105 0001:000148D4   106 0001:00014905
   107 0001:0001490D   108 0001:0001491B   110 0001:00014931   111 0001:0001493E
   112 0001:0001494B   113 0001:0001497D   108 0001:00014980   115 0001:0001499E
   116 0001:000149A0   118 0001:000149FD   121 0001:00014A30   122 0001:00014A5A
   123 0001:00014AA6   126 0001:00014AC0   127 0001:00014AF6   129 0001:00014AFC
   132 0001:00014B51   133 0001:00014B78   134 0001:00014BBA   156 0001:00014C00
   157 0001:00014C35   158 0001:00014C52   159 0001:00014C67   161 0001:00014C75
   162 0001:00014C86   163 0001:00014C94   164 0001:00014C9B   166 0001:00014CAC
   167 0001:00014CBD   168 0001:00014CCB   169 0001:00014CD2   170 0001:00014CE3
   171 0001:00014CF1   173 0001:00014CF8   175 0001:00014D02   176 0001:00014D0A
   177 0001:00014D1F   176 0001:00014D65   178 0001:00014D68   181 0001:00014DA3
   183 0001:00014DAB   184 0001:00014DB3   186 0001:00014DC8   188 0001:00014E0D
   184 0001:00014E0E   190 0001:00014E11   192 0001:00014E1B   198 0001:00014EB7
   200 0001:00014EBF   223 0001:0001506E   225 0001:00015089   228 0001:000150A6
   231 0001:000150C3   234 0001:000150E0   236 0001:00015120   239 0001:00015314
   240 0001:00015326   241 0001:0001532F   242 0001:0001534E   245 0001:00015354
   246 0001:0001535F   247 0001:00015376   252 0001:0001537C   253 0001:000153AB
   254 0001:000153B6   255 0001:000153F7   258 0001:000153FC   259 0001:00015407
   260 0001:00015414   261 0001:0001542B   264 0001:00015430   265 0001:00015450
   266 0001:00015482   268 0001:000154B8   268 0001:000154BF

Line numbers for dof2want(d:\development\delphi\want\dof2want\dof2want.dpr) segment .text

    42 0001:000154C0    43 0001:000154DD    44 0001:00015511    47 0001:00015514
    48 0001:0001551E    56 0001:00015544    57 0001:0001556A    58 0001:00015591
    59 0001:000155A0    60 0001:000155AE    61 0001:000155BC    62 0001:000155C7
    63 0001:000155D5    64 0001:000155F0    65 0001:000155FF    67 0001:00015618
    71 0001:0001564C    73 0001:00015686    77 0001:00015754    78 0001:0001575E
    79 0001:00015765    80 0001:00015884    81 0001:000158B5    82 0001:000158BA
    84 0001:000158C2    85 0001:000158CC    88 0001:000158D3    90 0001:000158EC
    91 0001:000158F6    95 0001:000158FD    97 0001:0001593F

Bound resource files

C:\DOCUME~1\ADMINI~1\LOCALS~1\Temp\dtfAB.tmp


Program entry point at 0001:00015884
